Archive member included to satisfy reference by file (symbol)

d:/gcc-arm-none-eabi-10.3-2021.10/bin/../lib/gcc/arm-none-eabi/10.3.1/thumb/v7e-m+fp/hard\libgcc.a(_arm_addsubdf3.o)
                              CMakeFiles/STM32H750XBH6_7_Cache_test.elf.dir/Core/Src/SD_use.c.obj (__aeabi_f2d)
d:/gcc-arm-none-eabi-10.3-2021.10/bin/../lib/gcc/arm-none-eabi/10.3.1/thumb/v7e-m+fp/hard\libgcc.a(_aeabi_uldivmod.o)
                              CMakeFiles/STM32H750XBH6_7_Cache_test.elf.dir/Drivers/STM32H7xx_HAL_Driver/Src/stm32h7xx_hal_uart.c.obj (__aeabi_uldivmod)
d:/gcc-arm-none-eabi-10.3-2021.10/bin/../lib/gcc/arm-none-eabi/10.3.1/thumb/v7e-m+fp/hard\libgcc.a(_udivmoddi4.o)
                              d:/gcc-arm-none-eabi-10.3-2021.10/bin/../lib/gcc/arm-none-eabi/10.3.1/thumb/v7e-m+fp/hard\libgcc.a(_aeabi_uldivmod.o) (__udivmoddi4)
d:/gcc-arm-none-eabi-10.3-2021.10/bin/../lib/gcc/arm-none-eabi/10.3.1/thumb/v7e-m+fp/hard\libgcc.a(_dvmd_tls.o)
                              d:/gcc-arm-none-eabi-10.3-2021.10/bin/../lib/gcc/arm-none-eabi/10.3.1/thumb/v7e-m+fp/hard\libgcc.a(_aeabi_uldivmod.o) (__aeabi_ldiv0)
d:/gcc-arm-none-eabi-10.3-2021.10/bin/../lib/gcc/arm-none-eabi/10.3.1/../../../../arm-none-eabi/lib/thumb/v7e-m+fp/hard\libg.a(lib_a-errno.o)
                              CMakeFiles/STM32H750XBH6_7_Cache_test.elf.dir/Core/Src/syscalls.c.obj (__errno)
d:/gcc-arm-none-eabi-10.3-2021.10/bin/../lib/gcc/arm-none-eabi/10.3.1/../../../../arm-none-eabi/lib/thumb/v7e-m+fp/hard\libg.a(lib_a-exit.o)
                              d:/gcc-arm-none-eabi-10.3-2021.10/bin/../lib/gcc/arm-none-eabi/10.3.1/../../../../arm-none-eabi/lib/thumb/v7e-m+fp/hard/crt0.o (exit)
d:/gcc-arm-none-eabi-10.3-2021.10/bin/../lib/gcc/arm-none-eabi/10.3.1/../../../../arm-none-eabi/lib/thumb/v7e-m+fp/hard\libg.a(lib_a-impure.o)
                              d:/gcc-arm-none-eabi-10.3-2021.10/bin/../lib/gcc/arm-none-eabi/10.3.1/../../../../arm-none-eabi/lib/thumb/v7e-m+fp/hard\libg.a(lib_a-exit.o) (_global_impure_ptr)
d:/gcc-arm-none-eabi-10.3-2021.10/bin/../lib/gcc/arm-none-eabi/10.3.1/../../../../arm-none-eabi/lib/thumb/v7e-m+fp/hard\libg.a(lib_a-init.o)
                              d:/gcc-arm-none-eabi-10.3-2021.10/bin/../lib/gcc/arm-none-eabi/10.3.1/../../../../arm-none-eabi/lib/thumb/v7e-m+fp/hard/crt0.o (__libc_init_array)
d:/gcc-arm-none-eabi-10.3-2021.10/bin/../lib/gcc/arm-none-eabi/10.3.1/../../../../arm-none-eabi/lib/thumb/v7e-m+fp/hard\libg.a(lib_a-memcpy.o)
                              CMakeFiles/STM32H750XBH6_7_Cache_test.elf.dir/FATFS/Target/sd_diskio.c.obj (memcpy)
d:/gcc-arm-none-eabi-10.3-2021.10/bin/../lib/gcc/arm-none-eabi/10.3.1/../../../../arm-none-eabi/lib/thumb/v7e-m+fp/hard\libg.a(lib_a-memset.o)
                              d:/gcc-arm-none-eabi-10.3-2021.10/bin/../lib/gcc/arm-none-eabi/10.3.1/../../../../arm-none-eabi/lib/thumb/v7e-m+fp/hard/crt0.o (memset)
d:/gcc-arm-none-eabi-10.3-2021.10/bin/../lib/gcc/arm-none-eabi/10.3.1/../../../../arm-none-eabi/lib/thumb/v7e-m+fp/hard\libg.a(lib_a-printf.o)
                              CMakeFiles/STM32H750XBH6_7_Cache_test.elf.dir/Core/Src/SD_use.c.obj (printf)
d:/gcc-arm-none-eabi-10.3-2021.10/bin/../lib/gcc/arm-none-eabi/10.3.1/../../../../arm-none-eabi/lib/thumb/v7e-m+fp/hard\libg.a(lib_a-puts.o)
                              CMakeFiles/STM32H750XBH6_7_Cache_test.elf.dir/Core/Src/SD_use.c.obj (puts)
d:/gcc-arm-none-eabi-10.3-2021.10/bin/../lib/gcc/arm-none-eabi/10.3.1/../../../../arm-none-eabi/lib/thumb/v7e-m+fp/hard\libg.a(lib_a-reent.o)
                              CMakeFiles/STM32H750XBH6_7_Cache_test.elf.dir/Middlewares/Third_Party/FreeRTOS/Source/tasks.c.obj (_reclaim_reent)
d:/gcc-arm-none-eabi-10.3-2021.10/bin/../lib/gcc/arm-none-eabi/10.3.1/../../../../arm-none-eabi/lib/thumb/v7e-m+fp/hard\libg.a(lib_a-strlen.o)
                              d:/gcc-arm-none-eabi-10.3-2021.10/bin/../lib/gcc/arm-none-eabi/10.3.1/../../../../arm-none-eabi/lib/thumb/v7e-m+fp/hard\libg.a(lib_a-puts.o) (strlen)
d:/gcc-arm-none-eabi-10.3-2021.10/bin/../lib/gcc/arm-none-eabi/10.3.1/../../../../arm-none-eabi/lib/thumb/v7e-m+fp/hard\libg.a(lib_a-vfprintf.o)
                              d:/gcc-arm-none-eabi-10.3-2021.10/bin/../lib/gcc/arm-none-eabi/10.3.1/../../../../arm-none-eabi/lib/thumb/v7e-m+fp/hard\libg.a(lib_a-printf.o) (_vfprintf_r)
d:/gcc-arm-none-eabi-10.3-2021.10/bin/../lib/gcc/arm-none-eabi/10.3.1/../../../../arm-none-eabi/lib/thumb/v7e-m+fp/hard\libg.a(lib_a-wsetup.o)
                              d:/gcc-arm-none-eabi-10.3-2021.10/bin/../lib/gcc/arm-none-eabi/10.3.1/../../../../arm-none-eabi/lib/thumb/v7e-m+fp/hard\libg.a(lib_a-vfprintf.o) (__swsetup_r)
d:/gcc-arm-none-eabi-10.3-2021.10/bin/../lib/gcc/arm-none-eabi/10.3.1/../../../../arm-none-eabi/lib/thumb/v7e-m+fp/hard\libg.a(lib_a-__call_atexit.o)
[...]
Memory Configuration

Name             Origin             Length             Attributes
FLASH            0x90000000         0x00800000         xr
DTCMRAM          0x20000000         0x00020000         xrw
RAM_D1           0x24000000         0x00080000         xrw
RAM_D2           0x30000000         0x00048000         xrw
RAM_D3           0x38000000         0x00010000         xrw
ITCMRAM          0x00000000         0x00010000         xrw
*default*        0x00000000         0xffffffff

Linker script and memory map

LOAD d:/gcc-arm-none-eabi-10.3-2021.10/bin/../lib/gcc/arm-none-eabi/10.3.1/thumb/v7e-m+fp/hard/crti.o
LOAD d:/gcc-arm-none-eabi-10.3-2021.10/bin/../lib/gcc/arm-none-eabi/10.3.1/thumb/v7e-m+fp/hard/crtbegin.o
LOAD d:/gcc-arm-none-eabi-10.3-2021.10/bin/../lib/gcc/arm-none-eabi/10.3.1/../../../../arm-none-eabi/lib/thumb/v7e-m+fp/hard/crt0.o
LOAD CMakeFiles/STM32H750XBH6_7_Cache_test.elf.dir/Core/Src/SD_use.c.obj
LOAD CMakeFiles/STM32H750XBH6_7_Cache_test.elf.dir/Core/Src/callback.c.obj
LOAD CMakeFiles/STM32H750XBH6_7_Cache_test.elf.dir/Core/Src/dma.c.obj
LOAD CMakeFiles/STM32H750XBH6_7_Cache_test.elf.dir/Core/Src/dma2d.c.obj
LOAD CMakeFiles/STM32H750XBH6_7_Cache_test.elf.dir/Core/Src/fmc.c.obj
LOAD CMakeFiles/STM32H750XBH6_7_Cache_test.elf.dir/Core/Src/freertos.c.obj
LOAD CMakeFiles/STM32H750XBH6_7_Cache_test.elf.dir/Core/Src/gpio.c.obj
LOAD CMakeFiles/STM32H750XBH6_7_Cache_test.elf.dir/Core/Src/i2c.c.obj
LOAD CMakeFiles/STM32H750XBH6_7_Cache_test.elf.dir/Core/Src/ltdc.c.obj
LOAD CMakeFiles/STM32H750XBH6_7_Cache_test.elf.dir/Core/Src/main.c.obj
LOAD CMakeFiles/STM32H750XBH6_7_Cache_test.elf.dir/Core/Src/sdmmc.c.obj
LOAD CMakeFiles/STM32H750XBH6_7_Cache_test.elf.dir/Core/Src/sdram_fmc_drv.c.obj
LOAD CMakeFiles/STM32H750XBH6_7_Cache_test.elf.dir/Core/Src/stm32h7xx_hal_msp.c.obj
LOAD CMakeFiles/STM32H750XBH6_7_Cache_test.elf.dir/Core/Src/stm32h7xx_hal_timebase_tim.c.obj
LOAD CMakeFiles/STM32H750XBH6_7_Cache_test.elf.dir/Core/Src/stm32h7xx_it.c.obj
LOAD CMakeFiles/STM32H750XBH6_7_Cache_test.elf.dir/Core/Src/syscalls.c.obj
LOAD CMakeFiles/STM32H750XBH6_7_Cache_test.elf.dir/Core/Src/sysmem.c.obj
LOAD CMakeFiles/STM32H750XBH6_7_Cache_test.elf.dir/Core/Src/system_stm32h7xx.c.obj
LOAD CMakeFiles/STM32H750XBH6_7_Cache_test.elf.dir/Core/Src/usart.c.obj
LOAD CMakeFiles/STM32H750XBH6_7_Cache_test.elf.dir/Core/Startup/startup_stm32h750xbhx.s.obj
LOAD CMakeFiles/STM32H750XBH6_7_Cache_test.elf.dir/Drivers/STM32H7xx_HAL_Driver/Src/stm32h7xx_hal.c.obj
LOAD CMakeFiles/STM32H750XBH6_7_Cache_test.elf.dir/Drivers/STM32H7xx_HAL_Driver/Src/stm32h7xx_hal_cortex.c.obj
LOAD CMakeFiles/STM32H750XBH6_7_Cache_test.elf.dir/Drivers/STM32H7xx_HAL_Driver/Src/stm32h7xx_hal_dma.c.obj
LOAD CMakeFiles/STM32H750XBH6_7_Cache_test.elf.dir/Drivers/STM32H7xx_HAL_Driver/Src/stm32h7xx_hal_dma2d.c.obj
LOAD CMakeFiles/STM32H750XBH6_7_Cache_test.elf.dir/Drivers/STM32H7xx_HAL_Driver/Src/stm32h7xx_hal_dma_ex.c.obj
LOAD CMakeFiles/STM32H750XBH6_7_Cache_test.elf.dir/Drivers/STM32H7xx_HAL_Driver/Src/stm32h7xx_hal_exti.c.obj
LOAD CMakeFiles/STM32H750XBH6_7_Cache_test.elf.dir/Drivers/STM32H7xx_HAL_Driver/Src/stm32h7xx_hal_flash.c.obj
LOAD CMakeFiles/STM32H750XBH6_7_Cache_test.elf.dir/Drivers/STM32H7xx_HAL_Driver/Src/stm32h7xx_hal_flash_ex.c.obj
LOAD CMakeFiles/STM32H750XBH6_7_Cache_test.elf.dir/Drivers/STM32H7xx_HAL_Driver/Src/stm32h7xx_hal_gpio.c.obj
LOAD CMakeFiles/STM32H750XBH6_7_Cache_test.elf.dir/Drivers/STM32H7xx_HAL_Driver/Src/stm32h7xx_hal_hsem.c.obj
LOAD CMakeFiles/STM32H750XBH6_7_Cache_test.elf.dir/Drivers/STM32H7xx_HAL_Driver/Src/stm32h7xx_hal_i2c.c.obj
LOAD CMakeFiles/STM32H750XBH6_7_Cache_test.elf.dir/Drivers/STM32H7xx_HAL_Driver/Src/stm32h7xx_hal_i2c_ex.c.obj
LOAD CMakeFiles/STM32H750XBH6_7_Cache_test.elf.dir/Drivers/STM32H7xx_HAL_Driver/Src/stm32h7xx_hal_ltdc.c.obj
LOAD CMakeFiles/STM32H750XBH6_7_Cache_test.elf.dir/Drivers/STM32H7xx_HAL_Driver/Src/stm32h7xx_hal_ltdc_ex.c.obj
LOAD CMakeFiles/STM32H750XBH6_7_Cache_test.elf.dir/Drivers/STM32H7xx_HAL_Driver/Src/stm32h7xx_hal_mdma.c.obj
LOAD CMakeFiles/STM32H750XBH6_7_Cache_test.elf.dir/Drivers/STM32H7xx_HAL_Driver/Src/stm32h7xx_hal_pwr.c.obj
LOAD CMakeFiles/STM32H750XBH6_7_Cache_test.elf.dir/Drivers/STM32H7xx_HAL_Driver/Src/stm32h7xx_hal_pwr_ex.c.obj
LOAD CMakeFiles/STM32H750XBH6_7_Cache_test.elf.dir/Drivers/STM32H7xx_HAL_Driver/Src/stm32h7xx_hal_rcc.c.obj
LOAD CMakeFiles/STM32H750XBH6_7_Cache_test.elf.dir/Drivers/STM32H7xx_HAL_Driver/Src/stm32h7xx_hal_rcc_ex.c.obj
LOAD CMakeFiles/STM32H750XBH6_7_Cache_test.elf.dir/Drivers/STM32H7xx_HAL_Driver/Src/stm32h7xx_hal_sd.c.obj
LOAD CMakeFiles/STM32H750XBH6_7_Cache_test.elf.dir/Drivers/STM32H7xx_HAL_Driver/Src/stm32h7xx_hal_sd_ex.c.obj
LOAD CMakeFiles/STM32H750XBH6_7_Cache_test.elf.dir/Drivers/STM32H7xx_HAL_Driver/Src/stm32h7xx_hal_sdram.c.obj
LOAD CMakeFiles/STM32H750XBH6_7_Cache_test.elf.dir/Drivers/STM32H7xx_HAL_Driver/Src/stm32h7xx_hal_tim.c.obj
LOAD CMakeFiles/STM32H750XBH6_7_Cache_test.elf.dir/Drivers/STM32H7xx_HAL_Driver/Src/stm32h7xx_hal_tim_ex.c.obj
LOAD CMakeFiles/STM32H750XBH6_7_Cache_test.elf.dir/Drivers/STM32H7xx_HAL_Driver/Src/stm32h7xx_hal_uart.c.obj
LOAD CMakeFiles/STM32H750XBH6_7_Cache_test.elf.dir/Drivers/STM32H7xx_HAL_Driver/Src/stm32h7xx_hal_uart_ex.c.obj
LOAD CMakeFiles/STM32H750XBH6_7_Cache_test.elf.dir/Drivers/STM32H7xx_HAL_Driver/Src/stm32h7xx_ll_delayblock.c.obj
LOAD CMakeFiles/STM32H750XBH6_7_Cache_test.elf.dir/Drivers/STM32H7xx_HAL_Driver/Src/stm32h7xx_ll_fmc.c.obj
LOAD CMakeFiles/STM32H750XBH6_7_Cache_test.elf.dir/Drivers/STM32H7xx_HAL_Driver/Src/stm32h7xx_ll_sdmmc.c.obj
LOAD CMakeFiles/STM32H750XBH6_7_Cache_test.elf.dir/Drivers/touch/touch.c.obj
LOAD CMakeFiles/STM32H750XBH6_7_Cache_test.elf.dir/FATFS/App/fatfs.c.obj
LOAD CMakeFiles/STM32H750XBH6_7_Cache_test.elf.dir/FATFS/Target/bsp_driver_sd.c.obj
LOAD CMakeFiles/STM32H750XBH6_7_Cache_test.elf.dir/FATFS/Target/sd_diskio.c.obj
LOAD CMakeFiles/STM32H750XBH6_7_Cache_test.elf.dir/Middlewares/Third_Party/FatFs/src/diskio.c.obj
LOAD CMakeFiles/STM32H750XBH6_7_Cache_test.elf.dir/Middlewares/Third_Party/FatFs/src/ff.c.obj
LOAD CMakeFiles/STM32H750XBH6_7_Cache_test.elf.dir/Middlewares/Third_Party/FatFs/src/ff_gen_drv.c.obj
LOAD CMakeFiles/STM32H750XBH6_7_Cache_test.elf.dir/Middlewares/Third_Party/FatFs/src/option/cc936.c.obj
LOAD CMakeFiles/STM32H750XBH6_7_Cache_test.elf.dir/Middlewares/Third_Party/FatFs/src/option/syscall.c.obj
LOAD CMakeFiles/STM32H750XBH6_7_Cache_test.elf.dir/Middlewares/Third_Party/FreeRTOS/Source/CMSIS_RTOS/cmsis_os.c.obj
LOAD CMakeFiles/STM32H750XBH6_7_Cache_test.elf.dir/Middlewares/Third_Party/FreeRTOS/Source/croutine.c.obj
LOAD CMakeFiles/STM32H750XBH6_7_Cache_test.elf.dir/Middlewares/Third_Party/FreeRTOS/Source/event_groups.c.obj
LOAD CMakeFiles/STM32H750XBH6_7_Cache_test.elf.dir/Middlewares/Third_Party/FreeRTOS/Source/list.c.obj
LOAD CMakeFiles/STM32H750XBH6_7_Cache_test.elf.dir/Middlewares/Third_Party/FreeRTOS/Source/portable/GCC/ARM_CM4F/port.c.obj
LOAD CMakeFiles/STM32H750XBH6_7_Cache_test.elf.dir/Middlewares/Third_Party/FreeRTOS/Source/portable/MemMang/heap_4.c.obj
LOAD CMakeFiles/STM32H750XBH6_7_Cache_test.elf.dir/Middlewares/Third_Party/FreeRTOS/Source/queue.c.obj
LOAD CMakeFiles/STM32H750XBH6_7_Cache_test.elf.dir/Middlewares/Third_Party/FreeRTOS/Source/stream_buffer.c.obj
LOAD CMakeFiles/STM32H750XBH6_7_Cache_test.elf.dir/Middlewares/Third_Party/FreeRTOS/Source/tasks.c.obj
LOAD CMakeFiles/STM32H750XBH6_7_Cache_test.elf.dir/Middlewares/Third_Party/FreeRTOS/Source/timers.c.obj
START GROUP
LOAD d:/gcc-arm-none-eabi-10.3-2021.10/bin/../lib/gcc/arm-none-eabi/10.3.1/thumb/v7e-m+fp/hard\libgcc.a
LOAD d:/gcc-arm-none-eabi-10.3-2021.10/bin/../lib/gcc/arm-none-eabi/10.3.1/../../../../arm-none-eabi/lib/thumb/v7e-m+fp/hard\libg.a
LOAD d:/gcc-arm-none-eabi-10.3-2021.10/bin/../lib/gcc/arm-none-eabi/10.3.1/../../../../arm-none-eabi/lib/thumb/v7e-m+fp/hard\libc.a
END GROUP
LOAD d:/gcc-arm-none-eabi-10.3-2021.10/bin/../lib/gcc/arm-none-eabi/10.3.1/thumb/v7e-m+fp/hard/crtend.o
LOAD d:/gcc-arm-none-eabi-10.3-2021.10/bin/../lib/gcc/arm-none-eabi/10.3.1/thumb/v7e-m+fp/hard/crtn.o
                0x24080000                _estack = (ORIGIN (RAM_D1) + LENGTH (RAM_D1))
                0x0000f000                _Min_Heap_Size = 0xf000
                0x0000f000                _Min_Stack_Size = 0xf000

.isr_vector     0x90000000      0x298
                0x90000000                . = ALIGN (0x4)
 *(.isr_vector)
 .isr_vector    0x90000000      0x298 CMakeFiles/STM32H750XBH6_7_Cache_test.elf.dir/Core/Startup/startup_stm32h750xbhx.s.obj
                0x90000000                g_pfnVectors
                0x90000298                . = ALIGN (0x4)

.text           0x900002c0    0x11a58
                0x900002c0                . = ALIGN (0x4)
 *(.text)
 .text          0x900002c0       0x40 d:/gcc-arm-none-eabi-10.3-2021.10/bin/../lib/gcc/arm-none-eabi/10.3.1/thumb/v7e-m+fp/hard/crtbegin.o
 .text          0x90000300      0x378 d:/gcc-arm-none-eabi-10.3-2021.10/bin/../lib/gcc/arm-none-eabi/10.3.1/thumb/v7e-m+fp/hard\libgcc.a(_arm_addsubdf3.o)
                0x90000300                __aeabi_drsub
                0x90000308                __aeabi_dsub
                0x90000308                __subdf3
                0x9000030c                __aeabi_dadd
                0x9000030c                __adddf3
                0x90000584                __floatunsidf
                0x90000584                __aeabi_ui2d
                0x900005a4                __floatsidf
                0x900005a4                __aeabi_i2d
                0x900005c8                __aeabi_f2d
                0x900005c8                __extendsfdf2
                0x9000060c                __floatundidf
                0x9000060c                __aeabi_ul2d
                0x9000061c                __floatdidf
                0x9000061c                __aeabi_l2d
 .text          0x90000678       0x30 d:/gcc-arm-none-eabi-10.3-2021.10/bin/../lib/gcc/arm-none-eabi/10.3.1/thumb/v7e-m+fp/hard\libgcc.a(_aeabi_uldivmod.o)
                0x90000678                __aeabi_uldivmod
 .text          0x900006a8      0x2d0 d:/gcc-arm-none-eabi-10.3-2021.10/bin/../lib/gcc/arm-none-eabi/10.3.1/thumb/v7e-m+fp/hard\libgcc.a(_udivmoddi4.o)
                0x900006a8                __udivmoddi4
 .text          0x90000978        0x4 d:/gcc-arm-none-eabi-10.3-2021.10/bin/../lib/gcc/arm-none-eabi/10.3.1/thumb/v7e-m+fp/hard\libgcc.a(_dvmd_tls.o)
                0x90000978                __aeabi_idiv0
                0x90000978                __aeabi_ldiv0
 .text          0x9000097c      0x134 d:/gcc-arm-none-eabi-10.3-2021.10/bin/../lib/gcc/arm-none-eabi/10.3.1/../../../../arm-none-eabi/lib/thumb/v7e-m+fp/hard\libg.a(lib_a-memcpy.o)
                0x9000097c                memcpy
 *fill*         0x90000ab0       0x10 
 .text          0x90000ac0       0xdc d:/gcc-arm-none-eabi-10.3-2021.10/bin/../lib/gcc/arm-none-eabi/10.3.1/../../../../arm-none-eabi/lib/thumb/v7e-m+fp/hard\libg.a(lib_a-strlen.o)
                0x90000ac0                strlen
 *fill*         0x90000b9c        0x4 
 .text          0x90000ba0       0xa0 d:/gcc-arm-none-eabi-10.3-2021.10/bin/../lib/gcc/arm-none-eabi/10.3.1/../../../../arm-none-eabi/lib/thumb/v7e-m+fp/hard\libg.a(lib_a-memchr.o)
                0x90000ba0                memchr
 .text          0x90000c40      0x424 d:/gcc-arm-none-eabi-10.3-2021.10/bin/../lib/gcc/arm-none-eabi/10.3.1/thumb/v7e-m+fp/hard\libgcc.a(_arm_muldivdf3.o)
                0x90000c40                __aeabi_dmul
                0x90000c40                __muldf3
                0x90000e94                __divdf3
                0x90000e94                __aeabi_ddiv
 .text          0x90001064      0x110 d:/gcc-arm-none-eabi-10.3-2021.10/bin/../lib/gcc/arm-none-eabi/10.3.1/thumb/v7e-m+fp/hard\libgcc.a(_arm_cmpdf2.o)
                0x90001064                __gtdf2
                0x90001064                __gedf2
                0x9000106c                __ltdf2
                0x9000106c                __ledf2
                0x90001074                __nedf2
                0x90001074                __eqdf2
                0x90001074                __cmpdf2
                0x900010f0                __aeabi_cdrcmple
                0x90001100                __aeabi_cdcmpeq
                0x90001100                __aeabi_cdcmple
                0x90001110                __aeabi_dcmpeq
                0x90001124                __aeabi_dcmplt
                0x90001138                __aeabi_dcmple
                0x9000114c                __aeabi_dcmpge
                0x90001160                __aeabi_dcmpgt
 .text          0x90001174       0x2c d:/gcc-arm-none-eabi-10.3-2021.10/bin/../lib/gcc/arm-none-eabi/10.3.1/thumb/v7e-m+fp/hard\libgcc.a(_arm_unorddf2.o)
                0x90001174                __unorddf2
                0x90001174                __aeabi_dcmpun
 .text          0x900011a0       0x50 d:/gcc-arm-none-eabi-10.3-2021.10/bin/../lib/gcc/arm-none-eabi/10.3.1/thumb/v7e-m+fp/hard\libgcc.a(_arm_fixdfsi.o)
                0x900011a0                __aeabi_d2iz
                0x900011a0                __fixdfsi
 *(.text*)
 .text.HAL_GPIO_EXTI_Callback
                0x900011f0       0x34 CMakeFiles/STM32H750XBH6_7_Cache_test.elf.dir/Core/Src/callback.c.obj
                0x900011f0                HAL_GPIO_EXTI_Callback
 .text.MX_DMA_Init
                0x90001224       0x48 CMakeFiles/STM32H750XBH6_7_Cache_test.elf.dir/Core/Src/dma.c.obj
                0x90001224                MX_DMA_Init
 .text.MX_DMA2D_Init
                0x9000126c       0x2c CMakeFiles/STM32H750XBH6_7_Cache_test.elf.dir/Core/Src/dma2d.c.obj
                0x9000126c                MX_DMA2D_Init
 .text.HAL_DMA2D_MspInit
                0x90001298       0x34 CMakeFiles/STM32H750XBH6_7_Cache_test.elf.dir/Core/Src/dma2d.c.obj
                0x90001298                HAL_DMA2D_MspInit
 .text.HAL_FMC_MspInit
                0x900012cc      0x108 CMakeFiles/STM32H750XBH6_7_Cache_test.elf.dir/Core/Src/fmc.c.obj
 .text.MX_FMC_Init
                0x900013d4       0x78 CMakeFiles/STM32H750XBH6_7_Cache_test.elf.dir/Core/Src/fmc.c.obj
                0x900013d4                MX_FMC_Init
 .text.HAL_SDRAM_MspInit
                0x9000144c        0x8 CMakeFiles/STM32H750XBH6_7_Cache_test.elf.dir/Core/Src/fmc.c.obj
                0x9000144c                HAL_SDRAM_MspInit
 .text.StartDefaultTask
                0x90001454        0xa CMakeFiles/STM32H750XBH6_7_Cache_test.elf.dir/Core/Src/freertos.c.obj
                0x90001454                StartDefaultTask
 .text.debug_thread
                0x9000145e        0xa CMakeFiles/STM32H750XBH6_7_Cache_test.elf.dir/Core/Src/freertos.c.obj
                0x9000145e                debug_thread
 .text.lvgl_thread
                0x90001468        0xa CMakeFiles/STM32H750XBH6_7_Cache_test.elf.dir/Core/Src/freertos.c.obj
                0x90001468                lvgl_thread
 .text.flie_thread
                0x90001472        0xa CMakeFiles/STM32H750XBH6_7_Cache_test.elf.dir/Core/Src/freertos.c.obj
                0x90001472                flie_thread
 .text.key_thread
                0x9000147c        0xa CMakeFiles/STM32H750XBH6_7_Cache_test.elf.dir/Core/Src/freertos.c.obj
                0x9000147c                key_thread
 *fill*         0x90001486        0x2 
 .text.led_thread
                0x90001488       0x34 CMakeFiles/STM32H750XBH6_7_Cache_test.elf.dir/Core/Src/freertos.c.obj
                0x90001488                led_thread
 .text.main_thread
                0x900014bc        0xa CMakeFiles/STM32H750XBH6_7_Cache_test.elf.dir/Core/Src/freertos.c.obj
                0x900014bc                main_thread
 *fill*         0x900014c6        0x2 
 .text.vApplicationGetIdleTaskMemory
                0x900014c8       0x18 CMakeFiles/STM32H750XBH6_7_Cache_test.elf.dir/Core/Src/freertos.c.obj
                0x900014c8                vApplicationGetIdleTaskMemory
 .text.MX_FREERTOS_Init
                0x900014e0      0x124 CMakeFiles/STM32H750XBH6_7_Cache_test.elf.dir/Core/Src/freertos.c.obj
                0x900014e0                MX_FREERTOS_Init
 .text.MX_GPIO_Init
                0x90001604      0x1fc CMakeFiles/STM32H750XBH6_7_Cache_test.elf.dir/Core/Src/gpio.c.obj
                0x90001604                MX_GPIO_Init
 .text.MX_I2C1_Init
                0x90001800       0x5c CMakeFiles/STM32H750XBH6_7_Cache_test.elf.dir/Core/Src/i2c.c.obj
                0x90001800                MX_I2C1_Init
 .text.MX_I2C4_Init
                0x9000185c       0x58 CMakeFiles/STM32H750XBH6_7_Cache_test.elf.dir/Core/Src/i2c.c.obj
                0x9000185c                MX_I2C4_Init
 .text.HAL_I2C_MspInit
                0x900018b4      0x10c CMakeFiles/STM32H750XBH6_7_Cache_test.elf.dir/Core/Src/i2c.c.obj
                0x900018b4                HAL_I2C_MspInit
 .text.MX_LTDC_Init
                0x900019c0       0xb4 CMakeFiles/STM32H750XBH6_7_Cache_test.elf.dir/Core/Src/ltdc.c.obj
                0x900019c0                MX_LTDC_Init
 .text.HAL_LTDC_MspInit
                0x90001a74      0x118 CMakeFiles/STM32H750XBH6_7_Cache_test.elf.dir/Core/Src/ltdc.c.obj
                0x90001a74                HAL_LTDC_MspInit
 .text.LTDC_Fill
                0x90001b8c       0x9c CMakeFiles/STM32H750XBH6_7_Cache_test.elf.dir/Core/Src/ltdc.c.obj
                0x90001b8c                LTDC_Fill
 .text.LTDC_Clear
                0x90001c28       0x1c CMakeFiles/STM32H750XBH6_7_Cache_test.elf.dir/Core/Src/ltdc.c.obj
                0x90001c28                LTDC_Clear
 .text.LTDC_ON  0x90001c44       0x14 CMakeFiles/STM32H750XBH6_7_Cache_test.elf.dir/Core/Src/ltdc.c.obj
                0x90001c44                LTDC_ON
 .text.LTDC_Init
                0x90001c58       0x34 CMakeFiles/STM32H750XBH6_7_Cache_test.elf.dir/Core/Src/ltdc.c.obj
                0x90001c58                LTDC_Init
 .text.MPU_Config
                0x90001c8c       0x94 CMakeFiles/STM32H750XBH6_7_Cache_test.elf.dir/Core/Src/main.c.obj
 .text.HAL_TIM_PeriodElapsedCallback
                0x90001d20       0x18 CMakeFiles/STM32H750XBH6_7_Cache_test.elf.dir/Core/Src/main.c.obj
                0x90001d20                HAL_TIM_PeriodElapsedCallback
 .text.Error_Handler
                0x90001d38        0x4 CMakeFiles/STM32H750XBH6_7_Cache_test.elf.dir/Core/Src/main.c.obj
                0x90001d38                Error_Handler
 .text.SystemClock_Config
                0x90001d3c      0x114 CMakeFiles/STM32H750XBH6_7_Cache_test.elf.dir/Core/Src/main.c.obj
                0x90001d3c                SystemClock_Config
 .text.main     0x90001e50      0x134 CMakeFiles/STM32H750XBH6_7_Cache_test.elf.dir/Core/Src/main.c.obj
                0x90001e50                main
 .text.MX_SDMMC1_SD_Init
                0x90001f84       0x28 CMakeFiles/STM32H750XBH6_7_Cache_test.elf.dir/Core/Src/sdmmc.c.obj
                0x90001f84                MX_SDMMC1_SD_Init
 .text.HAL_SD_MspInit
                0x90001fac      0x104 CMakeFiles/STM32H750XBH6_7_Cache_test.elf.dir/Core/Src/sdmmc.c.obj
                0x90001fac                HAL_SD_MspInit
 .text.SDRAM_SendCommand
                0x900020b0       0x38 CMakeFiles/STM32H750XBH6_7_Cache_test.elf.dir/Core/Src/sdram_fmc_drv.c.obj
 .text.SDRAM_Init
                0x900020e8       0x4c CMakeFiles/STM32H750XBH6_7_Cache_test.elf.dir/Core/Src/sdram_fmc_drv.c.obj
                0x900020e8                SDRAM_Init
 .text.HAL_MspInit
                0x90002134       0x34 CMakeFiles/STM32H750XBH6_7_Cache_test.elf.dir/Core/Src/stm32h7xx_hal_msp.c.obj
                0x90002134                HAL_MspInit
 .text.HAL_InitTick
                0x90002168       0x9c CMakeFiles/STM32H750XBH6_7_Cache_test.elf.dir/Core/Src/stm32h7xx_hal_timebase_tim.c.obj
                0x90002168                HAL_InitTick
 .text.NMI_Handler
                0x90002204        0x2 CMakeFiles/STM32H750XBH6_7_Cache_test.elf.dir/Core/Src/stm32h7xx_it.c.obj
                0x90002204                NMI_Handler
 .text.HardFault_Handler
                0x90002206        0x2 CMakeFiles/STM32H750XBH6_7_Cache_test.elf.dir/Core/Src/stm32h7xx_it.c.obj
                0x90002206                HardFault_Handler
 .text.MemManage_Handler
                0x90002208        0x2 CMakeFiles/STM32H750XBH6_7_Cache_test.elf.dir/Core/Src/stm32h7xx_it.c.obj
                0x90002208                MemManage_Handler
 .text.BusFault_Handler
                0x9000220a        0x2 CMakeFiles/STM32H750XBH6_7_Cache_test.elf.dir/Core/Src/stm32h7xx_it.c.obj
                0x9000220a                BusFault_Handler
 .text.UsageFault_Handler
                0x9000220c        0x2 CMakeFiles/STM32H750XBH6_7_Cache_test.elf.dir/Core/Src/stm32h7xx_it.c.obj
                0x9000220c                UsageFault_Handler
 .text.DebugMon_Handler
                0x9000220e        0x2 CMakeFiles/STM32H750XBH6_7_Cache_test.elf.dir/Core/Src/stm32h7xx_it.c.obj
                0x9000220e                DebugMon_Handler
 .text.EXTI4_IRQHandler
                0x90002210        0xa CMakeFiles/STM32H750XBH6_7_Cache_test.elf.dir/Core/Src/stm32h7xx_it.c.obj
                0x90002210                EXTI4_IRQHandler
 *fill*         0x9000221a        0x2 
 .text.DMA1_Stream0_IRQHandler
                0x9000221c       0x10 CMakeFiles/STM32H750XBH6_7_Cache_test.elf.dir/Core/Src/stm32h7xx_it.c.obj
                0x9000221c                DMA1_Stream0_IRQHandler
 .text.DMA1_Stream1_IRQHandler
                0x9000222c       0x10 CMakeFiles/STM32H750XBH6_7_Cache_test.elf.dir/Core/Src/stm32h7xx_it.c.obj
                0x9000222c                DMA1_Stream1_IRQHandler
 .text.EXTI15_10_IRQHandler
                0x9000223c        0xc CMakeFiles/STM32H750XBH6_7_Cache_test.elf.dir/Core/Src/stm32h7xx_it.c.obj
                0x9000223c                EXTI15_10_IRQHandler
 .text.SDMMC1_IRQHandler
                0x90002248       0x10 CMakeFiles/STM32H750XBH6_7_Cache_test.elf.dir/Core/Src/stm32h7xx_it.c.obj
                0x90002248                SDMMC1_IRQHandler
 .text.UART4_IRQHandler
                0x90002258       0x10 CMakeFiles/STM32H750XBH6_7_Cache_test.elf.dir/Core/Src/stm32h7xx_it.c.obj
                0x90002258                UART4_IRQHandler
 .text.TIM6_DAC_IRQHandler
                0x90002268       0x10 CMakeFiles/STM32H750XBH6_7_Cache_test.elf.dir/Core/Src/stm32h7xx_it.c.obj
                0x90002268                TIM6_DAC_IRQHandler
 .text._getpid  0x90002278        0x4 CMakeFiles/STM32H750XBH6_7_Cache_test.elf.dir/Core/Src/syscalls.c.obj
                0x90002278                _getpid
 .text._kill    0x9000227c       0x10 CMakeFiles/STM32H750XBH6_7_Cache_test.elf.dir/Core/Src/syscalls.c.obj
                0x9000227c                _kill
 .text._exit    0x9000228c        0xc CMakeFiles/STM32H750XBH6_7_Cache_test.elf.dir/Core/Src/syscalls.c.obj
                0x9000228c                _exit
 .text._read    0x90002298       0x20 CMakeFiles/STM32H750XBH6_7_Cache_test.elf.dir/Core/Src/syscalls.c.obj
                0x90002298                _read
 .text._write   0x900022b8       0x1c CMakeFiles/STM32H750XBH6_7_Cache_test.elf.dir/Core/Src/syscalls.c.obj
                0x900022b8                _write
 .text._close   0x900022d4        0x6 CMakeFiles/STM32H750XBH6_7_Cache_test.elf.dir/Core/Src/syscalls.c.obj
                0x900022d4                _close
 .text._fstat   0x900022da        0xa CMakeFiles/STM32H750XBH6_7_Cache_test.elf.dir/Core/Src/syscalls.c.obj
                0x900022da                _fstat
 .text._isatty  0x900022e4        0x4 CMakeFiles/STM32H750XBH6_7_Cache_test.elf.dir/Core/Src/syscalls.c.obj
                0x900022e4                _isatty
 .text._lseek   0x900022e8        0x4 CMakeFiles/STM32H750XBH6_7_Cache_test.elf.dir/Core/Src/syscalls.c.obj
                0x900022e8                _lseek
 .text._sbrk    0x900022ec       0x48 CMakeFiles/STM32H750XBH6_7_Cache_test.elf.dir/Core/Src/sysmem.c.obj
                0x900022ec                _sbrk
 .text.SystemInit
                0x90002334       0xd4 CMakeFiles/STM32H750XBH6_7_Cache_test.elf.dir/Core/Src/system_stm32h7xx.c.obj
                0x90002334                SystemInit
 .text.MX_UART4_Init
                0x90002408       0x68 CMakeFiles/STM32H750XBH6_7_Cache_test.elf.dir/Core/Src/usart.c.obj
                0x90002408                MX_UART4_Init
 .text.HAL_UART_MspInit
                0x90002470      0x150 CMakeFiles/STM32H750XBH6_7_Cache_test.elf.dir/Core/Src/usart.c.obj
                0x90002470                HAL_UART_MspInit
 .text.__io_putchar
                0x900025c0       0x20 CMakeFiles/STM32H750XBH6_7_Cache_test.elf.dir/Core/Src/usart.c.obj
                0x900025c0                __io_putchar
 .text.Reset_Handler
                0x900025e0       0x50 CMakeFiles/STM32H750XBH6_7_Cache_test.elf.dir/Core/Startup/startup_stm32h750xbhx.s.obj
                0x900025e0                Reset_Handler
 .text.Default_Handler
                0x90002630        0x2 CMakeFiles/STM32H750XBH6_7_Cache_test.elf.dir/Core/Startup/startup_stm32h750xbhx.s.obj
                0x90002630                RTC_Alarm_IRQHandler
                0x90002630                HASH_RNG_IRQHandler
                0x90002630                EXTI2_IRQHandler
                0x90002630                TIM8_CC_IRQHandler
                0x90002630                HRTIM1_Master_IRQHandler
                0x90002630                UART8_IRQHandler
                0x90002630                SPI4_IRQHandler
                0x90002630                TIM1_CC_IRQHandler
                0x90002630                BDMA_Channel6_IRQHandler
                0x90002630                DMA2_Stream5_IRQHandler
                0x90002630                HRTIM1_FLT_IRQHandler
                0x90002630                JPEG_IRQHandler
                0x90002630                DMA1_Stream5_IRQHandler
                0x90002630                BDMA_Channel1_IRQHandler
                0x90002630                HRTIM1_TIMD_IRQHandler
                0x90002630                TAMP_STAMP_IRQHandler
                0x90002630                EXTI3_IRQHandler
                0x90002630                LPTIM4_IRQHandler
                0x90002630                TIM8_TRG_COM_TIM14_IRQHandler
                0x90002630                LPTIM2_IRQHandler
                0x90002630                DFSDM1_FLT1_IRQHandler
                0x90002630                DMAMUX2_OVR_IRQHandler
                0x90002630                TIM8_UP_TIM13_IRQHandler
                0x90002630                I2C3_ER_IRQHandler
                0x90002630                DFSDM1_FLT2_IRQHandler
                0x90002630                MDMA_IRQHandler
                0x90002630                LPTIM3_IRQHandler
                0x90002630                HSEM1_IRQHandler
                0x90002630                EXTI0_IRQHandler
                0x90002630                I2C2_EV_IRQHandler
                0x90002630                DMA1_Stream2_IRQHandler
                0x90002630                FPU_IRQHandler
                0x90002630                OTG_HS_WKUP_IRQHandler
                0x90002630                FDCAN1_IT1_IRQHandler
                0x90002630                LTDC_ER_IRQHandler
                0x90002630                DMA2_Stream2_IRQHandler
                0x90002630                HRTIM1_TIME_IRQHandler
                0x90002630                SPI1_IRQHandler
                0x90002630                DCMI_IRQHandler
                0x90002630                HRTIM1_TIMC_IRQHandler
                0x90002630                DMA2_Stream3_IRQHandler
                0x90002630                SAI2_IRQHandler
                0x90002630                DFSDM1_FLT3_IRQHandler
                0x90002630                USART6_IRQHandler
                0x90002630                TIM17_IRQHandler
                0x90002630                USART3_IRQHandler
                0x90002630                BDMA_Channel7_IRQHandler
                0x90002630                CRYP_IRQHandler
                0x90002630                LPTIM5_IRQHandler
                0x90002630                UART5_IRQHandler
                0x90002630                ADC3_IRQHandler
                0x90002630                DMA2_Stream0_IRQHandler
                0x90002630                TIM4_IRQHandler
                0x90002630                BDMA_Channel2_IRQHandler
                0x90002630                QUADSPI_IRQHandler
                0x90002630                I2C1_EV_IRQHandler
                0x90002630                DMA1_Stream6_IRQHandler
                0x90002630                DMAMUX1_OVR_IRQHandler
                0x90002630                TIM16_IRQHandler
                0x90002630                BDMA_Channel5_IRQHandler
                0x90002630                TIM3_IRQHandler
                0x90002630                RCC_IRQHandler
                0x90002630                TIM8_BRK_TIM12_IRQHandler
                0x90002630                TIM1_TRG_COM_IRQHandler
                0x90002630                Default_Handler
                0x90002630                ECC_IRQHandler
                0x90002630                CEC_IRQHandler
                0x90002630                BDMA_Channel0_IRQHandler
                0x90002630                ADC_IRQHandler
                0x90002630                DMA1_Stream7_IRQHandler
                0x90002630                HRTIM1_TIMA_IRQHandler
                0x90002630                SPI5_IRQHandler
                0x90002630                TIM7_IRQHandler
                0x90002630                TIM5_IRQHandler
                0x90002630                DMA2_Stream7_IRQHandler
                0x90002630                TIM15_IRQHandler
                0x90002630                PVD_AVD_IRQHandler
                0x90002630                I2C3_EV_IRQHandler
                0x90002630                EXTI9_5_IRQHandler
                0x90002630                RTC_WKUP_IRQHandler
                0x90002630                LTDC_IRQHandler
                0x90002630                SAI3_IRQHandler
                0x90002630                ETH_WKUP_IRQHandler
                0x90002630                SPDIF_RX_IRQHandler
                0x90002630                SPI2_IRQHandler
                0x90002630                OTG_HS_EP1_IN_IRQHandler
                0x90002630                CRS_IRQHandler
                0x90002630                HRTIM1_TIMB_IRQHandler
                0x90002630                FDCAN2_IT1_IRQHandler
                0x90002630                ETH_IRQHandler
                0x90002630                TIM1_UP_IRQHandler
                0x90002630                BDMA_Channel4_IRQHandler
                0x90002630                OTG_HS_EP1_OUT_IRQHandler
                0x90002630                WWDG_IRQHandler
                0x90002630                SPI6_IRQHandler
                0x90002630                MDIOS_IRQHandler
                0x90002630                I2C4_EV_IRQHandler
                0x90002630                FDCAN2_IT0_IRQHandler
                0x90002630                LPUART1_IRQHandler
                0x90002630                FDCAN1_IT0_IRQHandler
                0x90002630                TIM2_IRQHandler
                0x90002630                OTG_FS_WKUP_IRQHandler
                0x90002630                OTG_HS_IRQHandler
                0x90002630                DMA2D_IRQHandler
                0x90002630                TIM1_BRK_IRQHandler
                0x90002630                EXTI1_IRQHandler
                0x90002630                SDMMC2_IRQHandler
                0x90002630                OTG_FS_EP1_OUT_IRQHandler
                0x90002630                BDMA_Channel3_IRQHandler
                0x90002630                UART7_IRQHandler
                0x90002630                MDIOS_WKUP_IRQHandler
                0x90002630                USART2_IRQHandler
                0x90002630                DFSDM1_FLT0_IRQHandler
                0x90002630                SAI4_IRQHandler
                0x90002630                I2C2_ER_IRQHandler
                0x90002630                DMA2_Stream1_IRQHandler
                0x90002630                FLASH_IRQHandler
                0x90002630                DMA2_Stream4_IRQHandler
                0x90002630                USART1_IRQHandler
                0x90002630                OTG_FS_IRQHandler
                0x90002630                SPI3_IRQHandler
                0x90002630                WAKEUP_PIN_IRQHandler
                0x90002630                DMA1_Stream4_IRQHandler
                0x90002630                OTG_FS_EP1_IN_IRQHandler
                0x90002630                I2C1_ER_IRQHandler
                0x90002630                FMC_IRQHandler
                0x90002630                FDCAN_CAL_IRQHandler
                0x90002630                SWPMI1_IRQHandler
                0x90002630                COMP1_IRQHandler
                0x90002630                LPTIM1_IRQHandler
                0x90002630                I2C4_ER_IRQHandler
                0x90002630                DMA2_Stream6_IRQHandler
                0x90002630                SAI1_IRQHandler
                0x90002630                DMA1_Stream3_IRQHandler
 *fill*         0x90002632        0x2 
 .text.HAL_Init
                0x90002634       0x5c CMakeFiles/STM32H750XBH6_7_Cache_test.elf.dir/Drivers/STM32H7xx_HAL_Driver/Src/stm32h7xx_hal.c.obj
                0x90002634                HAL_Init
 .text.HAL_IncTick
                0x90002690       0x18 CMakeFiles/STM32H750XBH6_7_Cache_test.elf.dir/Drivers/STM32H7xx_HAL_Driver/Src/stm32h7xx_hal.c.obj
                0x90002690                HAL_IncTick
 .text.HAL_GetTick
                0x900026a8        0xc CMakeFiles/STM32H750XBH6_7_Cache_test.elf.dir/Drivers/STM32H7xx_HAL_Driver/Src/stm32h7xx_hal.c.obj
                0x900026a8                HAL_GetTick
 .text.HAL_Delay
                0x900026b4       0x28 CMakeFiles/STM32H750XBH6_7_Cache_test.elf.dir/Drivers/STM32H7xx_HAL_Driver/Src/stm32h7xx_hal.c.obj
                0x900026b4                HAL_Delay
 .text.HAL_GetREVID
                0x900026dc        0xc CMakeFiles/STM32H750XBH6_7_Cache_test.elf.dir/Drivers/STM32H7xx_HAL_Driver/Src/stm32h7xx_hal.c.obj
                0x900026dc                HAL_GetREVID
 .text.HAL_NVIC_SetPriorityGrouping
                0x900026e8       0x24 CMakeFiles/STM32H750XBH6_7_Cache_test.elf.dir/Drivers/STM32H7xx_HAL_Driver/Src/stm32h7xx_hal_cortex.c.obj
                0x900026e8                HAL_NVIC_SetPriorityGrouping
 .text.HAL_NVIC_SetPriority
                0x9000270c       0x6c CMakeFiles/STM32H750XBH6_7_Cache_test.elf.dir/Drivers/STM32H7xx_HAL_Driver/Src/stm32h7xx_hal_cortex.c.obj
                0x9000270c                HAL_NVIC_SetPriority
 .text.HAL_NVIC_EnableIRQ
                0x90002778       0x1c CMakeFiles/STM32H750XBH6_7_Cache_test.elf.dir/Drivers/STM32H7xx_HAL_Driver/Src/stm32h7xx_hal_cortex.c.obj
                0x90002778                HAL_NVIC_EnableIRQ
 .text.HAL_MPU_Disable
                0x90002794       0x1c CMakeFiles/STM32H750XBH6_7_Cache_test.elf.dir/Drivers/STM32H7xx_HAL_Driver/Src/stm32h7xx_hal_cortex.c.obj
                0x90002794                HAL_MPU_Disable
 .text.HAL_MPU_Enable
                0x900027b0       0x20 CMakeFiles/STM32H750XBH6_7_Cache_test.elf.dir/Drivers/STM32H7xx_HAL_Driver/Src/stm32h7xx_hal_cortex.c.obj
                0x900027b0                HAL_MPU_Enable
 .text.HAL_MPU_ConfigRegion
                0x900027d0       0x58 CMakeFiles/STM32H750XBH6_7_Cache_test.elf.dir/Drivers/STM32H7xx_HAL_Driver/Src/stm32h7xx_hal_cortex.c.obj
                0x900027d0                HAL_MPU_ConfigRegion
 .text.DMA_CalcBaseAndBitshift
                0x90002828       0xb4 CMakeFiles/STM32H750XBH6_7_Cache_test.elf.dir/Drivers/STM32H7xx_HAL_Driver/Src/stm32h7xx_hal_dma.c.obj
 .text.DMA_CheckFifoParam
                0x900028dc       0x92 CMakeFiles/STM32H750XBH6_7_Cache_test.elf.dir/Drivers/STM32H7xx_HAL_Driver/Src/stm32h7xx_hal_dma.c.obj
 *fill*         0x9000296e        0x2 
 .text.DMA_CalcDMAMUXChannelBaseAndMask
                0x90002970       0xb0 CMakeFiles/STM32H750XBH6_7_Cache_test.elf.dir/Drivers/STM32H7xx_HAL_Driver/Src/stm32h7xx_hal_dma.c.obj
 .text.DMA_CalcDMAMUXRequestGenBaseAndMask
                0x90002a20       0x7c CMakeFiles/STM32H750XBH6_7_Cache_test.elf.dir/Drivers/STM32H7xx_HAL_Driver/Src/stm32h7xx_hal_dma.c.obj
 .text.HAL_DMA_Init
                0x90002a9c      0x3a4 CMakeFiles/STM32H750XBH6_7_Cache_test.elf.dir/Drivers/STM32H7xx_HAL_Driver/Src/stm32h7xx_hal_dma.c.obj
                0x90002a9c                HAL_DMA_Init
 .text.HAL_DMA_Abort
                0x90002e40      0x340 CMakeFiles/STM32H750XBH6_7_Cache_test.elf.dir/Drivers/STM32H7xx_HAL_Driver/Src/stm32h7xx_hal_dma.c.obj
                0x90002e40                HAL_DMA_Abort
 .text.HAL_DMA_Abort_IT
                0x90003180      0x270 CMakeFiles/STM32H750XBH6_7_Cache_test.elf.dir/Drivers/STM32H7xx_HAL_Driver/Src/stm32h7xx_hal_dma.c.obj
                0x90003180                HAL_DMA_Abort_IT
 .text.HAL_DMA_IRQHandler
                0x900033f0      0x738 CMakeFiles/STM32H750XBH6_7_Cache_test.elf.dir/Drivers/STM32H7xx_HAL_Driver/Src/stm32h7xx_hal_dma.c.obj
                0x900033f0                HAL_DMA_IRQHandler
 .text.HAL_DMA2D_Init
                0x90003b28       0x84 CMakeFiles/STM32H750XBH6_7_Cache_test.elf.dir/Drivers/STM32H7xx_HAL_Driver/Src/stm32h7xx_hal_dma2d.c.obj
                0x90003b28                HAL_DMA2D_Init
 .text.HAL_GPIO_Init
                0x90003bac      0x220 CMakeFiles/STM32H750XBH6_7_Cache_test.elf.dir/Drivers/STM32H7xx_HAL_Driver/Src/stm32h7xx_hal_gpio.c.obj
                0x90003bac                HAL_GPIO_Init
 .text.HAL_GPIO_ReadPin
                0x90003dcc        0xe CMakeFiles/STM32H750XBH6_7_Cache_test.elf.dir/Drivers/STM32H7xx_HAL_Driver/Src/stm32h7xx_hal_gpio.c.obj
                0x90003dcc                HAL_GPIO_ReadPin
 .text.HAL_GPIO_WritePin
                0x90003dda        0xc CMakeFiles/STM32H750XBH6_7_Cache_test.elf.dir/Drivers/STM32H7xx_HAL_Driver/Src/stm32h7xx_hal_gpio.c.obj
                0x90003dda                HAL_GPIO_WritePin
 .text.HAL_GPIO_EXTI_IRQHandler
                0x90003de6       0x1e CMakeFiles/STM32H750XBH6_7_Cache_test.elf.dir/Drivers/STM32H7xx_HAL_Driver/Src/stm32h7xx_hal_gpio.c.obj
                0x90003de6                HAL_GPIO_EXTI_IRQHandler
 .text.I2C_Flush_TXDR
                0x90003e04       0x22 CMakeFiles/STM32H750XBH6_7_Cache_test.elf.dir/Drivers/STM32H7xx_HAL_Driver/Src/stm32h7xx_hal_i2c.c.obj
 .text.I2C_TransferConfig
                0x90003e26       0x3c CMakeFiles/STM32H750XBH6_7_Cache_test.elf.dir/Drivers/STM32H7xx_HAL_Driver/Src/stm32h7xx_hal_i2c.c.obj
 .text.I2C_IsErrorOccurred
                0x90003e62      0x118 CMakeFiles/STM32H750XBH6_7_Cache_test.elf.dir/Drivers/STM32H7xx_HAL_Driver/Src/stm32h7xx_hal_i2c.c.obj
 .text.I2C_WaitOnTXISFlagUntilTimeout
                0x90003f7a       0x60 CMakeFiles/STM32H750XBH6_7_Cache_test.elf.dir/Drivers/STM32H7xx_HAL_Driver/Src/stm32h7xx_hal_i2c.c.obj
 .text.I2C_WaitOnFlagUntilTimeout
                0x90003fda       0x7c CMakeFiles/STM32H750XBH6_7_Cache_test.elf.dir/Drivers/STM32H7xx_HAL_Driver/Src/stm32h7xx_hal_i2c.c.obj
 *fill*         0x90004056        0x2 
 .text.I2C_RequestMemoryWrite
                0x90004058       0x7c CMakeFiles/STM32H750XBH6_7_Cache_test.elf.dir/Drivers/STM32H7xx_HAL_Driver/Src/stm32h7xx_hal_i2c.c.obj
 .text.I2C_RequestMemoryRead
                0x900040d4       0x78 CMakeFiles/STM32H750XBH6_7_Cache_test.elf.dir/Drivers/STM32H7xx_HAL_Driver/Src/stm32h7xx_hal_i2c.c.obj
 .text.I2C_WaitOnSTOPFlagUntilTimeout
                0x9000414c       0x5e CMakeFiles/STM32H750XBH6_7_Cache_test.elf.dir/Drivers/STM32H7xx_HAL_Driver/Src/stm32h7xx_hal_i2c.c.obj
 *fill*         0x900041aa        0x2 
 .text.HAL_I2C_Init
                0x900041ac       0xc8 CMakeFiles/STM32H750XBH6_7_Cache_test.elf.dir/Drivers/STM32H7xx_HAL_Driver/Src/stm32h7xx_hal_i2c.c.obj
                0x900041ac                HAL_I2C_Init
 .text.HAL_I2C_Mem_Write
                0x90004274      0x1aa CMakeFiles/STM32H750XBH6_7_Cache_test.elf.dir/Drivers/STM32H7xx_HAL_Driver/Src/stm32h7xx_hal_i2c.c.obj
                0x90004274                HAL_I2C_Mem_Write
 *fill*         0x9000441e        0x2 
 .text.HAL_I2C_Mem_Read
                0x90004420      0x1b0 CMakeFiles/STM32H750XBH6_7_Cache_test.elf.dir/Drivers/STM32H7xx_HAL_Driver/Src/stm32h7xx_hal_i2c.c.obj
                0x90004420                HAL_I2C_Mem_Read
 .text.HAL_I2CEx_ConfigAnalogFilter
                0x900045d0       0x5c CMakeFiles/STM32H750XBH6_7_Cache_test.elf.dir/Drivers/STM32H7xx_HAL_Driver/Src/stm32h7xx_hal_i2c_ex.c.obj
                0x900045d0                HAL_I2CEx_ConfigAnalogFilter
 .text.HAL_I2CEx_ConfigDigitalFilter
                0x9000462c       0x58 CMakeFiles/STM32H750XBH6_7_Cache_test.elf.dir/Drivers/STM32H7xx_HAL_Driver/Src/stm32h7xx_hal_i2c_ex.c.obj
                0x9000462c                HAL_I2CEx_ConfigDigitalFilter
 .text.LTDC_SetConfig
                0x90004684      0x1b8 CMakeFiles/STM32H750XBH6_7_Cache_test.elf.dir/Drivers/STM32H7xx_HAL_Driver/Src/stm32h7xx_hal_ltdc.c.obj
 .text.HAL_LTDC_Init
                0x9000483c       0xf4 CMakeFiles/STM32H750XBH6_7_Cache_test.elf.dir/Drivers/STM32H7xx_HAL_Driver/Src/stm32h7xx_hal_ltdc.c.obj
                0x9000483c                HAL_LTDC_Init
 .text.HAL_LTDC_ConfigLayer
                0x90004930       0x68 CMakeFiles/STM32H750XBH6_7_Cache_test.elf.dir/Drivers/STM32H7xx_HAL_Driver/Src/stm32h7xx_hal_ltdc.c.obj
                0x90004930                HAL_LTDC_ConfigLayer
 .text.HAL_LTDC_SetWindowSize
                0x90004998       0x56 CMakeFiles/STM32H750XBH6_7_Cache_test.elf.dir/Drivers/STM32H7xx_HAL_Driver/Src/stm32h7xx_hal_ltdc.c.obj
                0x90004998                HAL_LTDC_SetWindowSize
 .text.HAL_LTDC_SetWindowPosition
                0x900049ee       0x56 CMakeFiles/STM32H750XBH6_7_Cache_test.elf.dir/Drivers/STM32H7xx_HAL_Driver/Src/stm32h7xx_hal_ltdc.c.obj
                0x900049ee                HAL_LTDC_SetWindowPosition
 .text.HAL_PWREx_ConfigSupply
                0x90004a44       0x54 CMakeFiles/STM32H750XBH6_7_Cache_test.elf.dir/Drivers/STM32H7xx_HAL_Driver/Src/stm32h7xx_hal_pwr_ex.c.obj
                0x90004a44                HAL_PWREx_ConfigSupply
 .text.HAL_RCC_OscConfig
                0x90004a98      0x6b4 CMakeFiles/STM32H750XBH6_7_Cache_test.elf.dir/Drivers/STM32H7xx_HAL_Driver/Src/stm32h7xx_hal_rcc.c.obj
                0x90004a98                HAL_RCC_OscConfig
 .text.HAL_RCC_GetSysClockFreq
                0x9000514c      0x1f4 CMakeFiles/STM32H750XBH6_7_Cache_test.elf.dir/Drivers/STM32H7xx_HAL_Driver/Src/stm32h7xx_hal_rcc.c.obj
                0x9000514c                HAL_RCC_GetSysClockFreq
 .text.HAL_RCC_ClockConfig
                0x90005340      0x294 CMakeFiles/STM32H750XBH6_7_Cache_test.elf.dir/Drivers/STM32H7xx_HAL_Driver/Src/stm32h7xx_hal_rcc.c.obj
                0x90005340                HAL_RCC_ClockConfig
 .text.HAL_RCC_GetHCLKFreq
                0x900055d4       0x44 CMakeFiles/STM32H750XBH6_7_Cache_test.elf.dir/Drivers/STM32H7xx_HAL_Driver/Src/stm32h7xx_hal_rcc.c.obj
                0x900055d4                HAL_RCC_GetHCLKFreq
 .text.HAL_RCC_GetPCLK1Freq
                0x90005618       0x24 CMakeFiles/STM32H750XBH6_7_Cache_test.elf.dir/Drivers/STM32H7xx_HAL_Driver/Src/stm32h7xx_hal_rcc.c.obj
                0x90005618                HAL_RCC_GetPCLK1Freq
 .text.HAL_RCC_GetPCLK2Freq
                0x9000563c       0x24 CMakeFiles/STM32H750XBH6_7_Cache_test.elf.dir/Drivers/STM32H7xx_HAL_Driver/Src/stm32h7xx_hal_rcc.c.obj
                0x9000563c                HAL_RCC_GetPCLK2Freq
 .text.HAL_RCC_GetClockConfig
                0x90005660       0x54 CMakeFiles/STM32H750XBH6_7_Cache_test.elf.dir/Drivers/STM32H7xx_HAL_Driver/Src/stm32h7xx_hal_rcc.c.obj
                0x90005660                HAL_RCC_GetClockConfig
 .text.RCCEx_PLL2_Config
                0x900056b4      0x10c CMakeFiles/STM32H750XBH6_7_Cache_test.elf.dir/Drivers/STM32H7xx_HAL_Driver/Src/stm32h7xx_hal_rcc_ex.c.obj
 .text.RCCEx_PLL3_Config
                0x900057c0      0x10c CMakeFiles/STM32H750XBH6_7_Cache_test.elf.dir/Drivers/STM32H7xx_HAL_Driver/Src/stm32h7xx_hal_rcc_ex.c.obj
 .text.HAL_RCCEx_PeriphCLKConfig
                0x900058cc      0xa8c CMakeFiles/STM32H750XBH6_7_Cache_test.elf.dir/Drivers/STM32H7xx_HAL_Driver/Src/stm32h7xx_hal_rcc_ex.c.obj
                0x900058cc                HAL_RCCEx_PeriphCLKConfig
 .text.HAL_RCCEx_GetD3PCLK1Freq
                0x90006358       0x24 CMakeFiles/STM32H750XBH6_7_Cache_test.elf.dir/Drivers/STM32H7xx_HAL_Driver/Src/stm32h7xx_hal_rcc_ex.c.obj
                0x90006358                HAL_RCCEx_GetD3PCLK1Freq
 .text.HAL_RCCEx_GetPLL2ClockFreq
                0x9000637c      0x1f8 CMakeFiles/STM32H750XBH6_7_Cache_test.elf.dir/Drivers/STM32H7xx_HAL_Driver/Src/stm32h7xx_hal_rcc_ex.c.obj
                0x9000637c                HAL_RCCEx_GetPLL2ClockFreq
 .text.HAL_RCCEx_GetPLL3ClockFreq
                0x90006574      0x1f8 CMakeFiles/STM32H750XBH6_7_Cache_test.elf.dir/Drivers/STM32H7xx_HAL_Driver/Src/stm32h7xx_hal_rcc_ex.c.obj
                0x90006574                HAL_RCCEx_GetPLL3ClockFreq
 .text.HAL_RCCEx_GetPLL1ClockFreq
                0x9000676c      0x1f8 CMakeFiles/STM32H750XBH6_7_Cache_test.elf.dir/Drivers/STM32H7xx_HAL_Driver/Src/stm32h7xx_hal_rcc_ex.c.obj
                0x9000676c                HAL_RCCEx_GetPLL1ClockFreq
 .text.HAL_RCCEx_GetPeriphCLKFreq
                0x90006964      0x6d0 CMakeFiles/STM32H750XBH6_7_Cache_test.elf.dir/Drivers/STM32H7xx_HAL_Driver/Src/stm32h7xx_hal_rcc_ex.c.obj
                0x90006964                HAL_RCCEx_GetPeriphCLKFreq
 .text.SD_PowerON
                0x90007034       0xc4 CMakeFiles/STM32H750XBH6_7_Cache_test.elf.dir/Drivers/STM32H7xx_HAL_Driver/Src/stm32h7xx_hal_sd.c.obj
 .text.SD_Read_IT
                0x900070f8       0x3c CMakeFiles/STM32H750XBH6_7_Cache_test.elf.dir/Drivers/STM32H7xx_HAL_Driver/Src/stm32h7xx_hal_sd.c.obj
 .text.SD_Write_IT
                0x90007134       0x4c CMakeFiles/STM32H750XBH6_7_Cache_test.elf.dir/Drivers/STM32H7xx_HAL_Driver/Src/stm32h7xx_hal_sd.c.obj
 .text.SD_SendSDStatus
                0x90007180      0x108 CMakeFiles/STM32H750XBH6_7_Cache_test.elf.dir/Drivers/STM32H7xx_HAL_Driver/Src/stm32h7xx_hal_sd.c.obj
 .text.SD_FindSCR
                0x90007288      0x108 CMakeFiles/STM32H750XBH6_7_Cache_test.elf.dir/Drivers/STM32H7xx_HAL_Driver/Src/stm32h7xx_hal_sd.c.obj
 .text.SD_WideBus_Enable
                0x90007390       0x4e CMakeFiles/STM32H750XBH6_7_Cache_test.elf.dir/Drivers/STM32H7xx_HAL_Driver/Src/stm32h7xx_hal_sd.c.obj
 .text.SD_WideBus_Disable
                0x900073de       0x4e CMakeFiles/STM32H750XBH6_7_Cache_test.elf.dir/Drivers/STM32H7xx_HAL_Driver/Src/stm32h7xx_hal_sd.c.obj
 .text.SD_SendStatus
                0x9000742c       0x2c CMakeFiles/STM32H750XBH6_7_Cache_test.elf.dir/Drivers/STM32H7xx_HAL_Driver/Src/stm32h7xx_hal_sd.c.obj
 .text.HAL_SD_ReadBlocks_DMA
                0x90007458       0xe0 CMakeFiles/STM32H750XBH6_7_Cache_test.elf.dir/Drivers/STM32H7xx_HAL_Driver/Src/stm32h7xx_hal_sd.c.obj
                0x90007458                HAL_SD_ReadBlocks_DMA
 .text.HAL_SD_WriteBlocks_DMA
                0x90007538       0xe0 CMakeFiles/STM32H750XBH6_7_Cache_test.elf.dir/Drivers/STM32H7xx_HAL_Driver/Src/stm32h7xx_hal_sd.c.obj
                0x90007538                HAL_SD_WriteBlocks_DMA
 .text.HAL_SD_ErrorCallback
                0x90007618        0x2 CMakeFiles/STM32H750XBH6_7_Cache_test.elf.dir/Drivers/STM32H7xx_HAL_Driver/Src/stm32h7xx_hal_sd.c.obj
                0x90007618                HAL_SD_ErrorCallback
 *fill*         0x9000761a        0x2 
 .text.HAL_SD_GetCardCSD
                0x9000761c      0x1b8 CMakeFiles/STM32H750XBH6_7_Cache_test.elf.dir/Drivers/STM32H7xx_HAL_Driver/Src/stm32h7xx_hal_sd.c.obj
                0x9000761c                HAL_SD_GetCardCSD
 .text.SD_InitCard
                0x900077d4       0xfc CMakeFiles/STM32H750XBH6_7_Cache_test.elf.dir/Drivers/STM32H7xx_HAL_Driver/Src/stm32h7xx_hal_sd.c.obj
 .text.HAL_SD_InitCard
                0x900078d0       0xcc CMakeFiles/STM32H750XBH6_7_Cache_test.elf.dir/Drivers/STM32H7xx_HAL_Driver/Src/stm32h7xx_hal_sd.c.obj
                0x900078d0                HAL_SD_InitCard
 .text.HAL_SD_GetCardStatus
                0x9000799c       0xd0 CMakeFiles/STM32H750XBH6_7_Cache_test.elf.dir/Drivers/STM32H7xx_HAL_Driver/Src/stm32h7xx_hal_sd.c.obj
                0x9000799c                HAL_SD_GetCardStatus
 .text.HAL_SD_GetCardInfo
                0x90007a6c       0x24 CMakeFiles/STM32H750XBH6_7_Cache_test.elf.dir/Drivers/STM32H7xx_HAL_Driver/Src/stm32h7xx_hal_sd.c.obj
                0x90007a6c                HAL_SD_GetCardInfo
 .text.HAL_SD_ConfigWideBusOperation
                0x90007a90      0x158 CMakeFiles/STM32H750XBH6_7_Cache_test.elf.dir/Drivers/STM32H7xx_HAL_Driver/Src/stm32h7xx_hal_sd.c.obj
                0x90007a90                HAL_SD_ConfigWideBusOperation
 .text.HAL_SD_GetCardState
                0x90007be8       0x22 CMakeFiles/STM32H750XBH6_7_Cache_test.elf.dir/Drivers/STM32H7xx_HAL_Driver/Src/stm32h7xx_hal_sd.c.obj
                0x90007be8                HAL_SD_GetCardState
 .text.HAL_SD_Init
                0x90007c0a       0xba CMakeFiles/STM32H750XBH6_7_Cache_test.elf.dir/Drivers/STM32H7xx_HAL_Driver/Src/stm32h7xx_hal_sd.c.obj
                0x90007c0a                HAL_SD_Init
 .text.HAL_SDEx_Read_DMADoubleBuf0CpltCallback
                0x90007cc4        0x2 CMakeFiles/STM32H750XBH6_7_Cache_test.elf.dir/Drivers/STM32H7xx_HAL_Driver/Src/stm32h7xx_hal_sd.c.obj
                0x90007cc4                HAL_SDEx_Read_DMADoubleBuf0CpltCallback
 .text.HAL_SDEx_Read_DMADoubleBuf1CpltCallback
                0x90007cc6        0x2 CMakeFiles/STM32H750XBH6_7_Cache_test.elf.dir/Drivers/STM32H7xx_HAL_Driver/Src/stm32h7xx_hal_sd.c.obj
                0x90007cc6                HAL_SDEx_Read_DMADoubleBuf1CpltCallback
 .text.HAL_SDEx_Write_DMADoubleBuf0CpltCallback
                0x90007cc8        0x2 CMakeFiles/STM32H750XBH6_7_Cache_test.elf.dir/Drivers/STM32H7xx_HAL_Driver/Src/stm32h7xx_hal_sd.c.obj
                0x90007cc8                HAL_SDEx_Write_DMADoubleBuf0CpltCallback
 .text.HAL_SDEx_Write_DMADoubleBuf1CpltCallback
                0x90007cca        0x2 CMakeFiles/STM32H750XBH6_7_Cache_test.elf.dir/Drivers/STM32H7xx_HAL_Driver/Src/stm32h7xx_hal_sd.c.obj
                0x90007cca                HAL_SDEx_Write_DMADoubleBuf1CpltCallback
 .text.HAL_SD_IRQHandler
                0x90007ccc      0x22c CMakeFiles/STM32H750XBH6_7_Cache_test.elf.dir/Drivers/STM32H7xx_HAL_Driver/Src/stm32h7xx_hal_sd.c.obj
                0x90007ccc                HAL_SD_IRQHandler
 .text.HAL_SDRAM_Init
                0x90007ef8       0x50 CMakeFiles/STM32H750XBH6_7_Cache_test.elf.dir/Drivers/STM32H7xx_HAL_Driver/Src/stm32h7xx_hal_sdram.c.obj
                0x90007ef8                HAL_SDRAM_Init
 .text.HAL_SDRAM_SendCommand
                0x90007f48       0x42 CMakeFiles/STM32H750XBH6_7_Cache_test.elf.dir/Drivers/STM32H7xx_HAL_Driver/Src/stm32h7xx_hal_sdram.c.obj
                0x90007f48                HAL_SDRAM_SendCommand
 .text.HAL_SDRAM_ProgramRefreshRate
                0x90007f8a       0x32 CMakeFiles/STM32H750XBH6_7_Cache_test.elf.dir/Drivers/STM32H7xx_HAL_Driver/Src/stm32h7xx_hal_sdram.c.obj
                0x90007f8a                HAL_SDRAM_ProgramRefreshRate
 .text.HAL_TIM_Base_MspInit
                0x90007fbc        0x2 CMakeFiles/STM32H750XBH6_7_Cache_test.elf.dir/Drivers/STM32H7xx_HAL_Driver/Src/stm32h7xx_hal_tim.c.obj
                0x90007fbc                HAL_TIM_Base_MspInit
 *fill*         0x90007fbe        0x2 
 .text.HAL_TIM_Base_Start_IT
                0x90007fc0       0x90 CMakeFiles/STM32H750XBH6_7_Cache_test.elf.dir/Drivers/STM32H7xx_HAL_Driver/Src/stm32h7xx_hal_tim.c.obj
                0x90007fc0                HAL_TIM_Base_Start_IT
 .text.HAL_TIM_OC_DelayElapsedCallback
                0x90008050        0x2 CMakeFiles/STM32H750XBH6_7_Cache_test.elf.dir/Drivers/STM32H7xx_HAL_Driver/Src/stm32h7xx_hal_tim.c.obj
                0x90008050                HAL_TIM_OC_DelayElapsedCallback
 .text.HAL_TIM_IC_CaptureCallback
                0x90008052        0x2 CMakeFiles/STM32H750XBH6_7_Cache_test.elf.dir/Drivers/STM32H7xx_HAL_Driver/Src/stm32h7xx_hal_tim.c.obj
                0x90008052                HAL_TIM_IC_CaptureCallback
 .text.HAL_TIM_PWM_PulseFinishedCallback
                0x90008054        0x2 CMakeFiles/STM32H750XBH6_7_Cache_test.elf.dir/Drivers/STM32H7xx_HAL_Driver/Src/stm32h7xx_hal_tim.c.obj
                0x90008054                HAL_TIM_PWM_PulseFinishedCallback
 .text.HAL_TIM_TriggerCallback
                0x90008056        0x2 CMakeFiles/STM32H750XBH6_7_Cache_test.elf.dir/Drivers/STM32H7xx_HAL_Driver/Src/stm32h7xx_hal_tim.c.obj
                0x90008056                HAL_TIM_TriggerCallback
 .text.HAL_TIM_IRQHandler
                0x90008058      0x17a CMakeFiles/STM32H750XBH6_7_Cache_test.elf.dir/Drivers/STM32H7xx_HAL_Driver/Src/stm32h7xx_hal_tim.c.obj
                0x90008058                HAL_TIM_IRQHandler
 *fill*         0x900081d2        0x2 
 .text.TIM_Base_SetConfig
                0x900081d4      0x114 CMakeFiles/STM32H750XBH6_7_Cache_test.elf.dir/Drivers/STM32H7xx_HAL_Driver/Src/stm32h7xx_hal_tim.c.obj
                0x900081d4                TIM_Base_SetConfig
 .text.HAL_TIM_Base_Init
                0x900082e8       0x60 CMakeFiles/STM32H750XBH6_7_Cache_test.elf.dir/Drivers/STM32H7xx_HAL_Driver/Src/stm32h7xx_hal_tim.c.obj
                0x900082e8                HAL_TIM_Base_Init
 .text.HAL_TIMEx_CommutCallback
                0x90008348        0x2 CMakeFiles/STM32H750XBH6_7_Cache_test.elf.dir/Drivers/STM32H7xx_HAL_Driver/Src/stm32h7xx_hal_tim_ex.c.obj
                0x90008348                HAL_TIMEx_CommutCallback
 .text.HAL_TIMEx_BreakCallback
                0x9000834a        0x2 CMakeFiles/STM32H750XBH6_7_Cache_test.elf.dir/Drivers/STM32H7xx_HAL_Driver/Src/stm32h7xx_hal_tim_ex.c.obj
                0x9000834a                HAL_TIMEx_BreakCallback
 .text.HAL_TIMEx_Break2Callback
                0x9000834c        0x2 CMakeFiles/STM32H750XBH6_7_Cache_test.elf.dir/Drivers/STM32H7xx_HAL_Driver/Src/stm32h7xx_hal_tim_ex.c.obj
                0x9000834c                HAL_TIMEx_Break2Callback
 *fill*         0x9000834e        0x2 
 .text.UART_EndRxTransfer
                0x90008350       0x58 CMakeFiles/STM32H750XBH6_7_Cache_test.elf.dir/Drivers/STM32H7xx_HAL_Driver/Src/stm32h7xx_hal_uart.c.obj
 .text.HAL_UART_TxCpltCallback
                0x900083a8        0x2 CMakeFiles/STM32H750XBH6_7_Cache_test.elf.dir/Drivers/STM32H7xx_HAL_Driver/Src/stm32h7xx_hal_uart.c.obj
                0x900083a8                HAL_UART_TxCpltCallback
 .text.UART_EndTransmit_IT
                0x900083aa       0x24 CMakeFiles/STM32H750XBH6_7_Cache_test.elf.dir/Drivers/STM32H7xx_HAL_Driver/Src/stm32h7xx_hal_uart.c.obj
 .text.HAL_UART_ErrorCallback
                0x900083ce        0x2 CMakeFiles/STM32H750XBH6_7_Cache_test.elf.dir/Drivers/STM32H7xx_HAL_Driver/Src/stm32h7xx_hal_uart.c.obj
                0x900083ce                HAL_UART_ErrorCallback
 .text.UART_DMAAbortOnError
                0x900083d0       0x14 CMakeFiles/STM32H750XBH6_7_Cache_test.elf.dir/Drivers/STM32H7xx_HAL_Driver/Src/stm32h7xx_hal_uart.c.obj
 .text.HAL_UARTEx_RxEventCallback
                0x900083e4        0x2 CMakeFiles/STM32H750XBH6_7_Cache_test.elf.dir/Drivers/STM32H7xx_HAL_Driver/Src/stm32h7xx_hal_uart.c.obj
                0x900083e4                HAL_UARTEx_RxEventCallback
 *fill*         0x900083e6        0x2 
 .text.HAL_UART_IRQHandler
                0x900083e8      0x3b8 CMakeFiles/STM32H750XBH6_7_Cache_test.elf.dir/Drivers/STM32H7xx_HAL_Driver/Src/stm32h7xx_hal_uart.c.obj
                0x900083e8                HAL_UART_IRQHandler
 .text.UART_SetConfig
                0x900087a0      0x5f4 CMakeFiles/STM32H750XBH6_7_Cache_test.elf.dir/Drivers/STM32H7xx_HAL_Driver/Src/stm32h7xx_hal_uart.c.obj
                0x900087a0                UART_SetConfig
 .text.UART_AdvFeatureConfig
                0x90008d94       0xca CMakeFiles/STM32H750XBH6_7_Cache_test.elf.dir/Drivers/STM32H7xx_HAL_Driver/Src/stm32h7xx_hal_uart.c.obj
                0x90008d94                UART_AdvFeatureConfig
 .text.UART_WaitOnFlagUntilTimeout
                0x90008e5e       0xaa CMakeFiles/STM32H750XBH6_7_Cache_test.elf.dir/Drivers/STM32H7xx_HAL_Driver/Src/stm32h7xx_hal_uart.c.obj
                0x90008e5e                UART_WaitOnFlagUntilTimeout
 .text.HAL_UART_Transmit
                0x90008f08       0xd0 CMakeFiles/STM32H750XBH6_7_Cache_test.elf.dir/Drivers/STM32H7xx_HAL_Driver/Src/stm32h7xx_hal_uart.c.obj
                0x90008f08                HAL_UART_Transmit
 .text.UART_CheckIdleState
                0x90008fd8       0xca CMakeFiles/STM32H750XBH6_7_Cache_test.elf.dir/Drivers/STM32H7xx_HAL_Driver/Src/stm32h7xx_hal_uart.c.obj
                0x90008fd8                UART_CheckIdleState
 .text.HAL_UART_Init
                0x900090a2       0x66 CMakeFiles/STM32H750XBH6_7_Cache_test.elf.dir/Drivers/STM32H7xx_HAL_Driver/Src/stm32h7xx_hal_uart.c.obj
                0x900090a2                HAL_UART_Init
 .text.UARTEx_SetNbDataToProcess
                0x90009108       0x4c CMakeFiles/STM32H750XBH6_7_Cache_test.elf.dir/Drivers/STM32H7xx_HAL_Driver/Src/stm32h7xx_hal_uart_ex.c.obj
 .text.HAL_UARTEx_WakeupCallback
                0x90009154        0x2 CMakeFiles/STM32H750XBH6_7_Cache_test.elf.dir/Drivers/STM32H7xx_HAL_Driver/Src/stm32h7xx_hal_uart_ex.c.obj
                0x90009154                HAL_UARTEx_WakeupCallback
 .text.HAL_UARTEx_RxFifoFullCallback
                0x90009156        0x2 CMakeFiles/STM32H750XBH6_7_Cache_test.elf.dir/Drivers/STM32H7xx_HAL_Driver/Src/stm32h7xx_hal_uart_ex.c.obj
                0x90009156                HAL_UARTEx_RxFifoFullCallback
 .text.HAL_UARTEx_TxFifoEmptyCallback
                0x90009158        0x2 CMakeFiles/STM32H750XBH6_7_Cache_test.elf.dir/Drivers/STM32H7xx_HAL_Driver/Src/stm32h7xx_hal_uart_ex.c.obj
                0x90009158                HAL_UARTEx_TxFifoEmptyCallback
 .text.HAL_UARTEx_DisableFifoMode
                0x9000915a       0x3e CMakeFiles/STM32H750XBH6_7_Cache_test.elf.dir/Drivers/STM32H7xx_HAL_Driver/Src/stm32h7xx_hal_uart_ex.c.obj
                0x9000915a                HAL_UARTEx_DisableFifoMode
 .text.HAL_UARTEx_SetTxFifoThreshold
                0x90009198       0x4a CMakeFiles/STM32H750XBH6_7_Cache_test.elf.dir/Drivers/STM32H7xx_HAL_Driver/Src/stm32h7xx_hal_uart_ex.c.obj
                0x90009198                HAL_UARTEx_SetTxFifoThreshold
 .text.HAL_UARTEx_SetRxFifoThreshold
                0x900091e2       0x4a CMakeFiles/STM32H750XBH6_7_Cache_test.elf.dir/Drivers/STM32H7xx_HAL_Driver/Src/stm32h7xx_hal_uart_ex.c.obj
                0x900091e2                HAL_UARTEx_SetRxFifoThreshold
 .text.FMC_SDRAM_Init
                0x9000922c       0x74 CMakeFiles/STM32H750XBH6_7_Cache_test.elf.dir/Drivers/STM32H7xx_HAL_Driver/Src/stm32h7xx_ll_fmc.c.obj
                0x9000922c                FMC_SDRAM_Init
 .text.FMC_SDRAM_Timing_Init
                0x900092a0       0xa8 CMakeFiles/STM32H750XBH6_7_Cache_test.elf.dir/Drivers/STM32H7xx_HAL_Driver/Src/stm32h7xx_ll_fmc.c.obj
                0x900092a0                FMC_SDRAM_Timing_Init
 .text.FMC_SDRAM_SendCommand
                0x90009348       0x30 CMakeFiles/STM32H750XBH6_7_Cache_test.elf.dir/Drivers/STM32H7xx_HAL_Driver/Src/stm32h7xx_ll_fmc.c.obj
                0x90009348                FMC_SDRAM_SendCommand
 .text.FMC_SDRAM_ProgramRefreshRate
                0x90009378       0x14 CMakeFiles/STM32H750XBH6_7_Cache_test.elf.dir/Drivers/STM32H7xx_HAL_Driver/Src/stm32h7xx_ll_fmc.c.obj
                0x90009378                FMC_SDRAM_ProgramRefreshRate
 .text.SDMMC_GetCmdError
                0x9000938c       0x3c CMakeFiles/STM32H750XBH6_7_Cache_test.elf.dir/Drivers/STM32H7xx_HAL_Driver/Src/stm32h7xx_ll_sdmmc.c.obj
 .text.SDMMC_Init
                0x900093c8       0x30 CMakeFiles/STM32H750XBH6_7_Cache_test.elf.dir/Drivers/STM32H7xx_HAL_Driver/Src/stm32h7xx_ll_sdmmc.c.obj
                0x900093c8                SDMMC_Init
 .text.SDMMC_ReadFIFO
                0x900093f8        0x6 CMakeFiles/STM32H750XBH6_7_Cache_test.elf.dir/Drivers/STM32H7xx_HAL_Driver/Src/stm32h7xx_ll_sdmmc.c.obj
                0x900093f8                SDMMC_ReadFIFO
 .text.SDMMC_WriteFIFO
                0x900093fe        0xa CMakeFiles/STM32H750XBH6_7_Cache_test.elf.dir/Drivers/STM32H7xx_HAL_Driver/Src/stm32h7xx_ll_sdmmc.c.obj
                0x900093fe                SDMMC_WriteFIFO
 .text.SDMMC_PowerState_ON
                0x90009408        0xc CMakeFiles/STM32H750XBH6_7_Cache_test.elf.dir/Drivers/STM32H7xx_HAL_Driver/Src/stm32h7xx_ll_sdmmc.c.obj
                0x90009408                SDMMC_PowerState_ON
 .text.SDMMC_GetPowerState
                0x90009414        0x8 CMakeFiles/STM32H750XBH6_7_Cache_test.elf.dir/Drivers/STM32H7xx_HAL_Driver/Src/stm32h7xx_ll_sdmmc.c.obj
                0x90009414                SDMMC_GetPowerState
 .text.SDMMC_SendCommand
                0x9000941c       0x24 CMakeFiles/STM32H750XBH6_7_Cache_test.elf.dir/Drivers/STM32H7xx_HAL_Driver/Src/stm32h7xx_ll_sdmmc.c.obj
                0x9000941c                SDMMC_SendCommand
 .text.SDMMC_GetCommandResponse
                0x90009440        0x6 CMakeFiles/STM32H750XBH6_7_Cache_test.elf.dir/Drivers/STM32H7xx_HAL_Driver/Src/stm32h7xx_ll_sdmmc.c.obj
                0x90009440                SDMMC_GetCommandResponse
 .text.SDMMC_GetResponse
                0x90009446        0x6 CMakeFiles/STM32H750XBH6_7_Cache_test.elf.dir/Drivers/STM32H7xx_HAL_Driver/Src/stm32h7xx_ll_sdmmc.c.obj
                0x90009446                SDMMC_GetResponse
 .text.SDMMC_ConfigData
                0x9000944c       0x24 CMakeFiles/STM32H750XBH6_7_Cache_test.elf.dir/Drivers/STM32H7xx_HAL_Driver/Src/stm32h7xx_ll_sdmmc.c.obj
                0x9000944c                SDMMC_ConfigData
 .text.SDMMC_CmdGoIdleState
                0x90009470       0x26 CMakeFiles/STM32H750XBH6_7_Cache_test.elf.dir/Drivers/STM32H7xx_HAL_Driver/Src/stm32h7xx_ll_sdmmc.c.obj
                0x90009470                SDMMC_CmdGoIdleState
 *fill*         0x90009496        0x2 
 .text.SDMMC_GetCmdResp1
                0x90009498      0x160 CMakeFiles/STM32H750XBH6_7_Cache_test.elf.dir/Drivers/STM32H7xx_HAL_Driver/Src/stm32h7xx_ll_sdmmc.c.obj
                0x90009498                SDMMC_GetCmdResp1
 .text.SDMMC_CmdBlockLength
                0x900095f8       0x32 CMakeFiles/STM32H750XBH6_7_Cache_test.elf.dir/Drivers/STM32H7xx_HAL_Driver/Src/stm32h7xx_ll_sdmmc.c.obj
                0x900095f8                SDMMC_CmdBlockLength
 .text.SDMMC_CmdReadSingleBlock
                0x9000962a       0x32 CMakeFiles/STM32H750XBH6_7_Cache_test.elf.dir/Drivers/STM32H7xx_HAL_Driver/Src/stm32h7xx_ll_sdmmc.c.obj
                0x9000962a                SDMMC_CmdReadSingleBlock
 .text.SDMMC_CmdReadMultiBlock
                0x9000965c       0x32 CMakeFiles/STM32H750XBH6_7_Cache_test.elf.dir/Drivers/STM32H7xx_HAL_Driver/Src/stm32h7xx_ll_sdmmc.c.obj
                0x9000965c                SDMMC_CmdReadMultiBlock
 .text.SDMMC_CmdWriteSingleBlock
                0x9000968e       0x32 CMakeFiles/STM32H750XBH6_7_Cache_test.elf.dir/Drivers/STM32H7xx_HAL_Driver/Src/stm32h7xx_ll_sdmmc.c.obj
                0x9000968e                SDMMC_CmdWriteSingleBlock
 .text.SDMMC_CmdWriteMultiBlock
                0x900096c0       0x32 CMakeFiles/STM32H750XBH6_7_Cache_test.elf.dir/Drivers/STM32H7xx_HAL_Driver/Src/stm32h7xx_ll_sdmmc.c.obj
                0x900096c0                SDMMC_CmdWriteMultiBlock
 *fill*         0x900096f2        0x2 
 .text.SDMMC_CmdStopTransfer
                0x900096f4       0x58 CMakeFiles/STM32H750XBH6_7_Cache_test.elf.dir/Drivers/STM32H7xx_HAL_Driver/Src/stm32h7xx_ll_sdmmc.c.obj
                0x900096f4                SDMMC_CmdStopTransfer
 .text.SDMMC_CmdSelDesel
                0x9000974c       0x32 CMakeFiles/STM32H750XBH6_7_Cache_test.elf.dir/Drivers/STM32H7xx_HAL_Driver/Src/stm32h7xx_ll_sdmmc.c.obj
                0x9000974c                SDMMC_CmdSelDesel
 .text.SDMMC_CmdAppCommand
                0x9000977e       0x32 CMakeFiles/STM32H750XBH6_7_Cache_test.elf.dir/Drivers/STM32H7xx_HAL_Driver/Src/stm32h7xx_ll_sdmmc.c.obj
                0x9000977e                SDMMC_CmdAppCommand
 .text.SDMMC_CmdBusWidth
                0x900097b0       0x32 CMakeFiles/STM32H750XBH6_7_Cache_test.elf.dir/Drivers/STM32H7xx_HAL_Driver/Src/stm32h7xx_ll_sdmmc.c.obj
                0x900097b0                SDMMC_CmdBusWidth
 .text.SDMMC_CmdSendSCR
                0x900097e2       0x32 CMakeFiles/STM32H750XBH6_7_Cache_test.elf.dir/Drivers/STM32H7xx_HAL_Driver/Src/stm32h7xx_ll_sdmmc.c.obj
                0x900097e2                SDMMC_CmdSendSCR
 .text.SDMMC_CmdSendStatus
                0x90009814       0x32 CMakeFiles/STM32H750XBH6_7_Cache_test.elf.dir/Drivers/STM32H7xx_HAL_Driver/Src/stm32h7xx_ll_sdmmc.c.obj
                0x90009814                SDMMC_CmdSendStatus
 .text.SDMMC_CmdStatusRegister
                0x90009846       0x32 CMakeFiles/STM32H750XBH6_7_Cache_test.elf.dir/Drivers/STM32H7xx_HAL_Driver/Src/stm32h7xx_ll_sdmmc.c.obj
                0x90009846                SDMMC_CmdStatusRegister
 .text.SDMMC_GetCmdResp2
                0x90009878       0x60 CMakeFiles/STM32H750XBH6_7_Cache_test.elf.dir/Drivers/STM32H7xx_HAL_Driver/Src/stm32h7xx_ll_sdmmc.c.obj
                0x90009878                SDMMC_GetCmdResp2
 .text.SDMMC_CmdSendCID
                0x900098d8       0x2c CMakeFiles/STM32H750XBH6_7_Cache_test.elf.dir/Drivers/STM32H7xx_HAL_Driver/Src/stm32h7xx_ll_sdmmc.c.obj
                0x900098d8                SDMMC_CmdSendCID
 .text.SDMMC_CmdSendCSD
                0x90009904       0x2c CMakeFiles/STM32H750XBH6_7_Cache_test.elf.dir/Drivers/STM32H7xx_HAL_Driver/Src/stm32h7xx_ll_sdmmc.c.obj
                0x90009904                SDMMC_CmdSendCSD
 .text.SDMMC_GetCmdResp3
                0x90009930       0x50 CMakeFiles/STM32H750XBH6_7_Cache_test.elf.dir/Drivers/STM32H7xx_HAL_Driver/Src/stm32h7xx_ll_sdmmc.c.obj
                0x90009930                SDMMC_GetCmdResp3
 .text.SDMMC_CmdAppOperCommand
                0x90009980       0x2c CMakeFiles/STM32H750XBH6_7_Cache_test.elf.dir/Drivers/STM32H7xx_HAL_Driver/Src/stm32h7xx_ll_sdmmc.c.obj
                0x90009980                SDMMC_CmdAppOperCommand
 .text.SDMMC_GetCmdResp6
                0x900099ac       0xa4 CMakeFiles/STM32H750XBH6_7_Cache_test.elf.dir/Drivers/STM32H7xx_HAL_Driver/Src/stm32h7xx_ll_sdmmc.c.obj
                0x900099ac                SDMMC_GetCmdResp6
 .text.SDMMC_CmdSetRelAdd
                0x90009a50       0x32 CMakeFiles/STM32H750XBH6_7_Cache_test.elf.dir/Drivers/STM32H7xx_HAL_Driver/Src/stm32h7xx_ll_sdmmc.c.obj
                0x90009a50                SDMMC_CmdSetRelAdd
 *fill*         0x90009a82        0x2 
 .text.SDMMC_GetCmdResp7
                0x90009a84       0x64 CMakeFiles/STM32H750XBH6_7_Cache_test.elf.dir/Drivers/STM32H7xx_HAL_Driver/Src/stm32h7xx_ll_sdmmc.c.obj
                0x90009a84                SDMMC_GetCmdResp7
 .text.SDMMC_CmdOperCond
                0x90009ae8       0x30 CMakeFiles/STM32H750XBH6_7_Cache_test.elf.dir/Drivers/STM32H7xx_HAL_Driver/Src/stm32h7xx_ll_sdmmc.c.obj
                0x90009ae8                SDMMC_CmdOperCond
 .text.FT5206_read_reg
                0x90009b18       0x24 CMakeFiles/STM32H750XBH6_7_Cache_test.elf.dir/Drivers/touch/touch.c.obj
                0x90009b18                FT5206_read_reg
 .text.FT5206_write_reg
                0x90009b3c       0x24 CMakeFiles/STM32H750XBH6_7_Cache_test.elf.dir/Drivers/touch/touch.c.obj
                0x90009b3c                FT5206_write_reg
 .text.FT5206_Init
                0x90009b60       0x94 CMakeFiles/STM32H750XBH6_7_Cache_test.elf.dir/Drivers/touch/touch.c.obj
                0x90009b60                FT5206_Init
 .text.MX_FATFS_Init
                0x90009bf4       0x1c CMakeFiles/STM32H750XBH6_7_Cache_test.elf.dir/FATFS/App/fatfs.c.obj
                0x90009bf4                MX_FATFS_Init
 .text.BSP_SD_ReadBlocks_DMA
                0x90009c10       0x18 CMakeFiles/STM32H750XBH6_7_Cache_test.elf.dir/FATFS/Target/bsp_driver_sd.c.obj
                0x90009c10                BSP_SD_ReadBlocks_DMA
 .text.BSP_SD_WriteBlocks_DMA
                0x90009c28       0x18 CMakeFiles/STM32H750XBH6_7_Cache_test.elf.dir/FATFS/Target/bsp_driver_sd.c.obj
                0x90009c28                BSP_SD_WriteBlocks_DMA
 .text.BSP_SD_GetCardState
                0x90009c40       0x14 CMakeFiles/STM32H750XBH6_7_Cache_test.elf.dir/FATFS/Target/bsp_driver_sd.c.obj
                0x90009c40                BSP_SD_GetCardState
 .text.BSP_SD_GetCardInfo
                0x90009c54       0x10 CMakeFiles/STM32H750XBH6_7_Cache_test.elf.dir/FATFS/Target/bsp_driver_sd.c.obj
                0x90009c54                BSP_SD_GetCardInfo
 .text.HAL_SD_TxCpltCallback
                0x90009c64        0x8 CMakeFiles/STM32H750XBH6_7_Cache_test.elf.dir/FATFS/Target/bsp_driver_sd.c.obj
                0x90009c64                HAL_SD_TxCpltCallback
 .text.HAL_SD_RxCpltCallback
                0x90009c6c        0x8 CMakeFiles/STM32H750XBH6_7_Cache_test.elf.dir/FATFS/Target/bsp_driver_sd.c.obj
                0x90009c6c                HAL_SD_RxCpltCallback
 .text.BSP_SD_IsDetected
                0x90009c74       0x10 CMakeFiles/STM32H750XBH6_7_Cache_test.elf.dir/FATFS/Target/bsp_driver_sd.c.obj
                0x90009c74                BSP_SD_IsDetected
 .text.BSP_SD_Init
                0x90009c84       0x34 CMakeFiles/STM32H750XBH6_7_Cache_test.elf.dir/FATFS/Target/bsp_driver_sd.c.obj
                0x90009c84                BSP_SD_Init
 .text.SD_CheckStatus
                0x90009cb8       0x24 CMakeFiles/STM32H750XBH6_7_Cache_test.elf.dir/FATFS/Target/sd_diskio.c.obj
 .text.SD_initialize
                0x90009cdc       0x74 CMakeFiles/STM32H750XBH6_7_Cache_test.elf.dir/FATFS/Target/sd_diskio.c.obj
                0x90009cdc                SD_initialize
 .text.SD_status
                0x90009d50        0x8 CMakeFiles/STM32H750XBH6_7_Cache_test.elf.dir/FATFS/Target/sd_diskio.c.obj
                0x90009d50                SD_status
 .text.SD_CheckStatusWithTimeout
                0x90009d58       0x26 CMakeFiles/STM32H750XBH6_7_Cache_test.elf.dir/FATFS/Target/sd_diskio.c.obj
 *fill*         0x90009d7e        0x2 
 .text.SD_read  0x90009d80      0x164 CMakeFiles/STM32H750XBH6_7_Cache_test.elf.dir/FATFS/Target/sd_diskio.c.obj
                0x90009d80                SD_read
 .text.SD_write
                0x90009ee4      0x164 CMakeFiles/STM32H750XBH6_7_Cache_test.elf.dir/FATFS/Target/sd_diskio.c.obj
                0x90009ee4                SD_write
 .text.SD_ioctl
                0x9000a048       0x58 CMakeFiles/STM32H750XBH6_7_Cache_test.elf.dir/FATFS/Target/sd_diskio.c.obj
                0x9000a048                SD_ioctl
 .text.BSP_SD_WriteCpltCallback
                0x9000a0a0       0x14 CMakeFiles/STM32H750XBH6_7_Cache_test.elf.dir/FATFS/Target/sd_diskio.c.obj
                0x9000a0a0                BSP_SD_WriteCpltCallback
 .text.BSP_SD_ReadCpltCallback
                0x9000a0b4       0x14 CMakeFiles/STM32H750XBH6_7_Cache_test.elf.dir/FATFS/Target/sd_diskio.c.obj
                0x9000a0b4                BSP_SD_ReadCpltCallback
 .text.FATFS_LinkDriverEx
                0x9000a0c8       0x54 CMakeFiles/STM32H750XBH6_7_Cache_test.elf.dir/Middlewares/Third_Party/FatFs/src/ff_gen_drv.c.obj
                0x9000a0c8                FATFS_LinkDriverEx
 .text.FATFS_LinkDriver
                0x9000a11c        0xa CMakeFiles/STM32H750XBH6_7_Cache_test.elf.dir/Middlewares/Third_Party/FatFs/src/ff_gen_drv.c.obj
                0x9000a11c                FATFS_LinkDriver
 .text.makeFreeRtosPriority
                0x9000a126        0xc CMakeFiles/STM32H750XBH6_7_Cache_test.elf.dir/Middlewares/Third_Party/FreeRTOS/Source/CMSIS_RTOS/cmsis_os.c.obj
 .text.inHandlerMode
                0x9000a132        0xc CMakeFiles/STM32H750XBH6_7_Cache_test.elf.dir/Middlewares/Third_Party/FreeRTOS/Source/CMSIS_RTOS/cmsis_os.c.obj
 .text.osKernelStart
                0x9000a13e        0xa CMakeFiles/STM32H750XBH6_7_Cache_test.elf.dir/Middlewares/Third_Party/FreeRTOS/Source/CMSIS_RTOS/cmsis_os.c.obj
                0x9000a13e                osKernelStart
 .text.osKernelRunning
                0x9000a148       0x12 CMakeFiles/STM32H750XBH6_7_Cache_test.elf.dir/Middlewares/Third_Party/FreeRTOS/Source/CMSIS_RTOS/cmsis_os.c.obj
                0x9000a148                osKernelRunning
 .text.osKernelSysTick
                0x9000a15a       0x14 CMakeFiles/STM32H750XBH6_7_Cache_test.elf.dir/Middlewares/Third_Party/FreeRTOS/Source/CMSIS_RTOS/cmsis_os.c.obj
                0x9000a15a                osKernelSysTick
 .text.osThreadCreate
                0x9000a16e       0x6a CMakeFiles/STM32H750XBH6_7_Cache_test.elf.dir/Middlewares/Third_Party/FreeRTOS/Source/CMSIS_RTOS/cmsis_os.c.obj
                0x9000a16e                osThreadCreate
 .text.osDelay  0x9000a1d8        0xe CMakeFiles/STM32H750XBH6_7_Cache_test.elf.dir/Middlewares/Third_Party/FreeRTOS/Source/CMSIS_RTOS/cmsis_os.c.obj
                0x9000a1d8                osDelay
 .text.osMessageCreate
                0x9000a1e6       0x2a CMakeFiles/STM32H750XBH6_7_Cache_test.elf.dir/Middlewares/Third_Party/FreeRTOS/Source/CMSIS_RTOS/cmsis_os.c.obj
                0x9000a1e6                osMessageCreate
 .text.osMessagePut
                0x9000a210       0x66 CMakeFiles/STM32H750XBH6_7_Cache_test.elf.dir/Middlewares/Third_Party/FreeRTOS/Source/CMSIS_RTOS/cmsis_os.c.obj
                0x9000a210                osMessagePut
 .text.osMessageGet
                0x9000a276       0x88 CMakeFiles/STM32H750XBH6_7_Cache_test.elf.dir/Middlewares/Third_Party/FreeRTOS/Source/CMSIS_RTOS/cmsis_os.c.obj
                0x9000a276                osMessageGet
 .text.vListInitialise
                0x9000a2fe       0x16 CMakeFiles/STM32H750XBH6_7_Cache_test.elf.dir/Middlewares/Third_Party/FreeRTOS/Source/list.c.obj
                0x9000a2fe                vListInitialise
 .text.vListInitialiseItem
                0x9000a314        0x6 CMakeFiles/STM32H750XBH6_7_Cache_test.elf.dir/Middlewares/Third_Party/FreeRTOS/Source/list.c.obj
                0x9000a314                vListInitialiseItem
 .text.vListInsertEnd
                0x9000a31a       0x16 CMakeFiles/STM32H750XBH6_7_Cache_test.elf.dir/Middlewares/Third_Party/FreeRTOS/Source/list.c.obj
                0x9000a31a                vListInsertEnd
 .text.vListInsert
                0x9000a330       0x32 CMakeFiles/STM32H750XBH6_7_Cache_test.elf.dir/Middlewares/Third_Party/FreeRTOS/Source/list.c.obj
                0x9000a330                vListInsert
 .text.uxListRemove
                0x9000a362       0x26 CMakeFiles/STM32H750XBH6_7_Cache_test.elf.dir/Middlewares/Third_Party/FreeRTOS/Source/list.c.obj
                0x9000a362                uxListRemove
 .text.prvTaskExitError
                0x9000a388       0x40 CMakeFiles/STM32H750XBH6_7_Cache_test.elf.dir/Middlewares/Third_Party/FreeRTOS/Source/portable/GCC/ARM_CM4F/port.c.obj
 .text.prvPortStartFirstTask
                0x9000a3c8       0x28 CMakeFiles/STM32H750XBH6_7_Cache_test.elf.dir/Middlewares/Third_Party/FreeRTOS/Source/portable/GCC/ARM_CM4F/port.c.obj
 .text.vPortEnableVFP
                0x9000a3f0       0x14 CMakeFiles/STM32H750XBH6_7_Cache_test.elf.dir/Middlewares/Third_Party/FreeRTOS/Source/portable/GCC/ARM_CM4F/port.c.obj
 .text.pxPortInitialiseStack
                0x9000a404       0x2c CMakeFiles/STM32H750XBH6_7_Cache_test.elf.dir/Middlewares/Third_Party/FreeRTOS/Source/portable/GCC/ARM_CM4F/port.c.obj
                0x9000a404                pxPortInitialiseStack
 .text.SVC_Handler
                0x9000a430       0x24 CMakeFiles/STM32H750XBH6_7_Cache_test.elf.dir/Middlewares/Third_Party/FreeRTOS/Source/portable/GCC/ARM_CM4F/port.c.obj
                0x9000a430                SVC_Handler
 .text.vPortEnterCritical
                0x9000a454       0x44 CMakeFiles/STM32H750XBH6_7_Cache_test.elf.dir/Middlewares/Third_Party/FreeRTOS/Source/portable/GCC/ARM_CM4F/port.c.obj
                0x9000a454                vPortEnterCritical
 .text.vPortExitCritical
                0x9000a498       0x2c CMakeFiles/STM32H750XBH6_7_Cache_test.elf.dir/Middlewares/Third_Party/FreeRTOS/Source/portable/GCC/ARM_CM4F/port.c.obj
                0x9000a498                vPortExitCritical
 *fill*         0x9000a4c4        0xc 
 .text.PendSV_Handler
                0x9000a4d0       0x64 CMakeFiles/STM32H750XBH6_7_Cache_test.elf.dir/Middlewares/Third_Party/FreeRTOS/Source/portable/GCC/ARM_CM4F/port.c.obj
                0x9000a4d0                PendSV_Handler
 .text.SysTick_Handler
                0x9000a534       0x2c CMakeFiles/STM32H750XBH6_7_Cache_test.elf.dir/Middlewares/Third_Party/FreeRTOS/Source/portable/GCC/ARM_CM4F/port.c.obj
                0x9000a534                SysTick_Handler
 .text.vPortSetupTimerInterrupt
                0x9000a560       0x28 CMakeFiles/STM32H750XBH6_7_Cache_test.elf.dir/Middlewares/Third_Party/FreeRTOS/Source/portable/GCC/ARM_CM4F/port.c.obj
                0x9000a560                vPortSetupTimerInterrupt
 .text.xPortStartScheduler
                0x9000a588      0x118 CMakeFiles/STM32H750XBH6_7_Cache_test.elf.dir/Middlewares/Third_Party/FreeRTOS/Source/portable/GCC/ARM_CM4F/port.c.obj
                0x9000a588                xPortStartScheduler
 .text.vPortValidateInterruptPriority
                0x9000a6a0       0x5c CMakeFiles/STM32H750XBH6_7_Cache_test.elf.dir/Middlewares/Third_Party/FreeRTOS/Source/portable/GCC/ARM_CM4F/port.c.obj
                0x9000a6a0                vPortValidateInterruptPriority
 .text.prvHeapInit
                0x9000a6fc       0x68 CMakeFiles/STM32H750XBH6_7_Cache_test.elf.dir/Middlewares/Third_Party/FreeRTOS/Source/portable/MemMang/heap_4.c.obj
 .text.prvInsertBlockIntoFreeList
                0x9000a764       0x64 CMakeFiles/STM32H750XBH6_7_Cache_test.elf.dir/Middlewares/Third_Party/FreeRTOS/Source/portable/MemMang/heap_4.c.obj
 .text.pvPortMalloc
                0x9000a7c8       0xfc CMakeFiles/STM32H750XBH6_7_Cache_test.elf.dir/Middlewares/Third_Party/FreeRTOS/Source/portable/MemMang/heap_4.c.obj
                0x9000a7c8                pvPortMalloc
 .text.vPortFree
                0x9000a8c4       0x7c CMakeFiles/STM32H750XBH6_7_Cache_test.elf.dir/Middlewares/Third_Party/FreeRTOS/Source/portable/MemMang/heap_4.c.obj
                0x9000a8c4                vPortFree
 .text.prvIsQueueFull
                0x9000a940       0x1e CMakeFiles/STM32H750XBH6_7_Cache_test.elf.dir/Middlewares/Third_Party/FreeRTOS/Source/queue.c.obj
 .text.prvIsQueueEmpty
                0x9000a95e       0x1a CMakeFiles/STM32H750XBH6_7_Cache_test.elf.dir/Middlewares/Third_Party/FreeRTOS/Source/queue.c.obj
 .text.prvCopyDataToQueue
                0x9000a978       0x76 CMakeFiles/STM32H750XBH6_7_Cache_test.elf.dir/Middlewares/Third_Party/FreeRTOS/Source/queue.c.obj
 .text.prvCopyDataFromQueue
                0x9000a9ee       0x24 CMakeFiles/STM32H750XBH6_7_Cache_test.elf.dir/Middlewares/Third_Party/FreeRTOS/Source/queue.c.obj
 .text.prvUnlockQueue
                0x9000aa12       0x6e CMakeFiles/STM32H750XBH6_7_Cache_test.elf.dir/Middlewares/Third_Party/FreeRTOS/Source/queue.c.obj
 .text.xQueueGenericReset
                0x9000aa80       0x84 CMakeFiles/STM32H750XBH6_7_Cache_test.elf.dir/Middlewares/Third_Party/FreeRTOS/Source/queue.c.obj
                0x9000aa80                xQueueGenericReset
 .text.prvInitialiseNewQueue
                0x9000ab04       0x1c CMakeFiles/STM32H750XBH6_7_Cache_test.elf.dir/Middlewares/Third_Party/FreeRTOS/Source/queue.c.obj
 .text.xQueueGenericCreateStatic
                0x9000ab20       0xa6 CMakeFiles/STM32H750XBH6_7_Cache_test.elf.dir/Middlewares/Third_Party/FreeRTOS/Source/queue.c.obj
                0x9000ab20                xQueueGenericCreateStatic
 .text.xQueueGenericCreate
                0x9000abc6       0x48 CMakeFiles/STM32H750XBH6_7_Cache_test.elf.dir/Middlewares/Third_Party/FreeRTOS/Source/queue.c.obj
                0x9000abc6                xQueueGenericCreate
 .text.xQueueGenericSend
                0x9000ac0e      0x188 CMakeFiles/STM32H750XBH6_7_Cache_test.elf.dir/Middlewares/Third_Party/FreeRTOS/Source/queue.c.obj
                0x9000ac0e                xQueueGenericSend
 .text.xQueueGenericSendFromISR
                0x9000ad96       0xce CMakeFiles/STM32H750XBH6_7_Cache_test.elf.dir/Middlewares/Third_Party/FreeRTOS/Source/queue.c.obj
                0x9000ad96                xQueueGenericSendFromISR
 .text.xQueueReceive
                0x9000ae64      0x15e CMakeFiles/STM32H750XBH6_7_Cache_test.elf.dir/Middlewares/Third_Party/FreeRTOS/Source/queue.c.obj
                0x9000ae64                xQueueReceive
 .text.xQueueReceiveFromISR
                0x9000afc2       0xa8 CMakeFiles/STM32H750XBH6_7_Cache_test.elf.dir/Middlewares/Third_Party/FreeRTOS/Source/queue.c.obj
                0x9000afc2                xQueueReceiveFromISR
 *fill*         0x9000b06a        0x2 
 .text.prvResetNextTaskUnblockTime
                0x9000b06c       0x2c CMakeFiles/STM32H750XBH6_7_Cache_test.elf.dir/Middlewares/Third_Party/FreeRTOS/Source/tasks.c.obj
 .text.prvInitialiseNewTask
                0x9000b098       0xfe CMakeFiles/STM32H750XBH6_7_Cache_test.elf.dir/Middlewares/Third_Party/FreeRTOS/Source/tasks.c.obj
 *fill*         0x9000b196        0x2 
 .text.prvInitialiseTaskLists
                0x9000b198       0x68 CMakeFiles/STM32H750XBH6_7_Cache_test.elf.dir/Middlewares/Third_Party/FreeRTOS/Source/tasks.c.obj
 .text.prvAddNewTaskToReadyList
                0x9000b200       0xa8 CMakeFiles/STM32H750XBH6_7_Cache_test.elf.dir/Middlewares/Third_Party/FreeRTOS/Source/tasks.c.obj
 .text.prvDeleteTCB
                0x9000b2a8       0x40 CMakeFiles/STM32H750XBH6_7_Cache_test.elf.dir/Middlewares/Third_Party/FreeRTOS/Source/tasks.c.obj
 .text.prvCheckTasksWaitingTermination
                0x9000b2e8       0x4c CMakeFiles/STM32H750XBH6_7_Cache_test.elf.dir/Middlewares/Third_Party/FreeRTOS/Source/tasks.c.obj
 .text.prvIdleTask
                0x9000b334       0x28 CMakeFiles/STM32H750XBH6_7_Cache_test.elf.dir/Middlewares/Third_Party/FreeRTOS/Source/tasks.c.obj
 .text.prvAddCurrentTaskToDelayedList
                0x9000b35c       0xa0 CMakeFiles/STM32H750XBH6_7_Cache_test.elf.dir/Middlewares/Third_Party/FreeRTOS/Source/tasks.c.obj
 .text.xTaskCreateStatic
                0x9000b3fc       0x7a CMakeFiles/STM32H750XBH6_7_Cache_test.elf.dir/Middlewares/Third_Party/FreeRTOS/Source/tasks.c.obj
                0x9000b3fc                xTaskCreateStatic
 .text.xTaskCreate
                0x9000b476       0x6a CMakeFiles/STM32H750XBH6_7_Cache_test.elf.dir/Middlewares/Third_Party/FreeRTOS/Source/tasks.c.obj
                0x9000b476                xTaskCreate
 .text.vTaskStartScheduler
                0x9000b4e0       0x84 CMakeFiles/STM32H750XBH6_7_Cache_test.elf.dir/Middlewares/Third_Party/FreeRTOS/Source/tasks.c.obj
                0x9000b4e0                vTaskStartScheduler
 .text.vTaskSuspendAll
                0x9000b564       0x10 CMakeFiles/STM32H750XBH6_7_Cache_test.elf.dir/Middlewares/Third_Party/FreeRTOS/Source/tasks.c.obj
                0x9000b564                vTaskSuspendAll
 .text.xTaskGetTickCount
                0x9000b574        0xc CMakeFiles/STM32H750XBH6_7_Cache_test.elf.dir/Middlewares/Third_Party/FreeRTOS/Source/tasks.c.obj
                0x9000b574                xTaskGetTickCount
 .text.xTaskGetTickCountFromISR
                0x9000b580       0x10 CMakeFiles/STM32H750XBH6_7_Cache_test.elf.dir/Middlewares/Third_Party/FreeRTOS/Source/tasks.c.obj
                0x9000b580                xTaskGetTickCountFromISR
 .text.xTaskIncrementTick
                0x9000b590      0x118 CMakeFiles/STM32H750XBH6_7_Cache_test.elf.dir/Middlewares/Third_Party/FreeRTOS/Source/tasks.c.obj
                0x9000b590                xTaskIncrementTick
 .text.xTaskResumeAll
                0x9000b6a8       0xf8 CMakeFiles/STM32H750XBH6_7_Cache_test.elf.dir/Middlewares/Third_Party/FreeRTOS/Source/tasks.c.obj
                0x9000b6a8                xTaskResumeAll
 .text.vTaskDelay
                0x9000b7a0       0x4c CMakeFiles/STM32H750XBH6_7_Cache_test.elf.dir/Middlewares/Third_Party/FreeRTOS/Source/tasks.c.obj
                0x9000b7a0                vTaskDelay
 .text.vTaskSwitchContext
                0x9000b7ec       0xa4 CMakeFiles/STM32H750XBH6_7_Cache_test.elf.dir/Middlewares/Third_Party/FreeRTOS/Source/tasks.c.obj
                0x9000b7ec                vTaskSwitchContext
 .text.vTaskPlaceOnEventList
                0x9000b890       0x30 CMakeFiles/STM32H750XBH6_7_Cache_test.elf.dir/Middlewares/Third_Party/FreeRTOS/Source/tasks.c.obj
                0x9000b890                vTaskPlaceOnEventList
 .text.xTaskRemoveFromEventList
                0x9000b8c0       0x8c CMakeFiles/STM32H750XBH6_7_Cache_test.elf.dir/Middlewares/Third_Party/FreeRTOS/Source/tasks.c.obj
                0x9000b8c0                xTaskRemoveFromEventList
 .text.vTaskInternalSetTimeOutState
                0x9000b94c       0x18 CMakeFiles/STM32H750XBH6_7_Cache_test.elf.dir/Middlewares/Third_Party/FreeRTOS/Source/tasks.c.obj
                0x9000b94c                vTaskInternalSetTimeOutState
 .text.xTaskCheckForTimeOut
                0x9000b964       0x84 CMakeFiles/STM32H750XBH6_7_Cache_test.elf.dir/Middlewares/Third_Party/FreeRTOS/Source/tasks.c.obj
                0x9000b964                xTaskCheckForTimeOut
 .text.vTaskMissedYield
                0x9000b9e8        0xc CMakeFiles/STM32H750XBH6_7_Cache_test.elf.dir/Middlewares/Third_Party/FreeRTOS/Source/tasks.c.obj
                0x9000b9e8                vTaskMissedYield
 .text.xTaskGetSchedulerState
                0x9000b9f4       0x20 CMakeFiles/STM32H750XBH6_7_Cache_test.elf.dir/Middlewares/Third_Party/FreeRTOS/Source/tasks.c.obj
                0x9000b9f4                xTaskGetSchedulerState
 .text.xTaskPriorityDisinherit
                0x9000ba14       0xb4 CMakeFiles/STM32H750XBH6_7_Cache_test.elf.dir/Middlewares/Third_Party/FreeRTOS/Source/tasks.c.obj
                0x9000ba14                xTaskPriorityDisinherit
 .text.__errno  0x9000bac8        0xc d:/gcc-arm-none-eabi-10.3-2021.10/bin/../lib/gcc/arm-none-eabi/10.3.1/../../../../arm-none-eabi/lib/thumb/v7e-m+fp/hard\libg.a(lib_a-errno.o)
                0x9000bac8                __errno
 .text.__libc_init_array
                0x9000bad4       0x48 d:/gcc-arm-none-eabi-10.3-2021.10/bin/../lib/gcc/arm-none-eabi/10.3.1/../../../../arm-none-eabi/lib/thumb/v7e-m+fp/hard\libg.a(lib_a-init.o)
                0x9000bad4                __libc_init_array
 .text.memset   0x9000bb1c       0xa4 d:/gcc-arm-none-eabi-10.3-2021.10/bin/../lib/gcc/arm-none-eabi/10.3.1/../../../../arm-none-eabi/lib/thumb/v7e-m+fp/hard\libg.a(lib_a-memset.o)
                0x9000bb1c                memset
 .text.printf   0x9000bbc0       0x28 d:/gcc-arm-none-eabi-10.3-2021.10/bin/../lib/gcc/arm-none-eabi/10.3.1/../../../../arm-none-eabi/lib/thumb/v7e-m+fp/hard\libg.a(lib_a-printf.o)
                0x9000bbc0                printf
 .text._puts_r  0x9000bbe8       0x9c d:/gcc-arm-none-eabi-10.3-2021.10/bin/../lib/gcc/arm-none-eabi/10.3.1/../../../../arm-none-eabi/lib/thumb/v7e-m+fp/hard\libg.a(lib_a-puts.o)
                0x9000bbe8                _puts_r
 .text.puts     0x9000bc84       0x10 d:/gcc-arm-none-eabi-10.3-2021.10/bin/../lib/gcc/arm-none-eabi/10.3.1/../../../../arm-none-eabi/lib/thumb/v7e-m+fp/hard\libg.a(lib_a-puts.o)
                0x9000bc84                puts
 .text.cleanup_glue
                0x9000bc94       0x48 d:/gcc-arm-none-eabi-10.3-2021.10/bin/../lib/gcc/arm-none-eabi/10.3.1/../../../../arm-none-eabi/lib/thumb/v7e-m+fp/hard\libg.a(lib_a-reent.o)
                0x9000bc94                cleanup_glue
 .text._reclaim_reent
                0x9000bcdc       0x90 d:/gcc-arm-none-eabi-10.3-2021.10/bin/../lib/gcc/arm-none-eabi/10.3.1/../../../../arm-none-eabi/lib/thumb/v7e-m+fp/hard\libg.a(lib_a-reent.o)
                0x9000bcdc                _reclaim_reent
 *fill*         0x9000bd6c        0x4 
 .text._vfprintf_r
                0x9000bd70     0x1b90 d:/gcc-arm-none-eabi-10.3-2021.10/bin/../lib/gcc/arm-none-eabi/10.3.1/../../../../arm-none-eabi/lib/thumb/v7e-m+fp/hard\libg.a(lib_a-vfprintf.o)
                0x9000bd70                _vfprintf_r
 .text.__sbprintf
                0x9000d900       0x80 d:/gcc-arm-none-eabi-10.3-2021.10/bin/../lib/gcc/arm-none-eabi/10.3.1/../../../../arm-none-eabi/lib/thumb/v7e-m+fp/hard\libg.a(lib_a-vfprintf.o)
 .text.__swsetup_r
                0x9000d980       0xd4 d:/gcc-arm-none-eabi-10.3-2021.10/bin/../lib/gcc/arm-none-eabi/10.3.1/../../../../arm-none-eabi/lib/thumb/v7e-m+fp/hard\libg.a(lib_a-wsetup.o)
                0x9000d980                __swsetup_r
 .text.startup.register_fini
                0x9000da54       0x14 d:/gcc-arm-none-eabi-10.3-2021.10/bin/../lib/gcc/arm-none-eabi/10.3.1/../../../../arm-none-eabi/lib/thumb/v7e-m+fp/hard\libg.a(lib_a-__call_atexit.o)
 .text.atexit   0x9000da68        0xc d:/gcc-arm-none-eabi-10.3-2021.10/bin/../lib/gcc/arm-none-eabi/10.3.1/../../../../arm-none-eabi/lib/thumb/v7e-m+fp/hard\libg.a(lib_a-atexit.o)
                0x9000da68                atexit
 .text.quorem   0x9000da74      0x128 d:/gcc-arm-none-eabi-10.3-2021.10/bin/../lib/gcc/arm-none-eabi/10.3.1/../../../../arm-none-eabi/lib/thumb/v7e-m+fp/hard\libg.a(lib_a-dtoa.o)
 *fill*         0x9000db9c        0x4 
 .text._dtoa_r  0x9000dba0      0xf3c d:/gcc-arm-none-eabi-10.3-2021.10/bin/../lib/gcc/arm-none-eabi/10.3.1/../../../../arm-none-eabi/lib/thumb/v7e-m+fp/hard\libg.a(lib_a-dtoa.o)
                0x9000dba0                _dtoa_r
 .text.__sflush_r
                0x9000eadc      0x130 d:/gcc-arm-none-eabi-10.3-2021.10/bin/../lib/gcc/arm-none-eabi/10.3.1/../../../../arm-none-eabi/lib/thumb/v7e-m+fp/hard\libg.a(lib_a-fflush.o)
                0x9000eadc                __sflush_r
 .text._fflush_r
                0x9000ec0c       0x5c d:/gcc-arm-none-eabi-10.3-2021.10/bin/../lib/gcc/arm-none-eabi/10.3.1/../../../../arm-none-eabi/lib/thumb/v7e-m+fp/hard\libg.a(lib_a-fflush.o)
                0x9000ec0c                _fflush_r
 .text._cleanup_r
                0x9000ec68        0xc d:/gcc-arm-none-eabi-10.3-2021.10/bin/../lib/gcc/arm-none-eabi/10.3.1/../../../../arm-none-eabi/lib/thumb/v7e-m+fp/hard\libg.a(lib_a-findfp.o)
                0x9000ec68                _cleanup_r
 .text.__sinit  0x9000ec74      0x10c d:/gcc-arm-none-eabi-10.3-2021.10/bin/../lib/gcc/arm-none-eabi/10.3.1/../../../../arm-none-eabi/lib/thumb/v7e-m+fp/hard\libg.a(lib_a-findfp.o)
                0x9000ec74                __sinit
 .text.__sfp_lock_acquire
                0x9000ed80        0xc d:/gcc-arm-none-eabi-10.3-2021.10/bin/../lib/gcc/arm-none-eabi/10.3.1/../../../../arm-none-eabi/lib/thumb/v7e-m+fp/hard\libg.a(lib_a-findfp.o)
                0x9000ed80                __sfp_lock_acquire
 .text.__sfp_lock_release
                0x9000ed8c        0xc d:/gcc-arm-none-eabi-10.3-2021.10/bin/../lib/gcc/arm-none-eabi/10.3.1/../../../../arm-none-eabi/lib/thumb/v7e-m+fp/hard\libg.a(lib_a-findfp.o)
                0x9000ed8c                __sfp_lock_release
 .text.__libc_fini_array
                0x9000ed98       0x2c d:/gcc-arm-none-eabi-10.3-2021.10/bin/../lib/gcc/arm-none-eabi/10.3.1/../../../../arm-none-eabi/lib/thumb/v7e-m+fp/hard\libg.a(lib_a-fini.o)
                0x9000ed98                __libc_fini_array
 .text._malloc_trim_r
                0x9000edc4       0xa0 d:/gcc-arm-none-eabi-10.3-2021.10/bin/../lib/gcc/arm-none-eabi/10.3.1/../../../../arm-none-eabi/lib/thumb/v7e-m+fp/hard\libg.a(lib_a-freer.o)
                0x9000edc4                _malloc_trim_r
 .text._free_r  0x9000ee64      0x20c d:/gcc-arm-none-eabi-10.3-2021.10/bin/../lib/gcc/arm-none-eabi/10.3.1/../../../../arm-none-eabi/lib/thumb/v7e-m+fp/hard\libg.a(lib_a-freer.o)
                0x9000ee64                _free_r
 .text.__sfvwrite_r
                0x9000f070      0x2f0 d:/gcc-arm-none-eabi-10.3-2021.10/bin/../lib/gcc/arm-none-eabi/10.3.1/../../../../arm-none-eabi/lib/thumb/v7e-m+fp/hard\libg.a(lib_a-fvwrite.o)
                0x9000f070                __sfvwrite_r
 .text._fwalk_reent
                0x9000f360       0x48 d:/gcc-arm-none-eabi-10.3-2021.10/bin/../lib/gcc/arm-none-eabi/10.3.1/../../../../arm-none-eabi/lib/thumb/v7e-m+fp/hard\libg.a(lib_a-fwalk.o)
                0x9000f360                _fwalk_reent
 .text._localeconv_r
                0x9000f3a8        0x8 d:/gcc-arm-none-eabi-10.3-2021.10/bin/../lib/gcc/arm-none-eabi/10.3.1/../../../../arm-none-eabi/lib/thumb/v7e-m+fp/hard\libg.a(lib_a-localeconv.o)
                0x9000f3a8                _localeconv_r
 .text.__retarget_lock_init_recursive
                0x9000f3b0        0x4 d:/gcc-arm-none-eabi-10.3-2021.10/bin/../lib/gcc/arm-none-eabi/10.3.1/../../../../arm-none-eabi/lib/thumb/v7e-m+fp/hard\libg.a(lib_a-lock.o)
                0x9000f3b0                __retarget_lock_init_recursive
 .text.__retarget_lock_close_recursive
                0x9000f3b4        0x4 d:/gcc-arm-none-eabi-10.3-2021.10/bin/../lib/gcc/arm-none-eabi/10.3.1/../../../../arm-none-eabi/lib/thumb/v7e-m+fp/hard\libg.a(lib_a-lock.o)
                0x9000f3b4                __retarget_lock_close_recursive
 .text.__retarget_lock_acquire_recursive
                0x9000f3b8        0x4 d:/gcc-arm-none-eabi-10.3-2021.10/bin/../lib/gcc/arm-none-eabi/10.3.1/../../../../arm-none-eabi/lib/thumb/v7e-m+fp/hard\libg.a(lib_a-lock.o)
                0x9000f3b8                __retarget_lock_acquire_recursive
 .text.__retarget_lock_release_recursive
                0x9000f3bc        0x4 d:/gcc-arm-none-eabi-10.3-2021.10/bin/../lib/gcc/arm-none-eabi/10.3.1/../../../../arm-none-eabi/lib/thumb/v7e-m+fp/hard\libg.a(lib_a-lock.o)
                0x9000f3bc                __retarget_lock_release_recursive
 .text.__smakebuf_r