Archive member included to satisfy reference by file (symbol)

d:/gcc-arm-none-eabi-10.3-2021.10/bin/../lib/gcc/arm-none-eabi/10.3.1/thumb/v7e-m+fp/hard\libgcc.a(_arm_addsubdf3.o)
                              CMakeFiles/STM32H750XBH6_7_Cache_test.elf.dir/Core/Src/SD_use.c.obj (__aeabi_f2d)
d:/gcc-arm-none-eabi-10.3-2021.10/bin/../lib/gcc/arm-none-eabi/10.3.1/thumb/v7e-m+fp/hard\libgcc.a(_aeabi_uldivmod.o)
                              CMakeFiles/STM32H750XBH6_7_Cache_test.elf.dir/Drivers/STM32H7xx_HAL_Driver/Src/stm32h7xx_hal_uart.c.obj (__aeabi_uldivmod)
d:/gcc-arm-none-eabi-10.3-2021.10/bin/../lib/gcc/arm-none-eabi/10.3.1/thumb/v7e-m+fp/hard\libgcc.a(_udivmoddi4.o)
                              d:/gcc-arm-none-eabi-10.3-2021.10/bin/../lib/gcc/arm-none-eabi/10.3.1/thumb/v7e-m+fp/hard\libgcc.a(_aeabi_uldivmod.o) (__udivmoddi4)
d:/gcc-arm-none-eabi-10.3-2021.10/bin/../lib/gcc/arm-none-eabi/10.3.1/thumb/v7e-m+fp/hard\libgcc.a(_dvmd_tls.o)
                              d:/gcc-arm-none-eabi-10.3-2021.10/bin/../lib/gcc/arm-none-eabi/10.3.1/thumb/v7e-m+fp/hard\libgcc.a(_aeabi_uldivmod.o) (__aeabi_ldiv0)
d:/gcc-arm-none-eabi-10.3-2021.10/bin/../lib/gcc/arm-none-eabi/10.3.1/../../../../arm-none-eabi/lib/thumb/v7e-m+fp/hard\libg.a(lib_a-errno.o)
                              CMakeFiles/STM32H750XBH6_7_Cache_test.elf.dir/Core/Src/syscalls.c.obj (__errno)
d:/gcc-arm-none-eabi-10.3-2021.10/bin/../lib/gcc/arm-none-eabi/10.3.1/../../../../arm-none-eabi/lib/thumb/v7e-m+fp/hard\libg.a(lib_a-exit.o)
                              d:/gcc-arm-none-eabi-10.3-2021.10/bin/../lib/gcc/arm-none-eabi/10.3.1/../../../../arm-none-eabi/lib/thumb/v7e-m+fp/hard/crt0.o (exit)
d:/gcc-arm-none-eabi-10.3-2021.10/bin/../lib/gcc/arm-none-eabi/10.3.1/../../../../arm-none-eabi/lib/thumb/v7e-m+fp/hard\libg.a(lib_a-impure.o)
                              d:/gcc-arm-none-eabi-10.3-2021.10/bin/../lib/gcc/arm-none-eabi/10.3.1/../../../../arm-none-eabi/lib/thumb/v7e-m+fp/hard\libg.a(lib_a-exit.o) (_global_impure_ptr)
d:/gcc-arm-none-eabi-10.3-2021.10/bin/../lib/gcc/arm-none-eabi/10.3.1/../../../../arm-none-eabi/lib/thumb/v7e-m+fp/hard\libg.a(lib_a-init.o)
                              d:/gcc-arm-none-eabi-10.3-2021.10/bin/../lib/gcc/arm-none-eabi/10.3.1/../../../../arm-none-eabi/lib/thumb/v7e-m+fp/hard/crt0.o (__libc_init_array)
d:/gcc-arm-none-eabi-10.3-2021.10/bin/../lib/gcc/arm-none-eabi/10.3.1/../../../../arm-none-eabi/lib/thumb/v7e-m+fp/hard\libg.a(lib_a-memcpy.o)
                              CMakeFiles/STM32H750XBH6_7_Cache_test.elf.dir/FATFS/Target/sd_diskio.c.obj (memcpy)
d:/gcc-arm-none-eabi-10.3-2021.10/bin/../lib/gcc/arm-none-eabi/10.3.1/../../../../arm-none-eabi/lib/thumb/v7e-m+fp/hard\libg.a(lib_a-memset.o)
                              d:/gcc-arm-none-eabi-10.3-2021.10/bin/../lib/gcc/arm-none-eabi/10.3.1/../../../../arm-none-eabi/lib/thumb/v7e-m+fp/hard/crt0.o (memset)
d:/gcc-arm-none-eabi-10.3-2021.10/bin/../lib/gcc/arm-none-eabi/10.3.1/../../../../arm-none-eabi/lib/thumb/v7e-m+fp/hard\libg.a(lib_a-printf.o)
                              CMakeFiles/STM32H750XBH6_7_Cache_test.elf.dir/Core/Src/SD_use.c.obj (printf)
d:/gcc-arm-none-eabi-10.3-2021.10/bin/../lib/gcc/arm-none-eabi/10.3.1/../../../../arm-none-eabi/lib/thumb/v7e-m+fp/hard\libg.a(lib_a-puts.o)
                              CMakeFiles/STM32H750XBH6_7_Cache_test.elf.dir/Core/Src/SD_use.c.obj (puts)
d:/gcc-arm-none-eabi-10.3-2021.10/bin/../lib/gcc/arm-none-eabi/10.3.1/../../../../arm-none-eabi/lib/thumb/v7e-m+fp/hard\libg.a(lib_a-reent.o)
                              CMakeFiles/STM32H750XBH6_7_Cache_test.elf.dir/Middlewares/Third_Party/FreeRTOS/Source/tasks.c.obj (_reclaim_reent)
d:/gcc-arm-none-eabi-10.3-2021.10/bin/../lib/gcc/arm-none-eabi/10.3.1/../../../../arm-none-eabi/lib/thumb/v7e-m+fp/hard\libg.a(lib_a-strlen.o)
                              d:/gcc-arm-none-eabi-10.3-2021.10/bin/../lib/gcc/arm-none-eabi/10.3.1/../../../../arm-none-eabi/lib/thumb/v7e-m+fp/hard\libg.a(lib_a-puts.o) (strlen)
d:/gcc-arm-none-eabi-10.3-2021.10/bin/../lib/gcc/arm-none-eabi/10.3.1/../../../../arm-none-eabi/lib/thumb/v7e-m+fp/hard\libg.a(lib_a-vfprintf.o)
                              d:/gcc-arm-none-eabi-10.3-2021.10/bin/../lib/gcc/arm-none-eabi/10.3.1/../../../../arm-none-eabi/lib/thumb/v7e-m+fp/hard\libg.a(lib_a-printf.o) (_vfprintf_r)
d:/gcc-arm-none-eabi-10.3-2021.10/bin/../lib/gcc/arm-none-eabi/10.3.1/../../../../arm-none-eabi/lib/thumb/v7e-m+fp/hard\libg.a(lib_a-wsetup.o)
                              d:/gcc-arm-none-eabi-10.3-2021.10/bin/../lib/gcc/arm-none-eabi/10.3.1/../../../../arm-none-eabi/lib/thumb/v7e-m+fp/hard\libg.a(lib_a-vfprintf.o) (__swsetup_r)
d:/gcc-arm-none-eabi-10.3-2021.10/bin/../lib/gcc/arm-none-eabi/10.3.1/../../../../arm-none-eabi/lib/thumb/v7e-m+fp/hard\libg.a(lib_a-__call_atexit.o)
[...]
Memory Configuration

Name             Origin             Length             Attributes
FLASH            0x90000000         0x00800000         xr
DTCMRAM          0x20000000         0x00020000         xrw
RAM_D1           0x24000000         0x00080000         xrw
RAM_D2           0x30000000         0x00048000         xrw
RAM_D3           0x38000000         0x00010000         xrw
ITCMRAM          0x00000000         0x00010000         xrw
*default*        0x00000000         0xffffffff

Linker script and memory map

LOAD d:/gcc-arm-none-eabi-10.3-2021.10/bin/../lib/gcc/arm-none-eabi/10.3.1/thumb/v7e-m+fp/hard/crti.o
LOAD d:/gcc-arm-none-eabi-10.3-2021.10/bin/../lib/gcc/arm-none-eabi/10.3.1/thumb/v7e-m+fp/hard/crtbegin.o
LOAD d:/gcc-arm-none-eabi-10.3-2021.10/bin/../lib/gcc/arm-none-eabi/10.3.1/../../../../arm-none-eabi/lib/thumb/v7e-m+fp/hard/crt0.o
LOAD CMakeFiles/STM32H750XBH6_7_Cache_test.elf.dir/Core/Src/SD_use.c.obj
LOAD CMakeFiles/STM32H750XBH6_7_Cache_test.elf.dir/Core/Src/callback.c.obj
LOAD CMakeFiles/STM32H750XBH6_7_Cache_test.elf.dir/Core/Src/dma.c.obj
LOAD CMakeFiles/STM32H750XBH6_7_Cache_test.elf.dir/Core/Src/dma2d.c.obj
LOAD CMakeFiles/STM32H750XBH6_7_Cache_test.elf.dir/Core/Src/fmc.c.obj
LOAD CMakeFiles/STM32H750XBH6_7_Cache_test.elf.dir/Core/Src/freertos.c.obj
LOAD CMakeFiles/STM32H750XBH6_7_Cache_test.elf.dir/Core/Src/gpio.c.obj
LOAD CMakeFiles/STM32H750XBH6_7_Cache_test.elf.dir/Core/Src/i2c.c.obj
LOAD CMakeFiles/STM32H750XBH6_7_Cache_test.elf.dir/Core/Src/ltdc.c.obj
LOAD CMakeFiles/STM32H750XBH6_7_Cache_test.elf.dir/Core/Src/main.c.obj
LOAD CMakeFiles/STM32H750XBH6_7_Cache_test.elf.dir/Core/Src/sdmmc.c.obj
LOAD CMakeFiles/STM32H750XBH6_7_Cache_test.elf.dir/Core/Src/sdram_fmc_drv.c.obj
LOAD CMakeFiles/STM32H750XBH6_7_Cache_test.elf.dir/Core/Src/stm32h7xx_hal_msp.c.obj
LOAD CMakeFiles/STM32H750XBH6_7_Cache_test.elf.dir/Core/Src/stm32h7xx_hal_timebase_tim.c.obj
LOAD CMakeFiles/STM32H750XBH6_7_Cache_test.elf.dir/Core/Src/stm32h7xx_it.c.obj
LOAD CMakeFiles/STM32H750XBH6_7_Cache_test.elf.dir/Core/Src/syscalls.c.obj
LOAD CMakeFiles/STM32H750XBH6_7_Cache_test.elf.dir/Core/Src/sysmem.c.obj
LOAD CMakeFiles/STM32H750XBH6_7_Cache_test.elf.dir/Core/Src/system_stm32h7xx.c.obj
LOAD CMakeFiles/STM32H750XBH6_7_Cache_test.elf.dir/Core/Src/usart.c.obj
LOAD CMakeFiles/STM32H750XBH6_7_Cache_test.elf.dir/Core/Startup/startup_stm32h750xbhx.s.obj
LOAD CMakeFiles/STM32H750XBH6_7_Cache_test.elf.dir/Drivers/STM32H7xx_HAL_Driver/Src/stm32h7xx_hal.c.obj
LOAD CMakeFiles/STM32H750XBH6_7_Cache_test.elf.dir/Drivers/STM32H7xx_HAL_Driver/Src/stm32h7xx_hal_cortex.c.obj
LOAD CMakeFiles/STM32H750XBH6_7_Cache_test.elf.dir/Drivers/STM32H7xx_HAL_Driver/Src/stm32h7xx_hal_dma.c.obj
LOAD CMakeFiles/STM32H750XBH6_7_Cache_test.elf.dir/Drivers/STM32H7xx_HAL_Driver/Src/stm32h7xx_hal_dma2d.c.obj
LOAD CMakeFiles/STM32H750XBH6_7_Cache_test.elf.dir/Drivers/STM32H7xx_HAL_Driver/Src/stm32h7xx_hal_dma_ex.c.obj
LOAD CMakeFiles/STM32H750XBH6_7_Cache_test.elf.dir/Drivers/STM32H7xx_HAL_Driver/Src/stm32h7xx_hal_exti.c.obj
LOAD CMakeFiles/STM32H750XBH6_7_Cache_test.elf.dir/Drivers/STM32H7xx_HAL_Driver/Src/stm32h7xx_hal_flash.c.obj
LOAD CMakeFiles/STM32H750XBH6_7_Cache_test.elf.dir/Drivers/STM32H7xx_HAL_Driver/Src/stm32h7xx_hal_flash_ex.c.obj
LOAD CMakeFiles/STM32H750XBH6_7_Cache_test.elf.dir/Drivers/STM32H7xx_HAL_Driver/Src/stm32h7xx_hal_gpio.c.obj
LOAD CMakeFiles/STM32H750XBH6_7_Cache_test.elf.dir/Drivers/STM32H7xx_HAL_Driver/Src/stm32h7xx_hal_hsem.c.obj
LOAD CMakeFiles/STM32H750XBH6_7_Cache_test.elf.dir/Drivers/STM32H7xx_HAL_Driver/Src/stm32h7xx_hal_i2c.c.obj
LOAD CMakeFiles/STM32H750XBH6_7_Cache_test.elf.dir/Drivers/STM32H7xx_HAL_Driver/Src/stm32h7xx_hal_i2c_ex.c.obj
LOAD CMakeFiles/STM32H750XBH6_7_Cache_test.elf.dir/Drivers/STM32H7xx_HAL_Driver/Src/stm32h7xx_hal_ltdc.c.obj
LOAD CMakeFiles/STM32H750XBH6_7_Cache_test.elf.dir/Drivers/STM32H7xx_HAL_Driver/Src/stm32h7xx_hal_ltdc_ex.c.obj
LOAD CMakeFiles/STM32H750XBH6_7_Cache_test.elf.dir/Drivers/STM32H7xx_HAL_Driver/Src/stm32h7xx_hal_mdma.c.obj
LOAD CMakeFiles/STM32H750XBH6_7_Cache_test.elf.dir/Drivers/STM32H7xx_HAL_Driver/Src/stm32h7xx_hal_pwr.c.obj
LOAD CMakeFiles/STM32H750XBH6_7_Cache_test.elf.dir/Drivers/STM32H7xx_HAL_Driver/Src/stm32h7xx_hal_pwr_ex.c.obj
LOAD CMakeFiles/STM32H750XBH6_7_Cache_test.elf.dir/Drivers/STM32H7xx_HAL_Driver/Src/stm32h7xx_hal_rcc.c.obj
LOAD CMakeFiles/STM32H750XBH6_7_Cache_test.elf.dir/Drivers/STM32H7xx_HAL_Driver/Src/stm32h7xx_hal_rcc_ex.c.obj
LOAD CMakeFiles/STM32H750XBH6_7_Cache_test.elf.dir/Drivers/STM32H7xx_HAL_Driver/Src/stm32h7xx_hal_sd.c.obj
LOAD CMakeFiles/STM32H750XBH6_7_Cache_test.elf.dir/Drivers/STM32H7xx_HAL_Driver/Src/stm32h7xx_hal_sd_ex.c.obj
LOAD CMakeFiles/STM32H750XBH6_7_Cache_test.elf.dir/Drivers/STM32H7xx_HAL_Driver/Src/stm32h7xx_hal_sdram.c.obj
LOAD CMakeFiles/STM32H750XBH6_7_Cache_test.elf.dir/Drivers/STM32H7xx_HAL_Driver/Src/stm32h7xx_hal_tim.c.obj
LOAD CMakeFiles/STM32H750XBH6_7_Cache_test.elf.dir/Drivers/STM32H7xx_HAL_Driver/Src/stm32h7xx_hal_tim_ex.c.obj
LOAD CMakeFiles/STM32H750XBH6_7_Cache_test.elf.dir/Drivers/STM32H7xx_HAL_Driver/Src/stm32h7xx_hal_uart.c.obj
LOAD CMakeFiles/STM32H750XBH6_7_Cache_test.elf.dir/Drivers/STM32H7xx_HAL_Driver/Src/stm32h7xx_hal_uart_ex.c.obj
LOAD CMakeFiles/STM32H750XBH6_7_Cache_test.elf.dir/Drivers/STM32H7xx_HAL_Driver/Src/stm32h7xx_ll_delayblock.c.obj
LOAD CMakeFiles/STM32H750XBH6_7_Cache_test.elf.dir/Drivers/STM32H7xx_HAL_Driver/Src/stm32h7xx_ll_fmc.c.obj
LOAD CMakeFiles/STM32H750XBH6_7_Cache_test.elf.dir/Drivers/STM32H7xx_HAL_Driver/Src/stm32h7xx_ll_sdmmc.c.obj
LOAD CMakeFiles/STM32H750XBH6_7_Cache_test.elf.dir/FATFS/App/fatfs.c.obj
LOAD CMakeFiles/STM32H750XBH6_7_Cache_test.elf.dir/FATFS/Target/bsp_driver_sd.c.obj
LOAD CMakeFiles/STM32H750XBH6_7_Cache_test.elf.dir/FATFS/Target/sd_diskio.c.obj
LOAD CMakeFiles/STM32H750XBH6_7_Cache_test.elf.dir/Middlewares/Third_Party/FatFs/src/diskio.c.obj
LOAD CMakeFiles/STM32H750XBH6_7_Cache_test.elf.dir/Middlewares/Third_Party/FatFs/src/ff.c.obj
LOAD CMakeFiles/STM32H750XBH6_7_Cache_test.elf.dir/Middlewares/Third_Party/FatFs/src/ff_gen_drv.c.obj
LOAD CMakeFiles/STM32H750XBH6_7_Cache_test.elf.dir/Middlewares/Third_Party/FatFs/src/option/cc936.c.obj
LOAD CMakeFiles/STM32H750XBH6_7_Cache_test.elf.dir/Middlewares/Third_Party/FatFs/src/option/syscall.c.obj
LOAD CMakeFiles/STM32H750XBH6_7_Cache_test.elf.dir/Middlewares/Third_Party/FreeRTOS/Source/CMSIS_RTOS/cmsis_os.c.obj
LOAD CMakeFiles/STM32H750XBH6_7_Cache_test.elf.dir/Middlewares/Third_Party/FreeRTOS/Source/croutine.c.obj
LOAD CMakeFiles/STM32H750XBH6_7_Cache_test.elf.dir/Middlewares/Third_Party/FreeRTOS/Source/event_groups.c.obj
LOAD CMakeFiles/STM32H750XBH6_7_Cache_test.elf.dir/Middlewares/Third_Party/FreeRTOS/Source/list.c.obj
LOAD CMakeFiles/STM32H750XBH6_7_Cache_test.elf.dir/Middlewares/Third_Party/FreeRTOS/Source/portable/GCC/ARM_CM4F/port.c.obj
LOAD CMakeFiles/STM32H750XBH6_7_Cache_test.elf.dir/Middlewares/Third_Party/FreeRTOS/Source/portable/MemMang/heap_4.c.obj
LOAD CMakeFiles/STM32H750XBH6_7_Cache_test.elf.dir/Middlewares/Third_Party/FreeRTOS/Source/queue.c.obj
LOAD CMakeFiles/STM32H750XBH6_7_Cache_test.elf.dir/Middlewares/Third_Party/FreeRTOS/Source/stream_buffer.c.obj
LOAD CMakeFiles/STM32H750XBH6_7_Cache_test.elf.dir/Middlewares/Third_Party/FreeRTOS/Source/tasks.c.obj
LOAD CMakeFiles/STM32H750XBH6_7_Cache_test.elf.dir/Middlewares/Third_Party/FreeRTOS/Source/timers.c.obj
LOAD CMakeFiles/STM32H750XBH6_7_Cache_test.elf.dir/User/GT911/user_ts_gt911.c.obj
LOAD CMakeFiles/STM32H750XBH6_7_Cache_test.elf.dir/User/I2C_User/user_i2c_gpio.c.obj
LOAD CMakeFiles/STM32H750XBH6_7_Cache_test.elf.dir/User/Time_User/user_time.c.obj
LOAD CMakeFiles/STM32H750XBH6_7_Cache_test.elf.dir/User/touch/touch.c.obj
START GROUP
LOAD d:/gcc-arm-none-eabi-10.3-2021.10/bin/../lib/gcc/arm-none-eabi/10.3.1/thumb/v7e-m+fp/hard\libgcc.a
LOAD d:/gcc-arm-none-eabi-10.3-2021.10/bin/../lib/gcc/arm-none-eabi/10.3.1/../../../../arm-none-eabi/lib/thumb/v7e-m+fp/hard\libg.a
LOAD d:/gcc-arm-none-eabi-10.3-2021.10/bin/../lib/gcc/arm-none-eabi/10.3.1/../../../../arm-none-eabi/lib/thumb/v7e-m+fp/hard\libc.a
END GROUP
LOAD d:/gcc-arm-none-eabi-10.3-2021.10/bin/../lib/gcc/arm-none-eabi/10.3.1/thumb/v7e-m+fp/hard/crtend.o
LOAD d:/gcc-arm-none-eabi-10.3-2021.10/bin/../lib/gcc/arm-none-eabi/10.3.1/thumb/v7e-m+fp/hard/crtn.o
                0x24080000                _estack = (ORIGIN (RAM_D1) + LENGTH (RAM_D1))
                0x0000f000                _Min_Heap_Size = 0xf000
                0x0000f000                _Min_Stack_Size = 0xf000

.isr_vector     0x90000000      0x298
                0x90000000                . = ALIGN (0x4)
 *(.isr_vector)
 .isr_vector    0x90000000      0x298 CMakeFiles/STM32H750XBH6_7_Cache_test.elf.dir/Core/Startup/startup_stm32h750xbhx.s.obj
                0x90000000                g_pfnVectors
                0x90000298                . = ALIGN (0x4)

.text           0x900002c0    0x114a0
                0x900002c0                . = ALIGN (0x4)
 *(.text)
 .text          0x900002c0       0x40 d:/gcc-arm-none-eabi-10.3-2021.10/bin/../lib/gcc/arm-none-eabi/10.3.1/thumb/v7e-m+fp/hard/crtbegin.o
 .text          0x90000300      0x378 d:/gcc-arm-none-eabi-10.3-2021.10/bin/../lib/gcc/arm-none-eabi/10.3.1/thumb/v7e-m+fp/hard\libgcc.a(_arm_addsubdf3.o)
                0x90000300                __aeabi_drsub
                0x90000308                __aeabi_dsub
                0x90000308                __subdf3
                0x9000030c                __aeabi_dadd
                0x9000030c                __adddf3
                0x90000584                __floatunsidf
                0x90000584                __aeabi_ui2d
                0x900005a4                __floatsidf
                0x900005a4                __aeabi_i2d
                0x900005c8                __aeabi_f2d
                0x900005c8                __extendsfdf2
                0x9000060c                __floatundidf
                0x9000060c                __aeabi_ul2d
                0x9000061c                __floatdidf
                0x9000061c                __aeabi_l2d
 .text          0x90000678       0x30 d:/gcc-arm-none-eabi-10.3-2021.10/bin/../lib/gcc/arm-none-eabi/10.3.1/thumb/v7e-m+fp/hard\libgcc.a(_aeabi_uldivmod.o)
                0x90000678                __aeabi_uldivmod
 .text          0x900006a8      0x2d0 d:/gcc-arm-none-eabi-10.3-2021.10/bin/../lib/gcc/arm-none-eabi/10.3.1/thumb/v7e-m+fp/hard\libgcc.a(_udivmoddi4.o)
                0x900006a8                __udivmoddi4
 .text          0x90000978        0x4 d:/gcc-arm-none-eabi-10.3-2021.10/bin/../lib/gcc/arm-none-eabi/10.3.1/thumb/v7e-m+fp/hard\libgcc.a(_dvmd_tls.o)
                0x90000978                __aeabi_idiv0
                0x90000978                __aeabi_ldiv0
 .text          0x9000097c      0x134 d:/gcc-arm-none-eabi-10.3-2021.10/bin/../lib/gcc/arm-none-eabi/10.3.1/../../../../arm-none-eabi/lib/thumb/v7e-m+fp/hard\libg.a(lib_a-memcpy.o)
                0x9000097c                memcpy
 *fill*         0x90000ab0       0x10 
 .text          0x90000ac0       0xdc d:/gcc-arm-none-eabi-10.3-2021.10/bin/../lib/gcc/arm-none-eabi/10.3.1/../../../../arm-none-eabi/lib/thumb/v7e-m+fp/hard\libg.a(lib_a-strlen.o)
                0x90000ac0                strlen
 *fill*         0x90000b9c        0x4 
 .text          0x90000ba0       0xa0 d:/gcc-arm-none-eabi-10.3-2021.10/bin/../lib/gcc/arm-none-eabi/10.3.1/../../../../arm-none-eabi/lib/thumb/v7e-m+fp/hard\libg.a(lib_a-memchr.o)
                0x90000ba0                memchr
 .text          0x90000c40      0x424 d:/gcc-arm-none-eabi-10.3-2021.10/bin/../lib/gcc/arm-none-eabi/10.3.1/thumb/v7e-m+fp/hard\libgcc.a(_arm_muldivdf3.o)
                0x90000c40                __aeabi_dmul
                0x90000c40                __muldf3
                0x90000e94                __divdf3
                0x90000e94                __aeabi_ddiv
 .text          0x90001064      0x110 d:/gcc-arm-none-eabi-10.3-2021.10/bin/../lib/gcc/arm-none-eabi/10.3.1/thumb/v7e-m+fp/hard\libgcc.a(_arm_cmpdf2.o)
                0x90001064                __gtdf2
                0x90001064                __gedf2
                0x9000106c                __ltdf2
                0x9000106c                __ledf2
                0x90001074                __nedf2
                0x90001074                __eqdf2
                0x90001074                __cmpdf2
                0x900010f0                __aeabi_cdrcmple
                0x90001100                __aeabi_cdcmpeq
                0x90001100                __aeabi_cdcmple
                0x90001110                __aeabi_dcmpeq
                0x90001124                __aeabi_dcmplt
                0x90001138                __aeabi_dcmple
                0x9000114c                __aeabi_dcmpge
                0x90001160                __aeabi_dcmpgt
 .text          0x90001174       0x2c d:/gcc-arm-none-eabi-10.3-2021.10/bin/../lib/gcc/arm-none-eabi/10.3.1/thumb/v7e-m+fp/hard\libgcc.a(_arm_unorddf2.o)
                0x90001174                __unorddf2
                0x90001174                __aeabi_dcmpun
 .text          0x900011a0       0x50 d:/gcc-arm-none-eabi-10.3-2021.10/bin/../lib/gcc/arm-none-eabi/10.3.1/thumb/v7e-m+fp/hard\libgcc.a(_arm_fixdfsi.o)
                0x900011a0                __aeabi_d2iz
                0x900011a0                __fixdfsi
 *(.text*)
 .text.HAL_GPIO_EXTI_Callback
                0x900011f0       0x34 CMakeFiles/STM32H750XBH6_7_Cache_test.elf.dir/Core/Src/callback.c.obj
                0x900011f0                HAL_GPIO_EXTI_Callback
 .text.MX_DMA_Init
                0x90001224       0x48 CMakeFiles/STM32H750XBH6_7_Cache_test.elf.dir/Core/Src/dma.c.obj
                0x90001224                MX_DMA_Init
 .text.MX_DMA2D_Init
                0x9000126c       0x2c CMakeFiles/STM32H750XBH6_7_Cache_test.elf.dir/Core/Src/dma2d.c.obj
                0x9000126c                MX_DMA2D_Init
 .text.HAL_DMA2D_MspInit
                0x90001298       0x34 CMakeFiles/STM32H750XBH6_7_Cache_test.elf.dir/Core/Src/dma2d.c.obj
                0x90001298                HAL_DMA2D_MspInit
 .text.HAL_FMC_MspInit
                0x900012cc      0x108 CMakeFiles/STM32H750XBH6_7_Cache_test.elf.dir/Core/Src/fmc.c.obj
 .text.MX_FMC_Init
                0x900013d4       0x78 CMakeFiles/STM32H750XBH6_7_Cache_test.elf.dir/Core/Src/fmc.c.obj
                0x900013d4                MX_FMC_Init
 .text.HAL_SDRAM_MspInit
                0x9000144c        0x8 CMakeFiles/STM32H750XBH6_7_Cache_test.elf.dir/Core/Src/fmc.c.obj
                0x9000144c                HAL_SDRAM_MspInit
 .text.StartDefaultTask
                0x90001454        0xa CMakeFiles/STM32H750XBH6_7_Cache_test.elf.dir/Core/Src/freertos.c.obj
                0x90001454                StartDefaultTask
 .text.debug_thread
                0x9000145e        0xa CMakeFiles/STM32H750XBH6_7_Cache_test.elf.dir/Core/Src/freertos.c.obj
                0x9000145e                debug_thread
 .text.lvgl_thread
                0x90001468        0xa CMakeFiles/STM32H750XBH6_7_Cache_test.elf.dir/Core/Src/freertos.c.obj
                0x90001468                lvgl_thread
 .text.flie_thread
                0x90001472        0xa CMakeFiles/STM32H750XBH6_7_Cache_test.elf.dir/Core/Src/freertos.c.obj
                0x90001472                flie_thread
 .text.led_thread
                0x9000147c       0x34 CMakeFiles/STM32H750XBH6_7_Cache_test.elf.dir/Core/Src/freertos.c.obj
                0x9000147c                led_thread
 .text.main_thread
                0x900014b0        0xa CMakeFiles/STM32H750XBH6_7_Cache_test.elf.dir/Core/Src/freertos.c.obj
                0x900014b0                main_thread
 .text.key_thread
                0x900014ba        0xe CMakeFiles/STM32H750XBH6_7_Cache_test.elf.dir/Core/Src/freertos.c.obj
                0x900014ba                key_thread
 .text.vApplicationGetIdleTaskMemory
                0x900014c8       0x18 CMakeFiles/STM32H750XBH6_7_Cache_test.elf.dir/Core/Src/freertos.c.obj
                0x900014c8                vApplicationGetIdleTaskMemory
 .text.MX_FREERTOS_Init
                0x900014e0      0x124 CMakeFiles/STM32H750XBH6_7_Cache_test.elf.dir/Core/Src/freertos.c.obj
                0x900014e0                MX_FREERTOS_Init
 .text.MX_GPIO_Init
                0x90001604      0x1f4 CMakeFiles/STM32H750XBH6_7_Cache_test.elf.dir/Core/Src/gpio.c.obj
                0x90001604                MX_GPIO_Init
 .text.MX_LTDC_Init
                0x900017f8       0xb4 CMakeFiles/STM32H750XBH6_7_Cache_test.elf.dir/Core/Src/ltdc.c.obj
                0x900017f8                MX_LTDC_Init
 .text.HAL_LTDC_MspInit
                0x900018ac      0x118 CMakeFiles/STM32H750XBH6_7_Cache_test.elf.dir/Core/Src/ltdc.c.obj
                0x900018ac                HAL_LTDC_MspInit
 .text.LTDC_Fill
                0x900019c4       0x9c CMakeFiles/STM32H750XBH6_7_Cache_test.elf.dir/Core/Src/ltdc.c.obj
                0x900019c4                LTDC_Fill
 .text.LTDC_Clear
                0x90001a60       0x1c CMakeFiles/STM32H750XBH6_7_Cache_test.elf.dir/Core/Src/ltdc.c.obj
                0x90001a60                LTDC_Clear
 .text.LTDC_ON  0x90001a7c       0x14 CMakeFiles/STM32H750XBH6_7_Cache_test.elf.dir/Core/Src/ltdc.c.obj
                0x90001a7c                LTDC_ON
 .text.LTDC_Init
                0x90001a90       0x34 CMakeFiles/STM32H750XBH6_7_Cache_test.elf.dir/Core/Src/ltdc.c.obj
                0x90001a90                LTDC_Init
 .text.MPU_Config
                0x90001ac4       0x94 CMakeFiles/STM32H750XBH6_7_Cache_test.elf.dir/Core/Src/main.c.obj
 .text.HAL_TIM_PeriodElapsedCallback
                0x90001b58       0x18 CMakeFiles/STM32H750XBH6_7_Cache_test.elf.dir/Core/Src/main.c.obj
                0x90001b58                HAL_TIM_PeriodElapsedCallback
 .text.Error_Handler
                0x90001b70        0x4 CMakeFiles/STM32H750XBH6_7_Cache_test.elf.dir/Core/Src/main.c.obj
                0x90001b70                Error_Handler
 .text.SystemClock_Config
                0x90001b74      0x114 CMakeFiles/STM32H750XBH6_7_Cache_test.elf.dir/Core/Src/main.c.obj
                0x90001b74                SystemClock_Config
 .text.main     0x90001c88      0x104 CMakeFiles/STM32H750XBH6_7_Cache_test.elf.dir/Core/Src/main.c.obj
                0x90001c88                main
 .text.MX_SDMMC1_SD_Init
                0x90001d8c       0x28 CMakeFiles/STM32H750XBH6_7_Cache_test.elf.dir/Core/Src/sdmmc.c.obj
                0x90001d8c                MX_SDMMC1_SD_Init
 .text.HAL_SD_MspInit
                0x90001db4      0x104 CMakeFiles/STM32H750XBH6_7_Cache_test.elf.dir/Core/Src/sdmmc.c.obj
                0x90001db4                HAL_SD_MspInit
 .text.SDRAM_SendCommand
                0x90001eb8       0x38 CMakeFiles/STM32H750XBH6_7_Cache_test.elf.dir/Core/Src/sdram_fmc_drv.c.obj
 .text.SDRAM_Init
                0x90001ef0       0x4c CMakeFiles/STM32H750XBH6_7_Cache_test.elf.dir/Core/Src/sdram_fmc_drv.c.obj
                0x90001ef0                SDRAM_Init
 .text.HAL_MspInit
                0x90001f3c       0x34 CMakeFiles/STM32H750XBH6_7_Cache_test.elf.dir/Core/Src/stm32h7xx_hal_msp.c.obj
                0x90001f3c                HAL_MspInit
 .text.HAL_InitTick
                0x90001f70       0x9c CMakeFiles/STM32H750XBH6_7_Cache_test.elf.dir/Core/Src/stm32h7xx_hal_timebase_tim.c.obj
                0x90001f70                HAL_InitTick
 .text.NMI_Handler
                0x9000200c        0x2 CMakeFiles/STM32H750XBH6_7_Cache_test.elf.dir/Core/Src/stm32h7xx_it.c.obj
                0x9000200c                NMI_Handler
 .text.HardFault_Handler
                0x9000200e        0x2 CMakeFiles/STM32H750XBH6_7_Cache_test.elf.dir/Core/Src/stm32h7xx_it.c.obj
                0x9000200e                HardFault_Handler
 .text.MemManage_Handler
                0x90002010        0x2 CMakeFiles/STM32H750XBH6_7_Cache_test.elf.dir/Core/Src/stm32h7xx_it.c.obj
                0x90002010                MemManage_Handler
 .text.BusFault_Handler
                0x90002012        0x2 CMakeFiles/STM32H750XBH6_7_Cache_test.elf.dir/Core/Src/stm32h7xx_it.c.obj
                0x90002012                BusFault_Handler
 .text.UsageFault_Handler
                0x90002014        0x2 CMakeFiles/STM32H750XBH6_7_Cache_test.elf.dir/Core/Src/stm32h7xx_it.c.obj
                0x90002014                UsageFault_Handler
 .text.DebugMon_Handler
                0x90002016        0x2 CMakeFiles/STM32H750XBH6_7_Cache_test.elf.dir/Core/Src/stm32h7xx_it.c.obj
                0x90002016                DebugMon_Handler
 .text.EXTI4_IRQHandler
                0x90002018        0xa CMakeFiles/STM32H750XBH6_7_Cache_test.elf.dir/Core/Src/stm32h7xx_it.c.obj
                0x90002018                EXTI4_IRQHandler
 *fill*         0x90002022        0x2 
 .text.DMA1_Stream0_IRQHandler
                0x90002024       0x10 CMakeFiles/STM32H750XBH6_7_Cache_test.elf.dir/Core/Src/stm32h7xx_it.c.obj
                0x90002024                DMA1_Stream0_IRQHandler
 .text.DMA1_Stream1_IRQHandler
                0x90002034       0x10 CMakeFiles/STM32H750XBH6_7_Cache_test.elf.dir/Core/Src/stm32h7xx_it.c.obj
                0x90002034                DMA1_Stream1_IRQHandler
 .text.EXTI15_10_IRQHandler
                0x90002044        0xc CMakeFiles/STM32H750XBH6_7_Cache_test.elf.dir/Core/Src/stm32h7xx_it.c.obj
                0x90002044                EXTI15_10_IRQHandler
 .text.SDMMC1_IRQHandler
                0x90002050       0x10 CMakeFiles/STM32H750XBH6_7_Cache_test.elf.dir/Core/Src/stm32h7xx_it.c.obj
                0x90002050                SDMMC1_IRQHandler
 .text.UART4_IRQHandler
                0x90002060       0x10 CMakeFiles/STM32H750XBH6_7_Cache_test.elf.dir/Core/Src/stm32h7xx_it.c.obj
                0x90002060                UART4_IRQHandler
 .text.TIM6_DAC_IRQHandler
                0x90002070       0x10 CMakeFiles/STM32H750XBH6_7_Cache_test.elf.dir/Core/Src/stm32h7xx_it.c.obj
                0x90002070                TIM6_DAC_IRQHandler
 .text._getpid  0x90002080        0x4 CMakeFiles/STM32H750XBH6_7_Cache_test.elf.dir/Core/Src/syscalls.c.obj
                0x90002080                _getpid
 .text._kill    0x90002084       0x10 CMakeFiles/STM32H750XBH6_7_Cache_test.elf.dir/Core/Src/syscalls.c.obj
                0x90002084                _kill
 .text._exit    0x90002094        0xc CMakeFiles/STM32H750XBH6_7_Cache_test.elf.dir/Core/Src/syscalls.c.obj
                0x90002094                _exit
 .text._read    0x900020a0       0x20 CMakeFiles/STM32H750XBH6_7_Cache_test.elf.dir/Core/Src/syscalls.c.obj
                0x900020a0                _read
 .text._write   0x900020c0       0x1c CMakeFiles/STM32H750XBH6_7_Cache_test.elf.dir/Core/Src/syscalls.c.obj
                0x900020c0                _write
 .text._close   0x900020dc        0x6 CMakeFiles/STM32H750XBH6_7_Cache_test.elf.dir/Core/Src/syscalls.c.obj
                0x900020dc                _close
 .text._fstat   0x900020e2        0xa CMakeFiles/STM32H750XBH6_7_Cache_test.elf.dir/Core/Src/syscalls.c.obj
                0x900020e2                _fstat
 .text._isatty  0x900020ec        0x4 CMakeFiles/STM32H750XBH6_7_Cache_test.elf.dir/Core/Src/syscalls.c.obj
                0x900020ec                _isatty
 .text._lseek   0x900020f0        0x4 CMakeFiles/STM32H750XBH6_7_Cache_test.elf.dir/Core/Src/syscalls.c.obj
                0x900020f0                _lseek
 .text._sbrk    0x900020f4       0x48 CMakeFiles/STM32H750XBH6_7_Cache_test.elf.dir/Core/Src/sysmem.c.obj
                0x900020f4                _sbrk
 .text.SystemInit
                0x9000213c       0xd4 CMakeFiles/STM32H750XBH6_7_Cache_test.elf.dir/Core/Src/system_stm32h7xx.c.obj
                0x9000213c                SystemInit
 .text.MX_UART4_Init
                0x90002210       0x68 CMakeFiles/STM32H750XBH6_7_Cache_test.elf.dir/Core/Src/usart.c.obj
                0x90002210                MX_UART4_Init
 .text.HAL_UART_MspInit
                0x90002278      0x150 CMakeFiles/STM32H750XBH6_7_Cache_test.elf.dir/Core/Src/usart.c.obj
                0x90002278                HAL_UART_MspInit
 .text.__io_putchar
                0x900023c8       0x20 CMakeFiles/STM32H750XBH6_7_Cache_test.elf.dir/Core/Src/usart.c.obj
                0x900023c8                __io_putchar
 .text.Reset_Handler
                0x900023e8       0x50 CMakeFiles/STM32H750XBH6_7_Cache_test.elf.dir/Core/Startup/startup_stm32h750xbhx.s.obj
                0x900023e8                Reset_Handler
 .text.Default_Handler
                0x90002438        0x2 CMakeFiles/STM32H750XBH6_7_Cache_test.elf.dir/Core/Startup/startup_stm32h750xbhx.s.obj
                0x90002438                RTC_Alarm_IRQHandler
                0x90002438                HASH_RNG_IRQHandler
                0x90002438                EXTI2_IRQHandler
                0x90002438                TIM8_CC_IRQHandler
                0x90002438                HRTIM1_Master_IRQHandler
                0x90002438                UART8_IRQHandler
                0x90002438                SPI4_IRQHandler
                0x90002438                TIM1_CC_IRQHandler
                0x90002438                BDMA_Channel6_IRQHandler
                0x90002438                DMA2_Stream5_IRQHandler
                0x90002438                HRTIM1_FLT_IRQHandler
                0x90002438                JPEG_IRQHandler
                0x90002438                DMA1_Stream5_IRQHandler
                0x90002438                BDMA_Channel1_IRQHandler
                0x90002438                HRTIM1_TIMD_IRQHandler
                0x90002438                TAMP_STAMP_IRQHandler
                0x90002438                EXTI3_IRQHandler
                0x90002438                LPTIM4_IRQHandler
                0x90002438                TIM8_TRG_COM_TIM14_IRQHandler
                0x90002438                LPTIM2_IRQHandler
                0x90002438                DFSDM1_FLT1_IRQHandler
                0x90002438                DMAMUX2_OVR_IRQHandler
                0x90002438                TIM8_UP_TIM13_IRQHandler
                0x90002438                I2C3_ER_IRQHandler
                0x90002438                DFSDM1_FLT2_IRQHandler
                0x90002438                MDMA_IRQHandler
                0x90002438                LPTIM3_IRQHandler
                0x90002438                HSEM1_IRQHandler
                0x90002438                EXTI0_IRQHandler
                0x90002438                I2C2_EV_IRQHandler
                0x90002438                DMA1_Stream2_IRQHandler
                0x90002438                FPU_IRQHandler
                0x90002438                OTG_HS_WKUP_IRQHandler
                0x90002438                FDCAN1_IT1_IRQHandler
                0x90002438                LTDC_ER_IRQHandler
                0x90002438                DMA2_Stream2_IRQHandler
                0x90002438                HRTIM1_TIME_IRQHandler
                0x90002438                SPI1_IRQHandler
                0x90002438                DCMI_IRQHandler
                0x90002438                HRTIM1_TIMC_IRQHandler
                0x90002438                DMA2_Stream3_IRQHandler
                0x90002438                SAI2_IRQHandler
                0x90002438                DFSDM1_FLT3_IRQHandler
                0x90002438                USART6_IRQHandler
                0x90002438                TIM17_IRQHandler
                0x90002438                USART3_IRQHandler
                0x90002438                BDMA_Channel7_IRQHandler
                0x90002438                CRYP_IRQHandler
                0x90002438                LPTIM5_IRQHandler
                0x90002438                UART5_IRQHandler
                0x90002438                ADC3_IRQHandler
                0x90002438                DMA2_Stream0_IRQHandler
                0x90002438                TIM4_IRQHandler
                0x90002438                BDMA_Channel2_IRQHandler
                0x90002438                QUADSPI_IRQHandler
                0x90002438                I2C1_EV_IRQHandler
                0x90002438                DMA1_Stream6_IRQHandler
                0x90002438                DMAMUX1_OVR_IRQHandler
                0x90002438                TIM16_IRQHandler
                0x90002438                BDMA_Channel5_IRQHandler
                0x90002438                TIM3_IRQHandler
                0x90002438                RCC_IRQHandler
                0x90002438                TIM8_BRK_TIM12_IRQHandler
                0x90002438                TIM1_TRG_COM_IRQHandler
                0x90002438                Default_Handler
                0x90002438                ECC_IRQHandler
                0x90002438                CEC_IRQHandler
                0x90002438                BDMA_Channel0_IRQHandler
                0x90002438                ADC_IRQHandler
                0x90002438                DMA1_Stream7_IRQHandler
                0x90002438                HRTIM1_TIMA_IRQHandler
                0x90002438                SPI5_IRQHandler
                0x90002438                TIM7_IRQHandler
                0x90002438                TIM5_IRQHandler
                0x90002438                DMA2_Stream7_IRQHandler
                0x90002438                TIM15_IRQHandler
                0x90002438                PVD_AVD_IRQHandler
                0x90002438                I2C3_EV_IRQHandler
                0x90002438                EXTI9_5_IRQHandler
                0x90002438                RTC_WKUP_IRQHandler
                0x90002438                LTDC_IRQHandler
                0x90002438                SAI3_IRQHandler
                0x90002438                ETH_WKUP_IRQHandler
                0x90002438                SPDIF_RX_IRQHandler
                0x90002438                SPI2_IRQHandler
                0x90002438                OTG_HS_EP1_IN_IRQHandler
                0x90002438                CRS_IRQHandler
                0x90002438                HRTIM1_TIMB_IRQHandler
                0x90002438                FDCAN2_IT1_IRQHandler
                0x90002438                ETH_IRQHandler
                0x90002438                TIM1_UP_IRQHandler
                0x90002438                BDMA_Channel4_IRQHandler
                0x90002438                OTG_HS_EP1_OUT_IRQHandler
                0x90002438                WWDG_IRQHandler
                0x90002438                SPI6_IRQHandler
                0x90002438                MDIOS_IRQHandler
                0x90002438                I2C4_EV_IRQHandler
                0x90002438                FDCAN2_IT0_IRQHandler
                0x90002438                LPUART1_IRQHandler
                0x90002438                FDCAN1_IT0_IRQHandler
                0x90002438                TIM2_IRQHandler
                0x90002438                OTG_FS_WKUP_IRQHandler
                0x90002438                OTG_HS_IRQHandler
                0x90002438                DMA2D_IRQHandler
                0x90002438                TIM1_BRK_IRQHandler
                0x90002438                EXTI1_IRQHandler
                0x90002438                SDMMC2_IRQHandler
                0x90002438                OTG_FS_EP1_OUT_IRQHandler
                0x90002438                BDMA_Channel3_IRQHandler
                0x90002438                UART7_IRQHandler
                0x90002438                MDIOS_WKUP_IRQHandler
                0x90002438                USART2_IRQHandler
                0x90002438                DFSDM1_FLT0_IRQHandler
                0x90002438                SAI4_IRQHandler
                0x90002438                I2C2_ER_IRQHandler
                0x90002438                DMA2_Stream1_IRQHandler
                0x90002438                FLASH_IRQHandler
                0x90002438                DMA2_Stream4_IRQHandler
                0x90002438                USART1_IRQHandler
                0x90002438                OTG_FS_IRQHandler
                0x90002438                SPI3_IRQHandler
                0x90002438                WAKEUP_PIN_IRQHandler
                0x90002438                DMA1_Stream4_IRQHandler
                0x90002438                OTG_FS_EP1_IN_IRQHandler
                0x90002438                I2C1_ER_IRQHandler
                0x90002438                FMC_IRQHandler
                0x90002438                FDCAN_CAL_IRQHandler
                0x90002438                SWPMI1_IRQHandler
                0x90002438                COMP1_IRQHandler
                0x90002438                LPTIM1_IRQHandler
                0x90002438                I2C4_ER_IRQHandler
                0x90002438                DMA2_Stream6_IRQHandler
                0x90002438                SAI1_IRQHandler
                0x90002438                DMA1_Stream3_IRQHandler
 *fill*         0x9000243a        0x2 
 .text.HAL_Init
                0x9000243c       0x5c CMakeFiles/STM32H750XBH6_7_Cache_test.elf.dir/Drivers/STM32H7xx_HAL_Driver/Src/stm32h7xx_hal.c.obj
                0x9000243c                HAL_Init
 .text.HAL_IncTick
                0x90002498       0x18 CMakeFiles/STM32H750XBH6_7_Cache_test.elf.dir/Drivers/STM32H7xx_HAL_Driver/Src/stm32h7xx_hal.c.obj
                0x90002498                HAL_IncTick
 .text.HAL_GetTick
                0x900024b0        0xc CMakeFiles/STM32H750XBH6_7_Cache_test.elf.dir/Drivers/STM32H7xx_HAL_Driver/Src/stm32h7xx_hal.c.obj
                0x900024b0                HAL_GetTick
 .text.HAL_Delay
                0x900024bc       0x28 CMakeFiles/STM32H750XBH6_7_Cache_test.elf.dir/Drivers/STM32H7xx_HAL_Driver/Src/stm32h7xx_hal.c.obj
                0x900024bc                HAL_Delay
 .text.HAL_GetREVID
                0x900024e4        0xc CMakeFiles/STM32H750XBH6_7_Cache_test.elf.dir/Drivers/STM32H7xx_HAL_Driver/Src/stm32h7xx_hal.c.obj
                0x900024e4                HAL_GetREVID
 .text.HAL_NVIC_SetPriorityGrouping
                0x900024f0       0x24 CMakeFiles/STM32H750XBH6_7_Cache_test.elf.dir/Drivers/STM32H7xx_HAL_Driver/Src/stm32h7xx_hal_cortex.c.obj
                0x900024f0                HAL_NVIC_SetPriorityGrouping
 .text.HAL_NVIC_SetPriority
                0x90002514       0x6c CMakeFiles/STM32H750XBH6_7_Cache_test.elf.dir/Drivers/STM32H7xx_HAL_Driver/Src/stm32h7xx_hal_cortex.c.obj
                0x90002514                HAL_NVIC_SetPriority
 .text.HAL_NVIC_EnableIRQ
                0x90002580       0x1c CMakeFiles/STM32H750XBH6_7_Cache_test.elf.dir/Drivers/STM32H7xx_HAL_Driver/Src/stm32h7xx_hal_cortex.c.obj
                0x90002580                HAL_NVIC_EnableIRQ
 .text.HAL_MPU_Disable
                0x9000259c       0x1c CMakeFiles/STM32H750XBH6_7_Cache_test.elf.dir/Drivers/STM32H7xx_HAL_Driver/Src/stm32h7xx_hal_cortex.c.obj
                0x9000259c                HAL_MPU_Disable
 .text.HAL_MPU_Enable
                0x900025b8       0x20 CMakeFiles/STM32H750XBH6_7_Cache_test.elf.dir/Drivers/STM32H7xx_HAL_Driver/Src/stm32h7xx_hal_cortex.c.obj
                0x900025b8                HAL_MPU_Enable
 .text.HAL_MPU_ConfigRegion
                0x900025d8       0x58 CMakeFiles/STM32H750XBH6_7_Cache_test.elf.dir/Drivers/STM32H7xx_HAL_Driver/Src/stm32h7xx_hal_cortex.c.obj
                0x900025d8                HAL_MPU_ConfigRegion
 .text.DMA_CalcBaseAndBitshift
                0x90002630       0xb4 CMakeFiles/STM32H750XBH6_7_Cache_test.elf.dir/Drivers/STM32H7xx_HAL_Driver/Src/stm32h7xx_hal_dma.c.obj
 .text.DMA_CheckFifoParam
                0x900026e4       0x92 CMakeFiles/STM32H750XBH6_7_Cache_test.elf.dir/Drivers/STM32H7xx_HAL_Driver/Src/stm32h7xx_hal_dma.c.obj
 *fill*         0x90002776        0x2 
 .text.DMA_CalcDMAMUXChannelBaseAndMask
                0x90002778       0xb0 CMakeFiles/STM32H750XBH6_7_Cache_test.elf.dir/Drivers/STM32H7xx_HAL_Driver/Src/stm32h7xx_hal_dma.c.obj
 .text.DMA_CalcDMAMUXRequestGenBaseAndMask
                0x90002828       0x7c CMakeFiles/STM32H750XBH6_7_Cache_test.elf.dir/Drivers/STM32H7xx_HAL_Driver/Src/stm32h7xx_hal_dma.c.obj
 .text.HAL_DMA_Init
                0x900028a4      0x3a4 CMakeFiles/STM32H750XBH6_7_Cache_test.elf.dir/Drivers/STM32H7xx_HAL_Driver/Src/stm32h7xx_hal_dma.c.obj
                0x900028a4                HAL_DMA_Init
 .text.HAL_DMA_Abort
                0x90002c48      0x340 CMakeFiles/STM32H750XBH6_7_Cache_test.elf.dir/Drivers/STM32H7xx_HAL_Driver/Src/stm32h7xx_hal_dma.c.obj
                0x90002c48                HAL_DMA_Abort
 .text.HAL_DMA_Abort_IT
                0x90002f88      0x270 CMakeFiles/STM32H750XBH6_7_Cache_test.elf.dir/Drivers/STM32H7xx_HAL_Driver/Src/stm32h7xx_hal_dma.c.obj
                0x90002f88                HAL_DMA_Abort_IT
 .text.HAL_DMA_IRQHandler
                0x900031f8      0x738 CMakeFiles/STM32H750XBH6_7_Cache_test.elf.dir/Drivers/STM32H7xx_HAL_Driver/Src/stm32h7xx_hal_dma.c.obj
                0x900031f8                HAL_DMA_IRQHandler
 .text.HAL_DMA2D_Init
                0x90003930       0x84 CMakeFiles/STM32H750XBH6_7_Cache_test.elf.dir/Drivers/STM32H7xx_HAL_Driver/Src/stm32h7xx_hal_dma2d.c.obj
                0x90003930                HAL_DMA2D_Init
 .text.HAL_GPIO_Init
                0x900039b4      0x220 CMakeFiles/STM32H750XBH6_7_Cache_test.elf.dir/Drivers/STM32H7xx_HAL_Driver/Src/stm32h7xx_hal_gpio.c.obj
                0x900039b4                HAL_GPIO_Init
 .text.HAL_GPIO_ReadPin
                0x90003bd4        0xe CMakeFiles/STM32H750XBH6_7_Cache_test.elf.dir/Drivers/STM32H7xx_HAL_Driver/Src/stm32h7xx_hal_gpio.c.obj
                0x90003bd4                HAL_GPIO_ReadPin
 .text.HAL_GPIO_WritePin
                0x90003be2        0xc CMakeFiles/STM32H750XBH6_7_Cache_test.elf.dir/Drivers/STM32H7xx_HAL_Driver/Src/stm32h7xx_hal_gpio.c.obj
                0x90003be2                HAL_GPIO_WritePin
 .text.HAL_GPIO_EXTI_IRQHandler
                0x90003bee       0x1e CMakeFiles/STM32H750XBH6_7_Cache_test.elf.dir/Drivers/STM32H7xx_HAL_Driver/Src/stm32h7xx_hal_gpio.c.obj
                0x90003bee                HAL_GPIO_EXTI_IRQHandler
 .text.LTDC_SetConfig
                0x90003c0c      0x1b8 CMakeFiles/STM32H750XBH6_7_Cache_test.elf.dir/Drivers/STM32H7xx_HAL_Driver/Src/stm32h7xx_hal_ltdc.c.obj
 .text.HAL_LTDC_Init
                0x90003dc4       0xf4 CMakeFiles/STM32H750XBH6_7_Cache_test.elf.dir/Drivers/STM32H7xx_HAL_Driver/Src/stm32h7xx_hal_ltdc.c.obj
                0x90003dc4                HAL_LTDC_Init
 .text.HAL_LTDC_ConfigLayer
                0x90003eb8       0x68 CMakeFiles/STM32H750XBH6_7_Cache_test.elf.dir/Drivers/STM32H7xx_HAL_Driver/Src/stm32h7xx_hal_ltdc.c.obj
                0x90003eb8                HAL_LTDC_ConfigLayer
 .text.HAL_LTDC_SetWindowSize
                0x90003f20       0x56 CMakeFiles/STM32H750XBH6_7_Cache_test.elf.dir/Drivers/STM32H7xx_HAL_Driver/Src/stm32h7xx_hal_ltdc.c.obj
                0x90003f20                HAL_LTDC_SetWindowSize
 .text.HAL_LTDC_SetWindowPosition
                0x90003f76       0x56 CMakeFiles/STM32H750XBH6_7_Cache_test.elf.dir/Drivers/STM32H7xx_HAL_Driver/Src/stm32h7xx_hal_ltdc.c.obj
                0x90003f76                HAL_LTDC_SetWindowPosition
 .text.HAL_PWREx_ConfigSupply
                0x90003fcc       0x54 CMakeFiles/STM32H750XBH6_7_Cache_test.elf.dir/Drivers/STM32H7xx_HAL_Driver/Src/stm32h7xx_hal_pwr_ex.c.obj
                0x90003fcc                HAL_PWREx_ConfigSupply
 .text.HAL_RCC_OscConfig
                0x90004020      0x6b4 CMakeFiles/STM32H750XBH6_7_Cache_test.elf.dir/Drivers/STM32H7xx_HAL_Driver/Src/stm32h7xx_hal_rcc.c.obj
                0x90004020                HAL_RCC_OscConfig
 .text.HAL_RCC_GetSysClockFreq
                0x900046d4      0x1f4 CMakeFiles/STM32H750XBH6_7_Cache_test.elf.dir/Drivers/STM32H7xx_HAL_Driver/Src/stm32h7xx_hal_rcc.c.obj
                0x900046d4                HAL_RCC_GetSysClockFreq
 .text.HAL_RCC_ClockConfig
                0x900048c8      0x294 CMakeFiles/STM32H750XBH6_7_Cache_test.elf.dir/Drivers/STM32H7xx_HAL_Driver/Src/stm32h7xx_hal_rcc.c.obj
                0x900048c8                HAL_RCC_ClockConfig
 .text.HAL_RCC_GetHCLKFreq
                0x90004b5c       0x44 CMakeFiles/STM32H750XBH6_7_Cache_test.elf.dir/Drivers/STM32H7xx_HAL_Driver/Src/stm32h7xx_hal_rcc.c.obj
                0x90004b5c                HAL_RCC_GetHCLKFreq
 .text.HAL_RCC_GetPCLK1Freq
                0x90004ba0       0x24 CMakeFiles/STM32H750XBH6_7_Cache_test.elf.dir/Drivers/STM32H7xx_HAL_Driver/Src/stm32h7xx_hal_rcc.c.obj
                0x90004ba0                HAL_RCC_GetPCLK1Freq
 .text.HAL_RCC_GetPCLK2Freq
                0x90004bc4       0x24 CMakeFiles/STM32H750XBH6_7_Cache_test.elf.dir/Drivers/STM32H7xx_HAL_Driver/Src/stm32h7xx_hal_rcc.c.obj
                0x90004bc4                HAL_RCC_GetPCLK2Freq
 .text.HAL_RCC_GetClockConfig
                0x90004be8       0x54 CMakeFiles/STM32H750XBH6_7_Cache_test.elf.dir/Drivers/STM32H7xx_HAL_Driver/Src/stm32h7xx_hal_rcc.c.obj
                0x90004be8                HAL_RCC_GetClockConfig
 .text.RCCEx_PLL2_Config
                0x90004c3c      0x10c CMakeFiles/STM32H750XBH6_7_Cache_test.elf.dir/Drivers/STM32H7xx_HAL_Driver/Src/stm32h7xx_hal_rcc_ex.c.obj
 .text.RCCEx_PLL3_Config
                0x90004d48      0x10c CMakeFiles/STM32H750XBH6_7_Cache_test.elf.dir/Drivers/STM32H7xx_HAL_Driver/Src/stm32h7xx_hal_rcc_ex.c.obj
 .text.HAL_RCCEx_PeriphCLKConfig
                0x90004e54      0xa8c CMakeFiles/STM32H750XBH6_7_Cache_test.elf.dir/Drivers/STM32H7xx_HAL_Driver/Src/stm32h7xx_hal_rcc_ex.c.obj
                0x90004e54                HAL_RCCEx_PeriphCLKConfig
 .text.HAL_RCCEx_GetD3PCLK1Freq
                0x900058e0       0x24 CMakeFiles/STM32H750XBH6_7_Cache_test.elf.dir/Drivers/STM32H7xx_HAL_Driver/Src/stm32h7xx_hal_rcc_ex.c.obj
                0x900058e0                HAL_RCCEx_GetD3PCLK1Freq
 .text.HAL_RCCEx_GetPLL2ClockFreq
                0x90005904      0x1f8 CMakeFiles/STM32H750XBH6_7_Cache_test.elf.dir/Drivers/STM32H7xx_HAL_Driver/Src/stm32h7xx_hal_rcc_ex.c.obj
                0x90005904                HAL_RCCEx_GetPLL2ClockFreq
 .text.HAL_RCCEx_GetPLL3ClockFreq
                0x90005afc      0x1f8 CMakeFiles/STM32H750XBH6_7_Cache_test.elf.dir/Drivers/STM32H7xx_HAL_Driver/Src/stm32h7xx_hal_rcc_ex.c.obj
                0x90005afc                HAL_RCCEx_GetPLL3ClockFreq
 .text.HAL_RCCEx_GetPLL1ClockFreq
                0x90005cf4      0x1f8 CMakeFiles/STM32H750XBH6_7_Cache_test.elf.dir/Drivers/STM32H7xx_HAL_Driver/Src/stm32h7xx_hal_rcc_ex.c.obj
                0x90005cf4                HAL_RCCEx_GetPLL1ClockFreq
 .text.HAL_RCCEx_GetPeriphCLKFreq
                0x90005eec      0x6d0 CMakeFiles/STM32H750XBH6_7_Cache_test.elf.dir/Drivers/STM32H7xx_HAL_Driver/Src/stm32h7xx_hal_rcc_ex.c.obj
                0x90005eec                HAL_RCCEx_GetPeriphCLKFreq
 .text.SD_PowerON
                0x900065bc       0xc4 CMakeFiles/STM32H750XBH6_7_Cache_test.elf.dir/Drivers/STM32H7xx_HAL_Driver/Src/stm32h7xx_hal_sd.c.obj
 .text.SD_Read_IT
                0x90006680       0x3c CMakeFiles/STM32H750XBH6_7_Cache_test.elf.dir/Drivers/STM32H7xx_HAL_Driver/Src/stm32h7xx_hal_sd.c.obj
 .text.SD_Write_IT
                0x900066bc       0x4c CMakeFiles/STM32H750XBH6_7_Cache_test.elf.dir/Drivers/STM32H7xx_HAL_Driver/Src/stm32h7xx_hal_sd.c.obj
 .text.SD_SendSDStatus
                0x90006708      0x108 CMakeFiles/STM32H750XBH6_7_Cache_test.elf.dir/Drivers/STM32H7xx_HAL_Driver/Src/stm32h7xx_hal_sd.c.obj
 .text.SD_FindSCR
                0x90006810      0x108 CMakeFiles/STM32H750XBH6_7_Cache_test.elf.dir/Drivers/STM32H7xx_HAL_Driver/Src/stm32h7xx_hal_sd.c.obj
 .text.SD_WideBus_Enable
                0x90006918       0x4e CMakeFiles/STM32H750XBH6_7_Cache_test.elf.dir/Drivers/STM32H7xx_HAL_Driver/Src/stm32h7xx_hal_sd.c.obj
 .text.SD_WideBus_Disable
                0x90006966       0x4e CMakeFiles/STM32H750XBH6_7_Cache_test.elf.dir/Drivers/STM32H7xx_HAL_Driver/Src/stm32h7xx_hal_sd.c.obj
 .text.SD_SendStatus
                0x900069b4       0x2c CMakeFiles/STM32H750XBH6_7_Cache_test.elf.dir/Drivers/STM32H7xx_HAL_Driver/Src/stm32h7xx_hal_sd.c.obj
 .text.HAL_SD_ReadBlocks_DMA
                0x900069e0       0xe0 CMakeFiles/STM32H750XBH6_7_Cache_test.elf.dir/Drivers/STM32H7xx_HAL_Driver/Src/stm32h7xx_hal_sd.c.obj
                0x900069e0                HAL_SD_ReadBlocks_DMA
 .text.HAL_SD_WriteBlocks_DMA
                0x90006ac0       0xe0 CMakeFiles/STM32H750XBH6_7_Cache_test.elf.dir/Drivers/STM32H7xx_HAL_Driver/Src/stm32h7xx_hal_sd.c.obj
                0x90006ac0                HAL_SD_WriteBlocks_DMA
 .text.HAL_SD_ErrorCallback
                0x90006ba0        0x2 CMakeFiles/STM32H750XBH6_7_Cache_test.elf.dir/Drivers/STM32H7xx_HAL_Driver/Src/stm32h7xx_hal_sd.c.obj
                0x90006ba0                HAL_SD_ErrorCallback
 *fill*         0x90006ba2        0x2 
 .text.HAL_SD_GetCardCSD
                0x90006ba4      0x1b8 CMakeFiles/STM32H750XBH6_7_Cache_test.elf.dir/Drivers/STM32H7xx_HAL_Driver/Src/stm32h7xx_hal_sd.c.obj
                0x90006ba4                HAL_SD_GetCardCSD
 .text.SD_InitCard
                0x90006d5c       0xfc CMakeFiles/STM32H750XBH6_7_Cache_test.elf.dir/Drivers/STM32H7xx_HAL_Driver/Src/stm32h7xx_hal_sd.c.obj
 .text.HAL_SD_InitCard
                0x90006e58       0xcc CMakeFiles/STM32H750XBH6_7_Cache_test.elf.dir/Drivers/STM32H7xx_HAL_Driver/Src/stm32h7xx_hal_sd.c.obj
                0x90006e58                HAL_SD_InitCard
 .text.HAL_SD_GetCardStatus
                0x90006f24       0xd0 CMakeFiles/STM32H750XBH6_7_Cache_test.elf.dir/Drivers/STM32H7xx_HAL_Driver/Src/stm32h7xx_hal_sd.c.obj
                0x90006f24                HAL_SD_GetCardStatus
 .text.HAL_SD_GetCardInfo
                0x90006ff4       0x24 CMakeFiles/STM32H750XBH6_7_Cache_test.elf.dir/Drivers/STM32H7xx_HAL_Driver/Src/stm32h7xx_hal_sd.c.obj
                0x90006ff4                HAL_SD_GetCardInfo
 .text.HAL_SD_ConfigWideBusOperation
                0x90007018      0x158 CMakeFiles/STM32H750XBH6_7_Cache_test.elf.dir/Drivers/STM32H7xx_HAL_Driver/Src/stm32h7xx_hal_sd.c.obj
                0x90007018                HAL_SD_ConfigWideBusOperation
 .text.HAL_SD_GetCardState
                0x90007170       0x22 CMakeFiles/STM32H750XBH6_7_Cache_test.elf.dir/Drivers/STM32H7xx_HAL_Driver/Src/stm32h7xx_hal_sd.c.obj
                0x90007170                HAL_SD_GetCardState
 .text.HAL_SD_Init
                0x90007192       0xba CMakeFiles/STM32H750XBH6_7_Cache_test.elf.dir/Drivers/STM32H7xx_HAL_Driver/Src/stm32h7xx_hal_sd.c.obj
                0x90007192                HAL_SD_Init
 .text.HAL_SDEx_Read_DMADoubleBuf0CpltCallback
                0x9000724c        0x2 CMakeFiles/STM32H750XBH6_7_Cache_test.elf.dir/Drivers/STM32H7xx_HAL_Driver/Src/stm32h7xx_hal_sd.c.obj
                0x9000724c                HAL_SDEx_Read_DMADoubleBuf0CpltCallback
 .text.HAL_SDEx_Read_DMADoubleBuf1CpltCallback
                0x9000724e        0x2 CMakeFiles/STM32H750XBH6_7_Cache_test.elf.dir/Drivers/STM32H7xx_HAL_Driver/Src/stm32h7xx_hal_sd.c.obj
                0x9000724e                HAL_SDEx_Read_DMADoubleBuf1CpltCallback
 .text.HAL_SDEx_Write_DMADoubleBuf0CpltCallback
                0x90007250        0x2 CMakeFiles/STM32H750XBH6_7_Cache_test.elf.dir/Drivers/STM32H7xx_HAL_Driver/Src/stm32h7xx_hal_sd.c.obj
                0x90007250                HAL_SDEx_Write_DMADoubleBuf0CpltCallback
 .text.HAL_SDEx_Write_DMADoubleBuf1CpltCallback
                0x90007252        0x2 CMakeFiles/STM32H750XBH6_7_Cache_test.elf.dir/Drivers/STM32H7xx_HAL_Driver/Src/stm32h7xx_hal_sd.c.obj
                0x90007252                HAL_SDEx_Write_DMADoubleBuf1CpltCallback
 .text.HAL_SD_IRQHandler
                0x90007254      0x22c CMakeFiles/STM32H750XBH6_7_Cache_test.elf.dir/Drivers/STM32H7xx_HAL_Driver/Src/stm32h7xx_hal_sd.c.obj
                0x90007254                HAL_SD_IRQHandler
 .text.HAL_SDRAM_Init
                0x90007480       0x50 CMakeFiles/STM32H750XBH6_7_Cache_test.elf.dir/Drivers/STM32H7xx_HAL_Driver/Src/stm32h7xx_hal_sdram.c.obj
                0x90007480                HAL_SDRAM_Init
 .text.HAL_SDRAM_SendCommand
                0x900074d0       0x42 CMakeFiles/STM32H750XBH6_7_Cache_test.elf.dir/Drivers/STM32H7xx_HAL_Driver/Src/stm32h7xx_hal_sdram.c.obj
                0x900074d0                HAL_SDRAM_SendCommand
 .text.HAL_SDRAM_ProgramRefreshRate
                0x90007512       0x32 CMakeFiles/STM32H750XBH6_7_Cache_test.elf.dir/Drivers/STM32H7xx_HAL_Driver/Src/stm32h7xx_hal_sdram.c.obj
                0x90007512                HAL_SDRAM_ProgramRefreshRate
 .text.HAL_TIM_Base_MspInit
                0x90007544        0x2 CMakeFiles/STM32H750XBH6_7_Cache_test.elf.dir/Drivers/STM32H7xx_HAL_Driver/Src/stm32h7xx_hal_tim.c.obj
                0x90007544                HAL_TIM_Base_MspInit
 *fill*         0x90007546        0x2 
 .text.HAL_TIM_Base_Start_IT
                0x90007548       0x90 CMakeFiles/STM32H750XBH6_7_Cache_test.elf.dir/Drivers/STM32H7xx_HAL_Driver/Src/stm32h7xx_hal_tim.c.obj
                0x90007548                HAL_TIM_Base_Start_IT
 .text.HAL_TIM_OC_DelayElapsedCallback
                0x900075d8        0x2 CMakeFiles/STM32H750XBH6_7_Cache_test.elf.dir/Drivers/STM32H7xx_HAL_Driver/Src/stm32h7xx_hal_tim.c.obj
                0x900075d8                HAL_TIM_OC_DelayElapsedCallback
 .text.HAL_TIM_IC_CaptureCallback
                0x900075da        0x2 CMakeFiles/STM32H750XBH6_7_Cache_test.elf.dir/Drivers/STM32H7xx_HAL_Driver/Src/stm32h7xx_hal_tim.c.obj
                0x900075da                HAL_TIM_IC_CaptureCallback
 .text.HAL_TIM_PWM_PulseFinishedCallback
                0x900075dc        0x2 CMakeFiles/STM32H750XBH6_7_Cache_test.elf.dir/Drivers/STM32H7xx_HAL_Driver/Src/stm32h7xx_hal_tim.c.obj
                0x900075dc                HAL_TIM_PWM_PulseFinishedCallback
 .text.HAL_TIM_TriggerCallback
                0x900075de        0x2 CMakeFiles/STM32H750XBH6_7_Cache_test.elf.dir/Drivers/STM32H7xx_HAL_Driver/Src/stm32h7xx_hal_tim.c.obj
                0x900075de                HAL_TIM_TriggerCallback
 .text.HAL_TIM_IRQHandler
                0x900075e0      0x17a CMakeFiles/STM32H750XBH6_7_Cache_test.elf.dir/Drivers/STM32H7xx_HAL_Driver/Src/stm32h7xx_hal_tim.c.obj
                0x900075e0                HAL_TIM_IRQHandler
 *fill*         0x9000775a        0x2 
 .text.TIM_Base_SetConfig
                0x9000775c      0x114 CMakeFiles/STM32H750XBH6_7_Cache_test.elf.dir/Drivers/STM32H7xx_HAL_Driver/Src/stm32h7xx_hal_tim.c.obj
                0x9000775c                TIM_Base_SetConfig
 .text.HAL_TIM_Base_Init
                0x90007870       0x60 CMakeFiles/STM32H750XBH6_7_Cache_test.elf.dir/Drivers/STM32H7xx_HAL_Driver/Src/stm32h7xx_hal_tim.c.obj
                0x90007870                HAL_TIM_Base_Init
 .text.HAL_TIMEx_CommutCallback
                0x900078d0        0x2 CMakeFiles/STM32H750XBH6_7_Cache_test.elf.dir/Drivers/STM32H7xx_HAL_Driver/Src/stm32h7xx_hal_tim_ex.c.obj
                0x900078d0                HAL_TIMEx_CommutCallback
 .text.HAL_TIMEx_BreakCallback
                0x900078d2        0x2 CMakeFiles/STM32H750XBH6_7_Cache_test.elf.dir/Drivers/STM32H7xx_HAL_Driver/Src/stm32h7xx_hal_tim_ex.c.obj
                0x900078d2                HAL_TIMEx_BreakCallback
 .text.HAL_TIMEx_Break2Callback
                0x900078d4        0x2 CMakeFiles/STM32H750XBH6_7_Cache_test.elf.dir/Drivers/STM32H7xx_HAL_Driver/Src/stm32h7xx_hal_tim_ex.c.obj
                0x900078d4                HAL_TIMEx_Break2Callback
 *fill*         0x900078d6        0x2 
 .text.UART_EndRxTransfer
                0x900078d8       0x58 CMakeFiles/STM32H750XBH6_7_Cache_test.elf.dir/Drivers/STM32H7xx_HAL_Driver/Src/stm32h7xx_hal_uart.c.obj
 .text.HAL_UART_TxCpltCallback
                0x90007930        0x2 CMakeFiles/STM32H750XBH6_7_Cache_test.elf.dir/Drivers/STM32H7xx_HAL_Driver/Src/stm32h7xx_hal_uart.c.obj
                0x90007930                HAL_UART_TxCpltCallback
 .text.UART_EndTransmit_IT
                0x90007932       0x24 CMakeFiles/STM32H750XBH6_7_Cache_test.elf.dir/Drivers/STM32H7xx_HAL_Driver/Src/stm32h7xx_hal_uart.c.obj
 .text.HAL_UART_ErrorCallback
                0x90007956        0x2 CMakeFiles/STM32H750XBH6_7_Cache_test.elf.dir/Drivers/STM32H7xx_HAL_Driver/Src/stm32h7xx_hal_uart.c.obj
                0x90007956                HAL_UART_ErrorCallback
 .text.UART_DMAAbortOnError
                0x90007958       0x14 CMakeFiles/STM32H750XBH6_7_Cache_test.elf.dir/Drivers/STM32H7xx_HAL_Driver/Src/stm32h7xx_hal_uart.c.obj
 .text.HAL_UARTEx_RxEventCallback
                0x9000796c        0x2 CMakeFiles/STM32H750XBH6_7_Cache_test.elf.dir/Drivers/STM32H7xx_HAL_Driver/Src/stm32h7xx_hal_uart.c.obj
                0x9000796c                HAL_UARTEx_RxEventCallback
 *fill*         0x9000796e        0x2 
 .text.HAL_UART_IRQHandler
                0x90007970      0x3b8 CMakeFiles/STM32H750XBH6_7_Cache_test.elf.dir/Drivers/STM32H7xx_HAL_Driver/Src/stm32h7xx_hal_uart.c.obj
                0x90007970                HAL_UART_IRQHandler
 .text.UART_SetConfig
                0x90007d28      0x5f4 CMakeFiles/STM32H750XBH6_7_Cache_test.elf.dir/Drivers/STM32H7xx_HAL_Driver/Src/stm32h7xx_hal_uart.c.obj
                0x90007d28                UART_SetConfig
 .text.UART_AdvFeatureConfig
                0x9000831c       0xca CMakeFiles/STM32H750XBH6_7_Cache_test.elf.dir/Drivers/STM32H7xx_HAL_Driver/Src/stm32h7xx_hal_uart.c.obj
                0x9000831c                UART_AdvFeatureConfig
 .text.UART_WaitOnFlagUntilTimeout
                0x900083e6       0xaa CMakeFiles/STM32H750XBH6_7_Cache_test.elf.dir/Drivers/STM32H7xx_HAL_Driver/Src/stm32h7xx_hal_uart.c.obj
                0x900083e6                UART_WaitOnFlagUntilTimeout
 .text.HAL_UART_Transmit
                0x90008490       0xd0 CMakeFiles/STM32H750XBH6_7_Cache_test.elf.dir/Drivers/STM32H7xx_HAL_Driver/Src/stm32h7xx_hal_uart.c.obj
                0x90008490                HAL_UART_Transmit
 .text.UART_CheckIdleState
                0x90008560       0xca CMakeFiles/STM32H750XBH6_7_Cache_test.elf.dir/Drivers/STM32H7xx_HAL_Driver/Src/stm32h7xx_hal_uart.c.obj
                0x90008560                UART_CheckIdleState
 .text.HAL_UART_Init
                0x9000862a       0x66 CMakeFiles/STM32H750XBH6_7_Cache_test.elf.dir/Drivers/STM32H7xx_HAL_Driver/Src/stm32h7xx_hal_uart.c.obj
                0x9000862a                HAL_UART_Init
 .text.UARTEx_SetNbDataToProcess
                0x90008690       0x4c CMakeFiles/STM32H750XBH6_7_Cache_test.elf.dir/Drivers/STM32H7xx_HAL_Driver/Src/stm32h7xx_hal_uart_ex.c.obj
 .text.HAL_UARTEx_WakeupCallback
                0x900086dc        0x2 CMakeFiles/STM32H750XBH6_7_Cache_test.elf.dir/Drivers/STM32H7xx_HAL_Driver/Src/stm32h7xx_hal_uart_ex.c.obj
                0x900086dc                HAL_UARTEx_WakeupCallback
 .text.HAL_UARTEx_RxFifoFullCallback
                0x900086de        0x2 CMakeFiles/STM32H750XBH6_7_Cache_test.elf.dir/Drivers/STM32H7xx_HAL_Driver/Src/stm32h7xx_hal_uart_ex.c.obj
                0x900086de                HAL_UARTEx_RxFifoFullCallback
 .text.HAL_UARTEx_TxFifoEmptyCallback
                0x900086e0        0x2 CMakeFiles/STM32H750XBH6_7_Cache_test.elf.dir/Drivers/STM32H7xx_HAL_Driver/Src/stm32h7xx_hal_uart_ex.c.obj
                0x900086e0                HAL_UARTEx_TxFifoEmptyCallback
 .text.HAL_UARTEx_DisableFifoMode
                0x900086e2       0x3e CMakeFiles/STM32H750XBH6_7_Cache_test.elf.dir/Drivers/STM32H7xx_HAL_Driver/Src/stm32h7xx_hal_uart_ex.c.obj
                0x900086e2                HAL_UARTEx_DisableFifoMode
 .text.HAL_UARTEx_SetTxFifoThreshold
                0x90008720       0x4a CMakeFiles/STM32H750XBH6_7_Cache_test.elf.dir/Drivers/STM32H7xx_HAL_Driver/Src/stm32h7xx_hal_uart_ex.c.obj
                0x90008720                HAL_UARTEx_SetTxFifoThreshold
 .text.HAL_UARTEx_SetRxFifoThreshold
                0x9000876a       0x4a CMakeFiles/STM32H750XBH6_7_Cache_test.elf.dir/Drivers/STM32H7xx_HAL_Driver/Src/stm32h7xx_hal_uart_ex.c.obj
                0x9000876a                HAL_UARTEx_SetRxFifoThreshold
 .text.FMC_SDRAM_Init
                0x900087b4       0x74 CMakeFiles/STM32H750XBH6_7_Cache_test.elf.dir/Drivers/STM32H7xx_HAL_Driver/Src/stm32h7xx_ll_fmc.c.obj
                0x900087b4                FMC_SDRAM_Init
 .text.FMC_SDRAM_Timing_Init
                0x90008828       0xa8 CMakeFiles/STM32H750XBH6_7_Cache_test.elf.dir/Drivers/STM32H7xx_HAL_Driver/Src/stm32h7xx_ll_fmc.c.obj
                0x90008828                FMC_SDRAM_Timing_Init
 .text.FMC_SDRAM_SendCommand
                0x900088d0       0x30 CMakeFiles/STM32H750XBH6_7_Cache_test.elf.dir/Drivers/STM32H7xx_HAL_Driver/Src/stm32h7xx_ll_fmc.c.obj
                0x900088d0                FMC_SDRAM_SendCommand
 .text.FMC_SDRAM_ProgramRefreshRate
                0x90008900       0x14 CMakeFiles/STM32H750XBH6_7_Cache_test.elf.dir/Drivers/STM32H7xx_HAL_Driver/Src/stm32h7xx_ll_fmc.c.obj
                0x90008900                FMC_SDRAM_ProgramRefreshRate
 .text.SDMMC_GetCmdError
                0x90008914       0x3c CMakeFiles/STM32H750XBH6_7_Cache_test.elf.dir/Drivers/STM32H7xx_HAL_Driver/Src/stm32h7xx_ll_sdmmc.c.obj
 .text.SDMMC_Init
                0x90008950       0x30 CMakeFiles/STM32H750XBH6_7_Cache_test.elf.dir/Drivers/STM32H7xx_HAL_Driver/Src/stm32h7xx_ll_sdmmc.c.obj
                0x90008950                SDMMC_Init
 .text.SDMMC_ReadFIFO
                0x90008980        0x6 CMakeFiles/STM32H750XBH6_7_Cache_test.elf.dir/Drivers/STM32H7xx_HAL_Driver/Src/stm32h7xx_ll_sdmmc.c.obj
                0x90008980                SDMMC_ReadFIFO
 .text.SDMMC_WriteFIFO
                0x90008986        0xa CMakeFiles/STM32H750XBH6_7_Cache_test.elf.dir/Drivers/STM32H7xx_HAL_Driver/Src/stm32h7xx_ll_sdmmc.c.obj
                0x90008986                SDMMC_WriteFIFO
 .text.SDMMC_PowerState_ON
                0x90008990        0xc CMakeFiles/STM32H750XBH6_7_Cache_test.elf.dir/Drivers/STM32H7xx_HAL_Driver/Src/stm32h7xx_ll_sdmmc.c.obj
                0x90008990                SDMMC_PowerState_ON
 .text.SDMMC_GetPowerState
                0x9000899c        0x8 CMakeFiles/STM32H750XBH6_7_Cache_test.elf.dir/Drivers/STM32H7xx_HAL_Driver/Src/stm32h7xx_ll_sdmmc.c.obj
                0x9000899c                SDMMC_GetPowerState
 .text.SDMMC_SendCommand
                0x900089a4       0x24 CMakeFiles/STM32H750XBH6_7_Cache_test.elf.dir/Drivers/STM32H7xx_HAL_Driver/Src/stm32h7xx_ll_sdmmc.c.obj
                0x900089a4                SDMMC_SendCommand
 .text.SDMMC_GetCommandResponse
                0x900089c8        0x6 CMakeFiles/STM32H750XBH6_7_Cache_test.elf.dir/Drivers/STM32H7xx_HAL_Driver/Src/stm32h7xx_ll_sdmmc.c.obj
                0x900089c8                SDMMC_GetCommandResponse
 .text.SDMMC_GetResponse
                0x900089ce        0x6 CMakeFiles/STM32H750XBH6_7_Cache_test.elf.dir/Drivers/STM32H7xx_HAL_Driver/Src/stm32h7xx_ll_sdmmc.c.obj
                0x900089ce                SDMMC_GetResponse
 .text.SDMMC_ConfigData
                0x900089d4       0x24 CMakeFiles/STM32H750XBH6_7_Cache_test.elf.dir/Drivers/STM32H7xx_HAL_Driver/Src/stm32h7xx_ll_sdmmc.c.obj
                0x900089d4                SDMMC_ConfigData
 .text.SDMMC_CmdGoIdleState
                0x900089f8       0x26 CMakeFiles/STM32H750XBH6_7_Cache_test.elf.dir/Drivers/STM32H7xx_HAL_Driver/Src/stm32h7xx_ll_sdmmc.c.obj
                0x900089f8                SDMMC_CmdGoIdleState
 *fill*         0x90008a1e        0x2 
 .text.SDMMC_GetCmdResp1
                0x90008a20      0x160 CMakeFiles/STM32H750XBH6_7_Cache_test.elf.dir/Drivers/STM32H7xx_HAL_Driver/Src/stm32h7xx_ll_sdmmc.c.obj
                0x90008a20                SDMMC_GetCmdResp1
 .text.SDMMC_CmdBlockLength
                0x90008b80       0x32 CMakeFiles/STM32H750XBH6_7_Cache_test.elf.dir/Drivers/STM32H7xx_HAL_Driver/Src/stm32h7xx_ll_sdmmc.c.obj
                0x90008b80                SDMMC_CmdBlockLength
 .text.SDMMC_CmdReadSingleBlock
                0x90008bb2       0x32 CMakeFiles/STM32H750XBH6_7_Cache_test.elf.dir/Drivers/STM32H7xx_HAL_Driver/Src/stm32h7xx_ll_sdmmc.c.obj
                0x90008bb2                SDMMC_CmdReadSingleBlock
 .text.SDMMC_CmdReadMultiBlock
                0x90008be4       0x32 CMakeFiles/STM32H750XBH6_7_Cache_test.elf.dir/Drivers/STM32H7xx_HAL_Driver/Src/stm32h7xx_ll_sdmmc.c.obj
                0x90008be4                SDMMC_CmdReadMultiBlock
 .text.SDMMC_CmdWriteSingleBlock
                0x90008c16       0x32 CMakeFiles/STM32H750XBH6_7_Cache_test.elf.dir/Drivers/STM32H7xx_HAL_Driver/Src/stm32h7xx_ll_sdmmc.c.obj
                0x90008c16                SDMMC_CmdWriteSingleBlock
 .text.SDMMC_CmdWriteMultiBlock
                0x90008c48       0x32 CMakeFiles/STM32H750XBH6_7_Cache_test.elf.dir/Drivers/STM32H7xx_HAL_Driver/Src/stm32h7xx_ll_sdmmc.c.obj
                0x90008c48                SDMMC_CmdWriteMultiBlock
 *fill*         0x90008c7a        0x2 
 .text.SDMMC_CmdStopTransfer
                0x90008c7c       0x58 CMakeFiles/STM32H750XBH6_7_Cache_test.elf.dir/Drivers/STM32H7xx_HAL_Driver/Src/stm32h7xx_ll_sdmmc.c.obj
                0x90008c7c                SDMMC_CmdStopTransfer
 .text.SDMMC_CmdSelDesel
                0x90008cd4       0x32 CMakeFiles/STM32H750XBH6_7_Cache_test.elf.dir/Drivers/STM32H7xx_HAL_Driver/Src/stm32h7xx_ll_sdmmc.c.obj
                0x90008cd4                SDMMC_CmdSelDesel
 .text.SDMMC_CmdAppCommand
                0x90008d06       0x32 CMakeFiles/STM32H750XBH6_7_Cache_test.elf.dir/Drivers/STM32H7xx_HAL_Driver/Src/stm32h7xx_ll_sdmmc.c.obj
                0x90008d06                SDMMC_CmdAppCommand
 .text.SDMMC_CmdBusWidth
                0x90008d38       0x32 CMakeFiles/STM32H750XBH6_7_Cache_test.elf.dir/Drivers/STM32H7xx_HAL_Driver/Src/stm32h7xx_ll_sdmmc.c.obj
                0x90008d38                SDMMC_CmdBusWidth
 .text.SDMMC_CmdSendSCR
                0x90008d6a       0x32 CMakeFiles/STM32H750XBH6_7_Cache_test.elf.dir/Drivers/STM32H7xx_HAL_Driver/Src/stm32h7xx_ll_sdmmc.c.obj
                0x90008d6a                SDMMC_CmdSendSCR
 .text.SDMMC_CmdSendStatus
                0x90008d9c       0x32 CMakeFiles/STM32H750XBH6_7_Cache_test.elf.dir/Drivers/STM32H7xx_HAL_Driver/Src/stm32h7xx_ll_sdmmc.c.obj
                0x90008d9c                SDMMC_CmdSendStatus
 .text.SDMMC_CmdStatusRegister
                0x90008dce       0x32 CMakeFiles/STM32H750XBH6_7_Cache_test.elf.dir/Drivers/STM32H7xx_HAL_Driver/Src/stm32h7xx_ll_sdmmc.c.obj
                0x90008dce                SDMMC_CmdStatusRegister
 .text.SDMMC_GetCmdResp2
                0x90008e00       0x60 CMakeFiles/STM32H750XBH6_7_Cache_test.elf.dir/Drivers/STM32H7xx_HAL_Driver/Src/stm32h7xx_ll_sdmmc.c.obj
                0x90008e00                SDMMC_GetCmdResp2
 .text.SDMMC_CmdSendCID
                0x90008e60       0x2c CMakeFiles/STM32H750XBH6_7_Cache_test.elf.dir/Drivers/STM32H7xx_HAL_Driver/Src/stm32h7xx_ll_sdmmc.c.obj
                0x90008e60                SDMMC_CmdSendCID
 .text.SDMMC_CmdSendCSD
                0x90008e8c       0x2c CMakeFiles/STM32H750XBH6_7_Cache_test.elf.dir/Drivers/STM32H7xx_HAL_Driver/Src/stm32h7xx_ll_sdmmc.c.obj
                0x90008e8c                SDMMC_CmdSendCSD
 .text.SDMMC_GetCmdResp3
                0x90008eb8       0x50 CMakeFiles/STM32H750XBH6_7_Cache_test.elf.dir/Drivers/STM32H7xx_HAL_Driver/Src/stm32h7xx_ll_sdmmc.c.obj
                0x90008eb8                SDMMC_GetCmdResp3
 .text.SDMMC_CmdAppOperCommand
                0x90008f08       0x2c CMakeFiles/STM32H750XBH6_7_Cache_test.elf.dir/Drivers/STM32H7xx_HAL_Driver/Src/stm32h7xx_ll_sdmmc.c.obj
                0x90008f08                SDMMC_CmdAppOperCommand
 .text.SDMMC_GetCmdResp6
                0x90008f34       0xa4 CMakeFiles/STM32H750XBH6_7_Cache_test.elf.dir/Drivers/STM32H7xx_HAL_Driver/Src/stm32h7xx_ll_sdmmc.c.obj
                0x90008f34                SDMMC_GetCmdResp6
 .text.SDMMC_CmdSetRelAdd
                0x90008fd8       0x32 CMakeFiles/STM32H750XBH6_7_Cache_test.elf.dir/Drivers/STM32H7xx_HAL_Driver/Src/stm32h7xx_ll_sdmmc.c.obj
                0x90008fd8                SDMMC_CmdSetRelAdd
 *fill*         0x9000900a        0x2 
 .text.SDMMC_GetCmdResp7
                0x9000900c       0x64 CMakeFiles/STM32H750XBH6_7_Cache_test.elf.dir/Drivers/STM32H7xx_HAL_Driver/Src/stm32h7xx_ll_sdmmc.c.obj
                0x9000900c                SDMMC_GetCmdResp7
 .text.SDMMC_CmdOperCond
                0x90009070       0x30 CMakeFiles/STM32H750XBH6_7_Cache_test.elf.dir/Drivers/STM32H7xx_HAL_Driver/Src/stm32h7xx_ll_sdmmc.c.obj
                0x90009070                SDMMC_CmdOperCond
 .text.MX_FATFS_Init
                0x900090a0       0x1c CMakeFiles/STM32H750XBH6_7_Cache_test.elf.dir/FATFS/App/fatfs.c.obj
                0x900090a0                MX_FATFS_Init
 .text.BSP_SD_ReadBlocks_DMA
                0x900090bc       0x18 CMakeFiles/STM32H750XBH6_7_Cache_test.elf.dir/FATFS/Target/bsp_driver_sd.c.obj
                0x900090bc                BSP_SD_ReadBlocks_DMA
 .text.BSP_SD_WriteBlocks_DMA
                0x900090d4       0x18 CMakeFiles/STM32H750XBH6_7_Cache_test.elf.dir/FATFS/Target/bsp_driver_sd.c.obj
                0x900090d4                BSP_SD_WriteBlocks_DMA
 .text.BSP_SD_GetCardState
                0x900090ec       0x14 CMakeFiles/STM32H750XBH6_7_Cache_test.elf.dir/FATFS/Target/bsp_driver_sd.c.obj
                0x900090ec                BSP_SD_GetCardState
 .text.BSP_SD_GetCardInfo
                0x90009100       0x10 CMakeFiles/STM32H750XBH6_7_Cache_test.elf.dir/FATFS/Target/bsp_driver_sd.c.obj
                0x90009100                BSP_SD_GetCardInfo
 .text.HAL_SD_TxCpltCallback
                0x90009110        0x8 CMakeFiles/STM32H750XBH6_7_Cache_test.elf.dir/FATFS/Target/bsp_driver_sd.c.obj
                0x90009110                HAL_SD_TxCpltCallback
 .text.HAL_SD_RxCpltCallback
                0x90009118        0x8 CMakeFiles/STM32H750XBH6_7_Cache_test.elf.dir/FATFS/Target/bsp_driver_sd.c.obj
                0x90009118                HAL_SD_RxCpltCallback
 .text.BSP_SD_IsDetected
                0x90009120       0x10 CMakeFiles/STM32H750XBH6_7_Cache_test.elf.dir/FATFS/Target/bsp_driver_sd.c.obj
                0x90009120                BSP_SD_IsDetected
 .text.BSP_SD_Init
                0x90009130       0x34 CMakeFiles/STM32H750XBH6_7_Cache_test.elf.dir/FATFS/Target/bsp_driver_sd.c.obj
                0x90009130                BSP_SD_Init
 .text.SD_CheckStatus
                0x90009164       0x24 CMakeFiles/STM32H750XBH6_7_Cache_test.elf.dir/FATFS/Target/sd_diskio.c.obj
 .text.SD_initialize
                0x90009188       0x74 CMakeFiles/STM32H750XBH6_7_Cache_test.elf.dir/FATFS/Target/sd_diskio.c.obj
                0x90009188                SD_initialize
 .text.SD_status
                0x900091fc        0x8 CMakeFiles/STM32H750XBH6_7_Cache_test.elf.dir/FATFS/Target/sd_diskio.c.obj
                0x900091fc                SD_status
 .text.SD_CheckStatusWithTimeout
                0x90009204       0x26 CMakeFiles/STM32H750XBH6_7_Cache_test.elf.dir/FATFS/Target/sd_diskio.c.obj
 *fill*         0x9000922a        0x2 
 .text.SD_read  0x9000922c      0x164 CMakeFiles/STM32H750XBH6_7_Cache_test.elf.dir/FATFS/Target/sd_diskio.c.obj
                0x9000922c                SD_read
 .text.SD_write
                0x90009390      0x164 CMakeFiles/STM32H750XBH6_7_Cache_test.elf.dir/FATFS/Target/sd_diskio.c.obj
                0x90009390                SD_write
 .text.SD_ioctl
                0x900094f4       0x58 CMakeFiles/STM32H750XBH6_7_Cache_test.elf.dir/FATFS/Target/sd_diskio.c.obj
                0x900094f4                SD_ioctl
 .text.BSP_SD_WriteCpltCallback
                0x9000954c       0x14 CMakeFiles/STM32H750XBH6_7_Cache_test.elf.dir/FATFS/Target/sd_diskio.c.obj
                0x9000954c                BSP_SD_WriteCpltCallback
 .text.BSP_SD_ReadCpltCallback
                0x90009560       0x14 CMakeFiles/STM32H750XBH6_7_Cache_test.elf.dir/FATFS/Target/sd_diskio.c.obj
                0x90009560                BSP_SD_ReadCpltCallback
 .text.FATFS_LinkDriverEx
                0x90009574       0x54 CMakeFiles/STM32H750XBH6_7_Cache_test.elf.dir/Middlewares/Third_Party/FatFs/src/ff_gen_drv.c.obj
                0x90009574                FATFS_LinkDriverEx
 .text.FATFS_LinkDriver
                0x900095c8        0xa CMakeFiles/STM32H750XBH6_7_Cache_test.elf.dir/Middlewares/Third_Party/FatFs/src/ff_gen_drv.c.obj
                0x900095c8                FATFS_LinkDriver
 .text.makeFreeRtosPriority
                0x900095d2        0xc CMakeFiles/STM32H750XBH6_7_Cache_test.elf.dir/Middlewares/Third_Party/FreeRTOS/Source/CMSIS_RTOS/cmsis_os.c.obj
 .text.inHandlerMode
                0x900095de        0xc CMakeFiles/STM32H750XBH6_7_Cache_test.elf.dir/Middlewares/Third_Party/FreeRTOS/Source/CMSIS_RTOS/cmsis_os.c.obj
 .text.osKernelStart
                0x900095ea        0xa CMakeFiles/STM32H750XBH6_7_Cache_test.elf.dir/Middlewares/Third_Party/FreeRTOS/Source/CMSIS_RTOS/cmsis_os.c.obj
                0x900095ea                osKernelStart
 .text.osKernelRunning
                0x900095f4       0x12 CMakeFiles/STM32H750XBH6_7_Cache_test.elf.dir/Middlewares/Third_Party/FreeRTOS/Source/CMSIS_RTOS/cmsis_os.c.obj
                0x900095f4                osKernelRunning
 .text.osKernelSysTick
                0x90009606       0x14 CMakeFiles/STM32H750XBH6_7_Cache_test.elf.dir/Middlewares/Third_Party/FreeRTOS/Source/CMSIS_RTOS/cmsis_os.c.obj
                0x90009606                osKernelSysTick
 .text.osThreadCreate
                0x9000961a       0x6a CMakeFiles/STM32H750XBH6_7_Cache_test.elf.dir/Middlewares/Third_Party/FreeRTOS/Source/CMSIS_RTOS/cmsis_os.c.obj
                0x9000961a                osThreadCreate
 .text.osDelay  0x90009684        0xe CMakeFiles/STM32H750XBH6_7_Cache_test.elf.dir/Middlewares/Third_Party/FreeRTOS/Source/CMSIS_RTOS/cmsis_os.c.obj
                0x90009684                osDelay
 .text.osMessageCreate
                0x90009692       0x2a CMakeFiles/STM32H750XBH6_7_Cache_test.elf.dir/Middlewares/Third_Party/FreeRTOS/Source/CMSIS_RTOS/cmsis_os.c.obj
                0x90009692                osMessageCreate
 .text.osMessagePut
                0x900096bc       0x66 CMakeFiles/STM32H750XBH6_7_Cache_test.elf.dir/Middlewares/Third_Party/FreeRTOS/Source/CMSIS_RTOS/cmsis_os.c.obj
                0x900096bc                osMessagePut
 .text.osMessageGet
                0x90009722       0x88 CMakeFiles/STM32H750XBH6_7_Cache_test.elf.dir/Middlewares/Third_Party/FreeRTOS/Source/CMSIS_RTOS/cmsis_os.c.obj
                0x90009722                osMessageGet
 .text.vListInitialise
                0x900097aa       0x16 CMakeFiles/STM32H750XBH6_7_Cache_test.elf.dir/Middlewares/Third_Party/FreeRTOS/Source/list.c.obj
                0x900097aa                vListInitialise
 .text.vListInitialiseItem
                0x900097c0        0x6 CMakeFiles/STM32H750XBH6_7_Cache_test.elf.dir/Middlewares/Third_Party/FreeRTOS/Source/list.c.obj
                0x900097c0                vListInitialiseItem
 .text.vListInsertEnd
                0x900097c6       0x16 CMakeFiles/STM32H750XBH6_7_Cache_test.elf.dir/Middlewares/Third_Party/FreeRTOS/Source/list.c.obj
                0x900097c6                vListInsertEnd
 .text.vListInsert
                0x900097dc       0x32 CMakeFiles/STM32H750XBH6_7_Cache_test.elf.dir/Middlewares/Third_Party/FreeRTOS/Source/list.c.obj
                0x900097dc                vListInsert
 .text.uxListRemove
                0x9000980e       0x26 CMakeFiles/STM32H750XBH6_7_Cache_test.elf.dir/Middlewares/Third_Party/FreeRTOS/Source/list.c.obj
                0x9000980e                uxListRemove
 .text.prvTaskExitError
                0x90009834       0x40 CMakeFiles/STM32H750XBH6_7_Cache_test.elf.dir/Middlewares/Third_Party/FreeRTOS/Source/portable/GCC/ARM_CM4F/port.c.obj
 .text.prvPortStartFirstTask
                0x90009874       0x28 CMakeFiles/STM32H750XBH6_7_Cache_test.elf.dir/Middlewares/Third_Party/FreeRTOS/Source/portable/GCC/ARM_CM4F/port.c.obj
 .text.vPortEnableVFP
                0x9000989c       0x14 CMakeFiles/STM32H750XBH6_7_Cache_test.elf.dir/Middlewares/Third_Party/FreeRTOS/Source/portable/GCC/ARM_CM4F/port.c.obj
 .text.pxPortInitialiseStack
                0x900098b0       0x2c CMakeFiles/STM32H750XBH6_7_Cache_test.elf.dir/Middlewares/Third_Party/FreeRTOS/Source/portable/GCC/ARM_CM4F/port.c.obj
                0x900098b0                pxPortInitialiseStack
 *fill*         0x900098dc        0x4 
 .text.SVC_Handler
                0x900098e0       0x24 CMakeFiles/STM32H750XBH6_7_Cache_test.elf.dir/Middlewares/Third_Party/FreeRTOS/Source/portable/GCC/ARM_CM4F/port.c.obj
                0x900098e0                SVC_Handler
 .text.vPortEnterCritical
                0x90009904       0x44 CMakeFiles/STM32H750XBH6_7_Cache_test.elf.dir/Middlewares/Third_Party/FreeRTOS/Source/portable/GCC/ARM_CM4F/port.c.obj
                0x90009904                vPortEnterCritical
 .text.vPortExitCritical
                0x90009948       0x2c CMakeFiles/STM32H750XBH6_7_Cache_test.elf.dir/Middlewares/Third_Party/FreeRTOS/Source/portable/GCC/ARM_CM4F/port.c.obj
                0x90009948                vPortExitCritical
 *fill*         0x90009974        0xc 
 .text.PendSV_Handler
                0x90009980       0x64 CMakeFiles/STM32H750XBH6_7_Cache_test.elf.dir/Middlewares/Third_Party/FreeRTOS/Source/portable/GCC/ARM_CM4F/port.c.obj
                0x90009980                PendSV_Handler
 .text.SysTick_Handler
                0x900099e4       0x2c CMakeFiles/STM32H750XBH6_7_Cache_test.elf.dir/Middlewares/Third_Party/FreeRTOS/Source/portable/GCC/ARM_CM4F/port.c.obj
                0x900099e4                SysTick_Handler
 .text.vPortSetupTimerInterrupt
                0x90009a10       0x28 CMakeFiles/STM32H750XBH6_7_Cache_test.elf.dir/Middlewares/Third_Party/FreeRTOS/Source/portable/GCC/ARM_CM4F/port.c.obj
                0x90009a10                vPortSetupTimerInterrupt
 .text.xPortStartScheduler
                0x90009a38      0x118 CMakeFiles/STM32H750XBH6_7_Cache_test.elf.dir/Middlewares/Third_Party/FreeRTOS/Source/portable/GCC/ARM_CM4F/port.c.obj
                0x90009a38                xPortStartScheduler
 .text.vPortValidateInterruptPriority
                0x90009b50       0x5c CMakeFiles/STM32H750XBH6_7_Cache_test.elf.dir/Middlewares/Third_Party/FreeRTOS/Source/portable/GCC/ARM_CM4F/port.c.obj
                0x90009b50                vPortValidateInterruptPriority
 .text.prvHeapInit
                0x90009bac       0x68 CMakeFiles/STM32H750XBH6_7_Cache_test.elf.dir/Middlewares/Third_Party/FreeRTOS/Source/portable/MemMang/heap_4.c.obj
 .text.prvInsertBlockIntoFreeList
                0x90009c14       0x64 CMakeFiles/STM32H750XBH6_7_Cache_test.elf.dir/Middlewares/Third_Party/FreeRTOS/Source/portable/MemMang/heap_4.c.obj
 .text.pvPortMalloc
                0x90009c78       0xfc CMakeFiles/STM32H750XBH6_7_Cache_test.elf.dir/Middlewares/Third_Party/FreeRTOS/Source/portable/MemMang/heap_4.c.obj
                0x90009c78                pvPortMalloc
 .text.vPortFree
                0x90009d74       0x7c CMakeFiles/STM32H750XBH6_7_Cache_test.elf.dir/Middlewares/Third_Party/FreeRTOS/Source/portable/MemMang/heap_4.c.obj
                0x90009d74                vPortFree
 .text.prvIsQueueFull
                0x90009df0       0x1e CMakeFiles/STM32H750XBH6_7_Cache_test.elf.dir/Middlewares/Third_Party/FreeRTOS/Source/queue.c.obj
 .text.prvIsQueueEmpty
                0x90009e0e       0x1a CMakeFiles/STM32H750XBH6_7_Cache_test.elf.dir/Middlewares/Third_Party/FreeRTOS/Source/queue.c.obj
 .text.prvCopyDataToQueue
                0x90009e28       0x76 CMakeFiles/STM32H750XBH6_7_Cache_test.elf.dir/Middlewares/Third_Party/FreeRTOS/Source/queue.c.obj
 .text.prvCopyDataFromQueue
                0x90009e9e       0x24 CMakeFiles/STM32H750XBH6_7_Cache_test.elf.dir/Middlewares/Third_Party/FreeRTOS/Source/queue.c.obj
 .text.prvUnlockQueue
                0x90009ec2       0x6e CMakeFiles/STM32H750XBH6_7_Cache_test.elf.dir/Middlewares/Third_Party/FreeRTOS/Source/queue.c.obj
 .text.xQueueGenericReset
                0x90009f30       0x84 CMakeFiles/STM32H750XBH6_7_Cache_test.elf.dir/Middlewares/Third_Party/FreeRTOS/Source/queue.c.obj
                0x90009f30                xQueueGenericReset
 .text.prvInitialiseNewQueue
                0x90009fb4       0x1c CMakeFiles/STM32H750XBH6_7_Cache_test.elf.dir/Middlewares/Third_Party/FreeRTOS/Source/queue.c.obj
 .text.xQueueGenericCreateStatic
                0x90009fd0       0xa6 CMakeFiles/STM32H750XBH6_7_Cache_test.elf.dir/Middlewares/Third_Party/FreeRTOS/Source/queue.c.obj
                0x90009fd0                xQueueGenericCreateStatic
 .text.xQueueGenericCreate
                0x9000a076       0x48 CMakeFiles/STM32H750XBH6_7_Cache_test.elf.dir/Middlewares/Third_Party/FreeRTOS/Source/queue.c.obj
                0x9000a076                xQueueGenericCreate
 .text.xQueueGenericSend
                0x9000a0be      0x188 CMakeFiles/STM32H750XBH6_7_Cache_test.elf.dir/Middlewares/Third_Party/FreeRTOS/Source/queue.c.obj
                0x9000a0be                xQueueGenericSend
 .text.xQueueGenericSendFromISR
                0x9000a246       0xce CMakeFiles/STM32H750XBH6_7_Cache_test.elf.dir/Middlewares/Third_Party/FreeRTOS/Source/queue.c.obj
                0x9000a246                xQueueGenericSendFromISR
 .text.xQueueReceive
                0x9000a314      0x15e CMakeFiles/STM32H750XBH6_7_Cache_test.elf.dir/Middlewares/Third_Party/FreeRTOS/Source/queue.c.obj
                0x9000a314                xQueueReceive
 .text.xQueueReceiveFromISR
                0x9000a472       0xa8 CMakeFiles/STM32H750XBH6_7_Cache_test.elf.dir/Middlewares/Third_Party/FreeRTOS/Source/queue.c.obj
                0x9000a472                xQueueReceiveFromISR
 *fill*         0x9000a51a        0x2 
 .text.prvResetNextTaskUnblockTime
                0x9000a51c       0x2c CMakeFiles/STM32H750XBH6_7_Cache_test.elf.dir/Middlewares/Third_Party/FreeRTOS/Source/tasks.c.obj
 .text.prvInitialiseNewTask
                0x9000a548       0xfe CMakeFiles/STM32H750XBH6_7_Cache_test.elf.dir/Middlewares/Third_Party/FreeRTOS/Source/tasks.c.obj
 *fill*         0x9000a646        0x2 
 .text.prvInitialiseTaskLists
                0x9000a648       0x68 CMakeFiles/STM32H750XBH6_7_Cache_test.elf.dir/Middlewares/Third_Party/FreeRTOS/Source/tasks.c.obj
 .text.prvAddNewTaskToReadyList
                0x9000a6b0       0xa8 CMakeFiles/STM32H750XBH6_7_Cache_test.elf.dir/Middlewares/Third_Party/FreeRTOS/Source/tasks.c.obj
 .text.prvDeleteTCB
                0x9000a758       0x40 CMakeFiles/STM32H750XBH6_7_Cache_test.elf.dir/Middlewares/Third_Party/FreeRTOS/Source/tasks.c.obj
 .text.prvCheckTasksWaitingTermination
                0x9000a798       0x4c CMakeFiles/STM32H750XBH6_7_Cache_test.elf.dir/Middlewares/Third_Party/FreeRTOS/Source/tasks.c.obj
 .text.prvIdleTask
                0x9000a7e4       0x28 CMakeFiles/STM32H750XBH6_7_Cache_test.elf.dir/Middlewares/Third_Party/FreeRTOS/Source/tasks.c.obj
 .text.prvAddCurrentTaskToDelayedList
                0x9000a80c       0xa0 CMakeFiles/STM32H750XBH6_7_Cache_test.elf.dir/Middlewares/Third_Party/FreeRTOS/Source/tasks.c.obj
 .text.xTaskCreateStatic
                0x9000a8ac       0x7a CMakeFiles/STM32H750XBH6_7_Cache_test.elf.dir/Middlewares/Third_Party/FreeRTOS/Source/tasks.c.obj
                0x9000a8ac                xTaskCreateStatic
 .text.xTaskCreate
                0x9000a926       0x6a CMakeFiles/STM32H750XBH6_7_Cache_test.elf.dir/Middlewares/Third_Party/FreeRTOS/Source/tasks.c.obj
                0x9000a926                xTaskCreate
 .text.vTaskStartScheduler
                0x9000a990       0x84 CMakeFiles/STM32H750XBH6_7_Cache_test.elf.dir/Middlewares/Third_Party/FreeRTOS/Source/tasks.c.obj
                0x9000a990                vTaskStartScheduler
 .text.vTaskSuspendAll
                0x9000aa14       0x10 CMakeFiles/STM32H750XBH6_7_Cache_test.elf.dir/Middlewares/Third_Party/FreeRTOS/Source/tasks.c.obj
                0x9000aa14                vTaskSuspendAll
 .text.xTaskGetTickCount
                0x9000aa24        0xc CMakeFiles/STM32H750XBH6_7_Cache_test.elf.dir/Middlewares/Third_Party/FreeRTOS/Source/tasks.c.obj
                0x9000aa24                xTaskGetTickCount
 .text.xTaskGetTickCountFromISR
                0x9000aa30       0x10 CMakeFiles/STM32H750XBH6_7_Cache_test.elf.dir/Middlewares/Third_Party/FreeRTOS/Source/tasks.c.obj
                0x9000aa30                xTaskGetTickCountFromISR
 .text.xTaskIncrementTick
                0x9000aa40      0x118 CMakeFiles/STM32H750XBH6_7_Cache_test.elf.dir/Middlewares/Third_Party/FreeRTOS/Source/tasks.c.obj
                0x9000aa40                xTaskIncrementTick
 .text.xTaskResumeAll
                0x9000ab58       0xf8 CMakeFiles/STM32H750XBH6_7_Cache_test.elf.dir/Middlewares/Third_Party/FreeRTOS/Source/tasks.c.obj
                0x9000ab58                xTaskResumeAll
 .text.vTaskDelay
                0x9000ac50       0x4c CMakeFiles/STM32H750XBH6_7_Cache_test.elf.dir/Middlewares/Third_Party/FreeRTOS/Source/tasks.c.obj
                0x9000ac50                vTaskDelay
 .text.vTaskSwitchContext
                0x9000ac9c       0xa4 CMakeFiles/STM32H750XBH6_7_Cache_test.elf.dir/Middlewares/Third_Party/FreeRTOS/Source/tasks.c.obj
                0x9000ac9c                vTaskSwitchContext
 .text.vTaskPlaceOnEventList
                0x9000ad40       0x30 CMakeFiles/STM32H750XBH6_7_Cache_test.elf.dir/Middlewares/Third_Party/FreeRTOS/Source/tasks.c.obj
                0x9000ad40                vTaskPlaceOnEventList
 .text.xTaskRemoveFromEventList
                0x9000ad70       0x8c CMakeFiles/STM32H750XBH6_7_Cache_test.elf.dir/Middlewares/Third_Party/FreeRTOS/Source/tasks.c.obj
                0x9000ad70                xTaskRemoveFromEventList
 .text.vTaskInternalSetTimeOutState
                0x9000adfc       0x18 CMakeFiles/STM32H750XBH6_7_Cache_test.elf.dir/Middlewares/Third_Party/FreeRTOS/Source/tasks.c.obj
                0x9000adfc                vTaskInternalSetTimeOutState
 .text.xTaskCheckForTimeOut
                0x9000ae14       0x84 CMakeFiles/STM32H750XBH6_7_Cache_test.elf.dir/Middlewares/Third_Party/FreeRTOS/Source/tasks.c.obj
                0x9000ae14                xTaskCheckForTimeOut
 .text.vTaskMissedYield
                0x9000ae98        0xc CMakeFiles/STM32H750XBH6_7_Cache_test.elf.dir/Middlewares/Third_Party/FreeRTOS/Source/tasks.c.obj
                0x9000ae98                vTaskMissedYield
 .text.xTaskGetSchedulerState
                0x9000aea4       0x20 CMakeFiles/STM32H750XBH6_7_Cache_test.elf.dir/Middlewares/Third_Party/FreeRTOS/Source/tasks.c.obj
                0x9000aea4                xTaskGetSchedulerState
 .text.xTaskPriorityDisinherit
                0x9000aec4       0xb4 CMakeFiles/STM32H750XBH6_7_Cache_test.elf.dir/Middlewares/Third_Party/FreeRTOS/Source/tasks.c.obj
                0x9000aec4                xTaskPriorityDisinherit
 .text.i2c_Delay
                0x9000af78        0xa CMakeFiles/STM32H750XBH6_7_Cache_test.elf.dir/User/I2C_User/user_i2c_gpio.c.obj
 *fill*         0x9000af82        0x2 
 .text.i2c_Start
                0x9000af84       0x2c CMakeFiles/STM32H750XBH6_7_Cache_test.elf.dir/User/I2C_User/user_i2c_gpio.c.obj
                0x9000af84                i2c_Start
 .text.i2c_Stop
                0x9000afb0       0x24 CMakeFiles/STM32H750XBH6_7_Cache_test.elf.dir/User/I2C_User/user_i2c_gpio.c.obj
                0x9000afb0                i2c_Stop
 .text.bsp_InitI2C
                0x9000afd4       0x54 CMakeFiles/STM32H750XBH6_7_Cache_test.elf.dir/User/I2C_User/user_i2c_gpio.c.obj
                0x9000afd4                bsp_InitI2C
 .text.i2c_SendByte
                0x9000b028       0x50 CMakeFiles/STM32H750XBH6_7_Cache_test.elf.dir/User/I2C_User/user_i2c_gpio.c.obj
                0x9000b028                i2c_SendByte
 .text.i2c_ReadByte
                0x9000b078       0x40 CMakeFiles/STM32H750XBH6_7_Cache_test.elf.dir/User/I2C_User/user_i2c_gpio.c.obj
                0x9000b078                i2c_ReadByte
 .text.i2c_WaitAck
                0x9000b0b8       0x38 CMakeFiles/STM32H750XBH6_7_Cache_test.elf.dir/User/I2C_User/user_i2c_gpio.c.obj
                0x9000b0b8                i2c_WaitAck
 .text.i2c_Ack  0x9000b0f0       0x30 CMakeFiles/STM32H750XBH6_7_Cache_test.elf.dir/User/I2C_User/user_i2c_gpio.c.obj
                0x9000b0f0                i2c_Ack
 .text.i2c_CheckDevice
                0x9000b120       0x3c CMakeFiles/STM32H750XBH6_7_Cache_test.elf.dir/User/I2C_User/user_i2c_gpio.c.obj
                0x9000b120                i2c_CheckDevice
 .text.User_I2C_Mem_Read
                0x9000b15c       0x94 CMakeFiles/STM32H750XBH6_7_Cache_test.elf.dir/User/I2C_User/user_i2c_gpio.c.obj
                0x9000b15c                User_I2C_Mem_Read
 .text.User_I2C_Mem_Write
                0x9000b1f0       0x92 CMakeFiles/STM32H750XBH6_7_Cache_test.elf.dir/User/I2C_User/user_i2c_gpio.c.obj
                0x9000b1f0                User_I2C_Mem_Write
 .text.User_delay_us
                0x9000b282       0x2e CMakeFiles/STM32H750XBH6_7_Cache_test.elf.dir/User/Time_User/user_time.c.obj
                0x9000b282                User_delay_us
 .text.Touch_Read_Reg
                0x9000b2b0       0x10 CMakeFiles/STM32H750XBH6_7_Cache_test.elf.dir/User/touch/touch.c.obj
                0x9000b2b0                Touch_Read_Reg
 .text.Touch_Write_Reg
                0x9000b2c0       0x10 CMakeFiles/STM32H750XBH6_7_Cache_test.elf.dir/User/touch/touch.c.obj
                0x9000b2c0                Touch_Write_Reg
 .text.Touch_ReadMaxXY
                0x9000b2d0       0x36 CMakeFiles/STM32H750XBH6_7_Cache_test.elf.dir/User/touch/touch.c.obj
                0x9000b2d0                Touch_ReadMaxXY
 *fill*         0x9000b306        0x2 
 .text.Touch_scan
                0x9000b308       0x90 CMakeFiles/STM32H750XBH6_7_Cache_test.elf.dir/User/touch/touch.c.obj
                0x9000b308                Touch_scan
 .text.Touch_SoftRst
                0x9000b398       0x3a CMakeFiles/STM32H750XBH6_7_Cache_test.elf.dir/User/touch/touch.c.obj
                0x9000b398                Touch_SoftRst
 *fill*         0x9000b3d2        0x2 
 .text.Touch_Init
                0x9000b3d4      0x13c CMakeFiles/STM32H750XBH6_7_Cache_test.elf.dir/User/touch/touch.c.obj
                0x9000b3d4                Touch_Init
 .text.__errno  0x9000b510        0xc d:/gcc-arm-none-eabi-10.3-2021.10/bin/../lib/gcc/arm-none-eabi/10.3.1/../../../../arm-none-eabi/lib/thumb/v7e-m+fp/hard\libg.a(lib_a-errno.o)
                0x9000b510                __errno
 .text.__libc_init_array
                0x9000b51c       0x48 d:/gcc-arm-none-eabi-10.3-2021.10/bin/../lib/gcc/arm-none-eabi/10.3.1/../../../../arm-none-eabi/lib/thumb/v7e-m+fp/hard\libg.a(lib_a-init.o)
                0x9000b51c                __libc_init_array
 .text.memset   0x9000b564       0xa4 d:/gcc-arm-none-eabi-10.3-2021.10/bin/../lib/gcc/arm-none-eabi/10.3.1/../../../../arm-none-eabi/lib/thumb/v7e-m+fp/hard\libg.a(lib_a-memset.o)
                0x9000b564                memset
 .text.printf   0x9000b608       0x28 d:/gcc-arm-none-eabi-10.3-2021.10/bin/../lib/gcc/arm-none-eabi/10.3.1/../../../../arm-none-eabi/lib/thumb/v7e-m+fp/hard\libg.a(lib_a-printf.o)
                0x9000b608                printf
 .text._puts_r  0x9000b630       0x9c d:/gcc-arm-none-eabi-10.3-2021.10/bin/../lib/gcc/arm-none-eabi/10.3.1/../../../../arm-none-eabi/lib/thumb/v7e-m+fp/hard\libg.a(lib_a-puts.o)
                0x9000b630                _puts_r
 .text.puts     0x9000b6cc       0x10 d:/gcc-arm-none-eabi-10.3-2021.10/bin/../lib/gcc/arm-none-eabi/10.3.1/../../../../arm-none-eabi/lib/thumb/v7e-m+fp/hard\libg.a(lib_a-puts.o)
                0x9000b6cc                puts
 .text.cleanup_glue
                0x9000b6dc       0x48 d:/gcc-arm-none-eabi-10.3-2021.10/bin/../lib/gcc/arm-none-eabi/10.3.1/../../../../arm-none-eabi/lib/thumb/v7e-m+fp/hard\libg.a(lib_a-reent.o)
                0x9000b6dc                cleanup_glue
 .text._reclaim_reent
                0x9000b724       0x90 d:/gcc-arm-none-eabi-10.3-2021.10/bin/../lib/gcc/arm-none-eabi/10.3.1/../../../../arm-none-eabi/lib/thumb/v7e-m+fp/hard\libg.a(lib_a-reent.o)
                0x9000b724                _reclaim_reent
 *fill*         0x9000b7b4        0x4 
 .text._vfprintf_r
                0x9000b7b8     0x1b90 d:/gcc-arm-none-eabi-10.3-2021.10/bin/../lib/gcc/arm-none-eabi/10.3.1/../../../../arm-none-eabi/lib/thumb/v7e-m+fp/hard\libg.a(lib_a-vfprintf.o)
                0x9000b7b8                _vfprintf_r
 .text.__sbprintf
                0x9000d348       0x80 d:/gcc-arm-none-eabi-10.3-2021.10/bin/../lib/gcc/arm-none-eabi/10.3.1/../../../../arm-none-eabi/lib/thumb/v7e-m+fp/hard\libg.a(lib_a-vfprintf.o)
 .text.__swsetup_r
                0x9000d3c8       0xd4 d:/gcc-arm-none-eabi-10.3-2021.10/bin/../lib/gcc/arm-none-eabi/10.3.1/../../../../arm-none-eabi/lib/thumb/v7e-m+fp/hard\libg.a(lib_a-wsetup.o)
                0x9000d3c8                __swsetup_r
 .text.startup.register_fini
                0x9000d49c       0x14 d:/gcc-arm-none-eabi-10.3-2021.10/bin/../lib/gcc/arm-none-eabi/10.3.1/../../../../arm-none-eabi/lib/thumb/v7e-m+fp/hard\libg.a(lib_a-__call_atexit.o)
 .text.atexit   0x9000d4b0        0xc d:/gcc-arm-none-eabi-10.3-2021.10/bin/../lib/gcc/arm-none-eabi/10.3.1/../../../../arm-none-eabi/lib/thumb/v7e-m+fp/hard\libg.a(lib_a-atexit.o)
                0x9000d4b0                atexit
 .text.quorem   0x9000d4bc      0x128 d:/gcc-arm-none-eabi-10.3-2021.10/bin/../lib/gcc/arm-none-eabi/10.3.1/../../../../arm-none-eabi/lib/thumb/v7e-m+fp/hard\libg.a(lib_a-dtoa.o)
 *fill*         0x9000d5e4        0x4 
 .text._dtoa_r  0x9000d5e8      0xf3c d:/gcc-arm-none-eabi-10.3-2021.10/bin/../lib/gcc/arm-none-eabi/10.3.1/../../../../arm-none-eabi/lib/thumb/v7e-m+fp/hard\libg.a(lib_a-dtoa.o)
                0x9000d5e8                _dtoa_r
 .text.__sflush_r
                0x9000e524      0x130 d:/gcc-arm-none-eabi-10.3-2021.10/bin/../lib/gcc/arm-none-eabi/10.3.1/../../../../arm-none-eabi/lib/thumb/v7e-m+fp/hard\libg.a(lib_a-fflush.o)
                0x9000e524                __sflush_r
 .text._fflush_r
                0x9000e654       0x5c d:/gcc-arm-none-eabi-10.3-2021.10/bin/../lib/gcc/arm-none-eabi/10.3.1/../../../../arm-none-eabi/lib/thumb/v7e-m+fp/hard\libg.a(lib_a-fflush.o)
                0x9000e654                _fflush_r
 .text._cleanup_r
                0x9000e6b0        0xc d:/gcc-arm-none-eabi-10.3-2021.10/bin/../lib/gcc/arm-none-eabi/10.3.1/../../../../arm-none-eabi/lib/thumb/v7e-m+fp/hard\libg.a(lib_a-findfp.o)
                0x9000e6b0                _cleanup_r
 .text.__sinit  0x9000e6bc      0x10c d:/gcc-arm-none-eabi-10.3-2021.10/bin/../lib/gcc/arm-none-eabi/10.3.1/../../../../arm-none-eabi/lib/thumb/v7e-m+fp/hard\libg.a(lib_a-findfp.o)
                0x9000e6bc                __sinit
 .text.__sfp_lock_acquire
                0x9000e7c8        0xc d:/gcc-arm-none-eabi-10.3-2021.10/bin/../lib/gcc/arm-none-eabi/10.3.1/../../../../arm-none-eabi/lib/thumb/v7e-m+fp/hard\libg.a(lib_a-findfp.o)
                0x9000e7c8                __sfp_lock_acquire
 .text.__sfp_lock_release
                0x9000e7d4        0xc d:/gcc-arm-none-eabi-10.3-2021.10/bin/../lib/gcc/arm-none-eabi/10.3.1/../../../../arm-none-eabi/lib/thumb/v7e-m+fp/hard\libg.a(lib_a-findfp.o)
                0x9000e7d4                __sfp_lock_release
 .text.__libc_fini_array
                0x9000e7e0       0x2c d:/gcc-arm-none-eabi-10.3-2021.10/bin/../lib/gcc/arm-none-eabi/10.3.1/../../../../arm-none-eabi/lib/thumb/v7e-m+fp/hard\libg.a(lib_a-fini.o)
                0x9000e7e0                __libc_fini_array
 .text._malloc_trim_r
                0x9000e80c       0xa0 d:/gcc-arm-none-eabi-10.3-2021.10/bin/../lib/gcc/arm-none-eabi/10.3.1/../../../../arm-none-eabi/lib/thumb/v7e-m+fp/hard\libg.a(lib_a-freer.o)
                0x9000e80c                _malloc_trim_r
 .text._free_r  0x9000e8ac      0x20c d:/gcc-arm-none-eabi-10.3-2021.10/bin/../lib/gcc/arm-none-eabi/10.3.1/../../../../arm-none-eabi/lib/thumb/v7e-m+fp/hard\libg.a(lib_a-freer.o)
                0x9000e8ac                _free_r
 .text.__sfvwrite_r
                0x9000eab8      0x2f0 d:/gcc-arm-none-eabi-10.3-2021.10/bin/../lib/gcc/arm-none-eabi/10.3.1/../../../../arm-none-eabi/lib/thumb/v7e-m+fp/hard\libg.a(lib_a-fvwrite.o)
                0x9000eab8                __sfvwrite_r
 .text._fwalk_reent
                0x9000eda8       0x48 d:/gcc-arm-none-eabi-10.3-2021.10/bin/../lib/gcc/arm-none-eabi/10.3.1/../../../../arm-none-eabi/lib/thumb/v7e-m+fp/hard\libg.a(lib_a-fwalk.o)
                0x9000eda8                _fwalk_reent
 .text._localeconv_r
                0x9000edf0        0x8 d:/gcc-arm-none-eabi-10.3-2021.10/bin/../lib/gcc/arm-none-eabi/10.3.1/../../../../arm-none-eabi/lib/thumb/v7e-m+fp/hard\libg.a(lib_a-localeconv.o)
                0x9000edf0                _localeconv_r
 .text.__retarget_lock_init_recursive
                0x9000edf8        0x4 d:/gcc-arm-none-eabi-10.3-2021.10/bin/../lib/gcc/arm-none-eabi/10.3.1/../../../../arm-none-eabi/lib/thumb/v7e-m+fp/hard\libg.a(lib_a-lock.o)
                0x9000edf8                __retarget_lock_init_recursive
 .text.__retarget_lock_close_recursive
                0x9000edfc        0x4 d:/gcc-arm-none-eabi-10.3-2021.10/bin/../lib/gcc/arm-none-eabi/10.3.1/../../../../arm-none-eabi/lib/thumb/v7e-m+fp/hard\libg.a(lib_a-lock.o)
                0x9000edfc                __retarget_lock_close_recursive
 .text.__retarget_lock_acquire_recursive
                0x9000ee00        0x4 d:/gcc-arm-none-eabi-10.3-2021.10/bin/../lib/gcc/arm-none-eabi/10.3.1/../../../../arm-none-eabi/lib/thumb/v7e-m+fp/hard\libg.a(lib_a-lock.o)
                0x9000ee00                __retarget_lock_acquire_recursive
 .text.__retarget_lock_release_recursive
                0x9000ee04        0x4 d:/gcc-arm-none-eabi-10.3-2021.10/bin/../lib/gcc/arm-none-eabi/10.3.1/../../../../arm-none-eabi/lib/thumb/v7e-m+fp/hard\libg.a(lib_a-lock.o)
                0x9000ee04                __retarget_lock_release_recursive
 .text.__smakebuf_r